Archive member included to satisfy reference by file (symbol)

c:/ti/ccsv7/tools/compiler/msp430-gcc-6.2.1.16_win32/bin/../lib/gcc/msp430-elf/6.2.1/large\libgcc.a(_addsub_sf.o)
                              ./src/fann.o (__mspabi_addf)
c:/ti/ccsv7/tools/compiler/msp430-gcc-6.2.1.16_win32/bin/../lib/gcc/msp430-elf/6.2.1/large\libgcc.a(_mul_sf.o)
                              ./src/fann_train.o (__mspabi_mpyf)
c:/ti/ccsv7/tools/compiler/msp430-gcc-6.2.1.16_win32/bin/../lib/gcc/msp430-elf/6.2.1/large\libgcc.a(_div_sf.o)
                              ./main.o (__mspabi_divf)
c:/ti/ccsv7/tools/compiler/msp430-gcc-6.2.1.16_win32/bin/../lib/gcc/msp430-elf/6.2.1/large\libgcc.a(_ge_sf.o)
                              ./src/fann.o (__gesf2)
c:/ti/ccsv7/tools/compiler/msp430-gcc-6.2.1.16_win32/bin/../lib/gcc/msp430-elf/6.2.1/large\libgcc.a(_si_to_sf.o)
                              ./main.o (__mspabi_fltlif)
c:/ti/ccsv7/tools/compiler/msp430-gcc-6.2.1.16_win32/bin/../lib/gcc/msp430-elf/6.2.1/large\libgcc.a(_sf_to_df.o)
                              ./main.o (__mspabi_cvtfd)
c:/ti/ccsv7/tools/compiler/msp430-gcc-6.2.1.16_win32/bin/../lib/gcc/msp430-elf/6.2.1/large\libgcc.a(_thenan_sf.o)
                              c:/ti/ccsv7/tools/compiler/msp430-gcc-6.2.1.16_win32/bin/../lib/gcc/msp430-elf/6.2.1/large\libgcc.a(_addsub_sf.o) (__thenan_sf)
c:/ti/ccsv7/tools/compiler/msp430-gcc-6.2.1.16_win32/bin/../lib/gcc/msp430-elf/6.2.1/large\libgcc.a(_usi_to_sf.o)
                              ./main.o (__mspabi_fltulf)
c:/ti/ccsv7/tools/compiler/msp430-gcc-6.2.1.16_win32/bin/../lib/gcc/msp430-elf/6.2.1/large\libgcc.a(_addsub_df.o)
                              ./src/fann.o (__mspabi_addd)
c:/ti/ccsv7/tools/compiler/msp430-gcc-6.2.1.16_win32/bin/../lib/gcc/msp430-elf/6.2.1/large\libgcc.a(_mul_df.o)
                              ./src/fann.o (__mspabi_mpyd)
c:/ti/ccsv7/tools/compiler/msp430-gcc-6.2.1.16_win32/bin/../lib/gcc/msp430-elf/6.2.1/large\libgcc.a(_div_df.o)
                              ./src/fann.o (__mspabi_divd)
c:/ti/ccsv7/tools/compiler/msp430-gcc-6.2.1.16_win32/bin/../lib/gcc/msp430-elf/6.2.1/large\libgcc.a(_gt_df.o)
                              ./main.o (__gtdf2)
c:/ti/ccsv7/tools/compiler/msp430-gcc-6.2.1.16_win32/bin/../lib/gcc/msp430-elf/6.2.1/large\libgcc.a(_df_to_si.o)
                              ./src/fann.o (__mspabi_fixdli)
c:/ti/ccsv7/tools/compiler/msp430-gcc-6.2.1.16_win32/bin/../lib/gcc/msp430-elf/6.2.1/large\libgcc.a(_make_df.o)
                              c:/ti/ccsv7/tools/compiler/msp430-gcc-6.2.1.16_win32/bin/../lib/gcc/msp430-elf/6.2.1/large\libgcc.a(_sf_to_df.o) (__make_dp)
c:/ti/ccsv7/tools/compiler/msp430-gcc-6.2.1.16_win32/bin/../lib/gcc/msp430-elf/6.2.1/large\libgcc.a(_thenan_df.o)
                              c:/ti/ccsv7/tools/compiler/msp430-gcc-6.2.1.16_win32/bin/../lib/gcc/msp430-elf/6.2.1/large\libgcc.a(_addsub_df.o) (__thenan_df)
c:/ti/ccsv7/tools/compiler/msp430-gcc-6.2.1.16_win32/bin/../lib/gcc/msp430-elf/6.2.1/large\libgcc.a(_usi_to_df.o)
                              ./src/fann.o (__mspabi_fltuld)
c:/ti/ccsv7/tools/compiler/msp430-gcc-6.2.1.16_win32/bin/../lib/gcc/msp430-elf/6.2.1/large\libgcc.a(lib2divHI.o)
                              ./src/fann.o (__mspabi_divi)
c:/ti/ccsv7/tools/compiler/msp430-gcc-6.2.1.16_win32/bin/../lib/gcc/msp430-elf/6.2.1/large\libgcc.a(slli.o)
                              ./src/fann_train.o (__mspabi_slli)
c:/ti/ccsv7/tools/compiler/msp430-gcc-6.2.1.16_win32/bin/../lib/gcc/msp430-elf/6.2.1/large\libgcc.a(srai.o)
                              ./src/fann.o (__mspabi_srai)
c:/ti/ccsv7/tools/compiler/msp430-gcc-6.2.1.16_win32/bin/../lib/gcc/msp430-elf/6.2.1/large\libgcc.a(srli.o)
                              c:/ti/ccsv7/tools/compiler/msp430-gcc-6.2.1.16_win32/bin/../lib/gcc/msp430-elf/6.2.1/large\libgcc.a(_addsub_sf.o) (__mspabi_srll)
c:/ti/ccsv7/tools/compiler/msp430-gcc-6.2.1.16_win32/bin/../lib/gcc/msp430-elf/6.2.1/large\libgcc.a(_muldi3.o)
                              c:/ti/ccsv7/tools/compiler/msp430-gcc-6.2.1.16_win32/bin/../lib/gcc/msp430-elf/6.2.1/large\libgcc.a(_mul_sf.o) (__mspabi_mpyll)
c:/ti/ccsv7/tools/compiler/msp430-gcc-6.2.1.16_win32/bin/../lib/gcc/msp430-elf/6.2.1/large\libgcc.a(_lshrdi3.o)
                              c:/ti/ccsv7/tools/compiler/msp430-gcc-6.2.1.16_win32/bin/../lib/gcc/msp430-elf/6.2.1/large\libgcc.a(_mul_sf.o) (__lshrdi3)
c:/ti/ccsv7/tools/compiler/msp430-gcc-6.2.1.16_win32/bin/../lib/gcc/msp430-elf/6.2.1/large\libgcc.a(_ashldi3.o)
                              c:/ti/ccsv7/tools/compiler/msp430-gcc-6.2.1.16_win32/bin/../lib/gcc/msp430-elf/6.2.1/large\libgcc.a(_sf_to_df.o) (__ashldi3)
c:/ti/ccsv7/tools/compiler/msp430-gcc-6.2.1.16_win32/bin/../lib/gcc/msp430-elf/6.2.1/large\libgcc.a(_clzsi2.o)
                              c:/ti/ccsv7/tools/compiler/msp430-gcc-6.2.1.16_win32/bin/../lib/gcc/msp430-elf/6.2.1/large\libgcc.a(_si_to_sf.o) (__clzsi2)
[...]
Memory Configuration

Name             Origin             Length             Attributes
TINYRAM          0x0000000a         0x00000016
BSL              0x00001000         0x00000800
RAM              0x00001c00         0x00001000
LEARAM           0x00002c00         0x00000ec8
LEASTACK         0x00003ac8         0x00000138
INFOMEM          0x00001800         0x00000200
INFOD            0x00001800         0x00000080
INFOC            0x00001880         0x00000080
INFOB            0x00001900         0x00000080
INFOA            0x00001980         0x00000080
ROM              0x00004000         0x0000bf80         xr
HIFRAM           0x00010000         0x00033fff         xrw
JTAGSIGNATURE    0x0000ff80         0x00000004
BSLSIGNATURE     0x0000ff84         0x00000004
IPESIGNATURE     0x0000ff88         0x00000008
VECT0            0x0000ff90         0x00000002
VECT1            0x0000ff92         0x00000002
VECT2            0x0000ff94         0x00000002
VECT3            0x0000ff96         0x00000002
VECT4            0x0000ff98         0x00000002
VECT5            0x0000ff9a         0x00000002
VECT6            0x0000ff9c         0x00000002
VECT7            0x0000ff9e         0x00000002
VECT8            0x0000ffa0         0x00000002
VECT9            0x0000ffa2         0x00000002
VECT10           0x0000ffa4         0x00000002
VECT11           0x0000ffa6         0x00000002
VECT12           0x0000ffa8         0x00000002
VECT13           0x0000ffaa         0x00000002
VECT14           0x0000ffac         0x00000002
VECT15           0x0000ffae         0x00000002
VECT16           0x0000ffb0         0x00000002
VECT17           0x0000ffb2         0x00000002
VECT18           0x0000ffb4         0x00000002
VECT19           0x0000ffb6         0x00000002
VECT20           0x0000ffb8         0x00000002
VECT21           0x0000ffba         0x00000002
VECT22           0x0000ffbc         0x00000002
VECT23           0x0000ffbe         0x00000002
VECT24           0x0000ffc0         0x00000002
VECT25           0x0000ffc2         0x00000002
VECT26           0x0000ffc4         0x00000002
VECT27           0x0000ffc6         0x00000002
VECT28           0x0000ffc8         0x00000002
VECT29           0x0000ffca         0x00000002
VECT30           0x0000ffcc         0x00000002
VECT31           0x0000ffce         0x00000002
VECT32           0x0000ffd0         0x00000002
VECT33           0x0000ffd2         0x00000002
VECT34           0x0000ffd4         0x00000002
VECT35           0x0000ffd6         0x00000002
VECT36           0x0000ffd8         0x00000002
VECT37           0x0000ffda         0x00000002
VECT38           0x0000ffdc         0x00000002
VECT39           0x0000ffde         0x00000002
VECT40           0x0000ffe0         0x00000002
VECT41           0x0000ffe2         0x00000002
VECT42           0x0000ffe4         0x00000002
VECT43           0x0000ffe6         0x00000002
VECT44           0x0000ffe8         0x00000002
VECT45           0x0000ffea         0x00000002
VECT46           0x0000ffec         0x00000002
VECT47           0x0000ffee         0x00000002
VECT48           0x0000fff0         0x00000002
VECT49           0x0000fff2         0x00000002
VECT50           0x0000fff4         0x00000002
VECT51           0x0000fff6         0x00000002
VECT52           0x0000fff8         0x00000002
VECT53           0x0000fffa         0x00000002
VECT54           0x0000fffc         0x00000002
RESETVEC         0x0000fffe         0x00000002
*default*        0x00000000         0xffffffff

Linker script and memory map

LOAD c:/ti/ccsv7/tools/compiler/msp430-gcc-6.2.1.16_win32/bin/../lib/gcc/msp430-elf/6.2.1/../../../../msp430-elf/lib/large/crt0.o
LOAD c:/ti/ccsv7/tools/compiler/msp430-gcc-6.2.1.16_win32/bin/../lib/gcc/msp430-elf/6.2.1/large/crtbegin.o
LOAD ./main.o
LOAD ./src/fann.o
LOAD ./src/fann_error.o
LOAD ./src/fann_io.o
LOAD ./src/fann_train.o
LOAD ./src/fann_train_data.o
START GROUP
LOAD c:/ti/ccsv7/tools/compiler/msp430-gcc-6.2.1.16_win32/bin/../lib/gcc/msp430-elf/6.2.1/large\libgcc.a
LOAD c:/ti/ccsv7/tools/compiler/msp430-gcc-6.2.1.16_win32/bin/../lib/gcc/msp430-elf/6.2.1/../../../../msp430-elf/lib/large\libc.a
END GROUP
LOAD c:/ti/ccsv7/tools/compiler/msp430-gcc-6.2.1.16_win32/bin/../lib/gcc/msp430-elf/6.2.1/large\libgcc.a
START GROUP
LOAD c:/ti/ccsv7/tools/compiler/msp430-gcc-6.2.1.16_win32/bin/../lib/gcc/msp430-elf/6.2.1/large\libmul_f5.a
LOAD c:/ti/ccsv7/tools/compiler/msp430-gcc-6.2.1.16_win32/bin/../lib/gcc/msp430-elf/6.2.1/../../../../msp430-elf/lib/large\libc.a
LOAD c:/ti/ccsv7/tools/compiler/msp430-gcc-6.2.1.16_win32/bin/../lib/gcc/msp430-elf/6.2.1/large\libgcc.a
LOAD c:/ti/ccsv7/tools/compiler/msp430-gcc-6.2.1.16_win32/bin/../lib/gcc/msp430-elf/6.2.1/../../../../msp430-elf/lib/large\libcrt.a
LOAD c:/ti/ccsv7/tools/compiler/msp430-gcc-6.2.1.16_win32/bin/../lib/gcc/msp430-elf/6.2.1/../../../../msp430-elf/lib/large\libnosys.a
END GROUP
LOAD c:/ti/ccsv7/tools/compiler/msp430-gcc-6.2.1.16_win32/bin/../lib/gcc/msp430-elf/6.2.1/large\libgcc.a
LOAD c:/ti/ccsv7/tools/compiler/msp430-gcc-6.2.1.16_win32/bin/../lib/gcc/msp430-elf/6.2.1/large/crtend.o
LOAD c:/ti/ccsv7/tools/compiler/msp430-gcc-6.2.1.16_win32/bin/../lib/gcc/msp430-elf/6.2.1/../../../../msp430-elf/lib/large/crtn.o
LOAD c:/ti/ccsv7/tools/compiler/msp430-gcc-6.2.1.16_win32/bin/../lib/gcc/msp430-elf/6.2.1/large\libgcc.a

.leaRAM

.jtagsignature

.bslsignature

.ipe
 *(.ipesignature)
 *(.jtagpassword)

__interrupt_vector_0
 *(__interrupt_vector_0)

__interrupt_vector_1
 *(__interrupt_vector_1)

__interrupt_vector_2
 *(__interrupt_vector_2)

__interrupt_vector_3
 *(__interrupt_vector_3)

__interrupt_vector_4
 *(__interrupt_vector_4)

__interrupt_vector_5
 *(__interrupt_vector_5)

__interrupt_vector_6
 *(__interrupt_vector_6)

__interrupt_vector_7
 *(__interrupt_vector_7)

__interrupt_vector_8
 *(__interrupt_vector_8)

__interrupt_vector_9
 *(__interrupt_vector_9)

__interrupt_vector_10
 *(__interrupt_vector_10)

__interrupt_vector_11
 *(__interrupt_vector_11)

__interrupt_vector_12
 *(__interrupt_vector_12)

__interrupt_vector_13
 *(__interrupt_vector_13)

__interrupt_vector_14
 *(__interrupt_vector_14)

__interrupt_vector_15
 *(__interrupt_vector_15)

__interrupt_vector_16
 *(__interrupt_vector_16)

__interrupt_vector_17
 *(__interrupt_vector_17)

__interrupt_vector_18
 *(__interrupt_vector_18)
 *(__interrupt_vector_lea)

__interrupt_vector_19
 *(__interrupt_vector_19)
 *(__interrupt_vector_port8)

__interrupt_vector_20
 *(__interrupt_vector_20)
 *(__interrupt_vector_port7)

__interrupt_vector_21
 *(__interrupt_vector_21)
 *(__interrupt_vector_eusci_b3)

__interrupt_vector_22
 *(__interrupt_vector_22)
 *(__interrupt_vector_eusci_b2)

__interrupt_vector_23
 *(__interrupt_vector_23)
 *(__interrupt_vector_eusci_b1)

__interrupt_vector_24
 *(__interrupt_vector_24)
 *(__interrupt_vector_eusci_a3)

__interrupt_vector_25
 *(__interrupt_vector_25)
 *(__interrupt_vector_eusci_a2)

__interrupt_vector_26
 *(__interrupt_vector_26)
 *(__interrupt_vector_port6)

__interrupt_vector_27
 *(__interrupt_vector_27)
 *(__interrupt_vector_port5)

__interrupt_vector_28
 *(__interrupt_vector_28)
 *(__interrupt_vector_timer4_a1)

__interrupt_vector_29
 *(__interrupt_vector_29)
 *(__interrupt_vector_timer4_a0)

__interrupt_vector_30
 *(__interrupt_vector_30)
 *(__interrupt_vector_aes256)

__interrupt_vector_31
 *(__interrupt_vector_31)
 *(__interrupt_vector_rtc_c)

__interrupt_vector_32
 *(__interrupt_vector_32)
 *(__interrupt_vector_port4)

__interrupt_vector_33
 *(__interrupt_vector_33)
 *(__interrupt_vector_port3)

__interrupt_vector_34
 *(__interrupt_vector_34)
 *(__interrupt_vector_timer3_a1)

__interrupt_vector_35
 *(__interrupt_vector_35)
 *(__interrupt_vector_timer3_a0)

__interrupt_vector_36
 *(__interrupt_vector_36)
 *(__interrupt_vector_port2)

__interrupt_vector_37
 *(__interrupt_vector_37)
 *(__interrupt_vector_timer2_a1)

__interrupt_vector_38
 *(__interrupt_vector_38)
 *(__interrupt_vector_timer2_a0)

__interrupt_vector_39
 *(__interrupt_vector_39)
 *(__interrupt_vector_port1)

__interrupt_vector_40
 *(__interrupt_vector_40)
 *(__interrupt_vector_timer1_a1)

__interrupt_vector_41
 *(__interrupt_vector_41)
 *(__interrupt_vector_timer1_a0)

__interrupt_vector_42
 *(__interrupt_vector_42)
 *(__interrupt_vector_dma)

__interrupt_vector_43
 *(__interrupt_vector_43)
 *(__interrupt_vector_eusci_a1)

__interrupt_vector_44
 *(__interrupt_vector_44)
 *(__interrupt_vector_timer0_a1)

__interrupt_vector_45
 *(__interrupt_vector_45)
 *(__interrupt_vector_timer0_a0)

__interrupt_vector_46
 *(__interrupt_vector_46)
 *(__interrupt_vector_adc12_b)

__interrupt_vector_47
 *(__interrupt_vector_47)
 *(__interrupt_vector_eusci_b0)

__interrupt_vector_48
 *(__interrupt_vector_48)
 *(__interrupt_vector_eusci_a0)

__interrupt_vector_49
 *(__interrupt_vector_49)
 *(__interrupt_vector_wdt)

__interrupt_vector_50
 *(__interrupt_vector_50)
 *(__interrupt_vector_timer0_b1)

__interrupt_vector_51
 *(__interrupt_vector_51)
 *(__interrupt_vector_timer0_b0)

__interrupt_vector_52
 *(__interrupt_vector_52)
 *(__interrupt_vector_comp_e)

__interrupt_vector_53
 *(__interrupt_vector_53)
 *(__interrupt_vector_unmi)

__interrupt_vector_54
 *(__interrupt_vector_54)
 *(__interrupt_vector_sysnmi)

__reset_vector  0x0000fffe        0x2
 *(__interrupt_vector_55)
 *(__interrupt_vector_reset)
 *(.resetvec)
 .resetvec      0x0000fffe        0x2 c:/ti/ccsv7/tools/compiler/msp430-gcc-6.2.1.16_win32/bin/../lib/gcc/msp430-elf/6.2.1/../../../../msp430-elf/lib/large/crt0.o

.lower.rodata   0x00004000        0x0
                0x00004000                . = ALIGN (0x2)
 *(.lower.rodata.* .lower.rodata)

.rodata         0x00004000      0x69f
                0x00004000                . = ALIGN (0x2)
 *(.plt)
 *(.rodata .rodata.* .gnu.linkonce.r.* .const .const:*)
 .rodata        0x00004000       0x5d ./src/fann.o
 .rodata        0x0000405d      0x47d ./src/fann_error.o
 .rodata.__thenan_sf
                0x000044da        0xa c:/ti/ccsv7/tools/compiler/msp430-gcc-6.2.1.16_win32/bin/../lib/gcc/msp430-elf/6.2.1/large\libgcc.a(_thenan_sf.o)
                0x000044da                __thenan_sf
 .rodata.__thenan_df
                0x000044e4        0xe c:/ti/ccsv7/tools/compiler/msp430-gcc-6.2.1.16_win32/bin/../lib/gcc/msp430-elf/6.2.1/large\libgcc.a(_thenan_df.o)
                0x000044e4                __thenan_df
 .rodata.__clz_tab
                0x000044f2      0x100 c:/ti/ccsv7/tools/compiler/msp430-gcc-6.2.1.16_win32/bin/../lib/gcc/msp430-elf/6.2.1/large\libgcc.a(_clz.o)
                0x000044f2                __clz_tab
 .rodata._global_impure_ptr
                0x000045f2        0x4 c:/ti/ccsv7/tools/compiler/msp430-gcc-6.2.1.16_win32/bin/../lib/gcc/msp430-elf/6.2.1/../../../../msp430-elf/lib/large\libc.a(lib_a-impure.o)
                0x000045f2                _global_impure_ptr
 .rodata        0x000045f6        0x2 c:/ti/ccsv7/tools/compiler/msp430-gcc-6.2.1.16_win32/bin/../lib/gcc/msp430-elf/6.2.1/../../../../msp430-elf/lib/large\libc.a(lib_a-impure.o)
 .rodata        0x000045f8       0x11 c:/ti/ccsv7/tools/compiler/msp430-gcc-6.2.1.16_win32/bin/../lib/gcc/msp430-elf/6.2.1/../../../../msp430-elf/lib/large\libc.a(lib_a-nano-vfprintf.o)
 *fill*         0x00004609        0x1 
 .rodata.__sf_fake_stderr
                0x0000460a       0x18 c:/ti/ccsv7/tools/compiler/msp430-gcc-6.2.1.16_win32/bin/../lib/gcc/msp430-elf/6.2.1/../../../../msp430-elf/lib/large\libc.a(lib_a-findfp.o)
                0x0000460a                __sf_fake_stderr
 .rodata.__sf_fake_stdout
                0x00004622       0x18 c:/ti/ccsv7/tools/compiler/msp430-gcc-6.2.1.16_win32/bin/../lib/gcc/msp430-elf/6.2.1/../../../../msp430-elf/lib/large\libc.a(lib_a-findfp.o)
                0x00004622                __sf_fake_stdout
 .rodata.__sf_fake_stdin
                0x0000463a       0x18 c:/ti/ccsv7/tools/compiler/msp430-gcc-6.2.1.16_win32/bin/../lib/gcc/msp430-elf/6.2.1/../../../../msp430-elf/lib/large\libc.a(lib_a-findfp.o)
                0x0000463a                __sf_fake_stdin
 .rodata        0x00004652       0x11 c:/ti/ccsv7/tools/compiler/msp430-gcc-6.2.1.16_win32/bin/../lib/gcc/msp430-elf/6.2.1/../../../../msp430-elf/lib/large\libc.a(lib_a-nano-svfprintf.o)
 .rodata        0x00004663       0x22 c:/ti/ccsv7/tools/compiler/msp430-gcc-6.2.1.16_win32/bin/../lib/gcc/msp430-elf/6.2.1/../../../../msp430-elf/lib/large\libc.a(lib_a-nano-vfprintf_i.o)
 .rodata        0x00004685       0x1a c:/ti/ccsv7/tools/compiler/msp430-gcc-6.2.1.16_win32/bin/../lib/gcc/msp430-elf/6.2.1/../../../../msp430-elf/lib/large\libnosys.a(sbrk.o)
 *(.rodata1)
 *(.gcc_except_table)
 *(.gcc_except_table.*)
                0x0000469f                PROVIDE (__preinit_array_start, .)
 *(.preinit_array)
                0x0000469f                PROVIDE (__preinit_array_end, .)
                0x0000469f                PROVIDE (__init_array_start, .)
 *(SORT(.init_array.*))
 *(.init_array)
                0x0000469f                PROVIDE (__init_array_end, .)
                0x0000469f                PROVIDE (__fini_array_start, .)
 *(.fini_array)
 *(SORT(.fini_array.*))
                0x0000469f                PROVIDE (__fini_array_end, .)

.rodata2        0x000046a0       0x5c
                0x000046a0                . = ALIGN (0x2)
 *(.eh_frame_hdr)
 *(.eh_frame)
 .eh_frame      0x000046a0        0x0 c:/ti/ccsv7/tools/compiler/msp430-gcc-6.2.1.16_win32/bin/../lib/gcc/msp430-elf/6.2.1/large/crtbegin.o
 .eh_frame      0x000046a0       0x48 c:/ti/ccsv7/tools/compiler/msp430-gcc-6.2.1.16_win32/bin/../lib/gcc/msp430-elf/6.2.1/large\libgcc.a(_udivdi3.o)
 .eh_frame      0x000046e8        0x4 c:/ti/ccsv7/tools/compiler/msp430-gcc-6.2.1.16_win32/bin/../lib/gcc/msp430-elf/6.2.1/large/crtend.o
 *crtbegin*.o(.ctors)
 .ctors         0x000046ec        0x4 c:/ti/ccsv7/tools/compiler/msp430-gcc-6.2.1.16_win32/bin/../lib/gcc/msp430-elf/6.2.1/large/crtbegin.o
 *(EXCLUDE_FILE(*crtend*.o) .ctors)
 *(SORT(.ctors.*))
 *(.ctors)
 .ctors         0x000046f0        0x4 c:/ti/ccsv7/tools/compiler/msp430-gcc-6.2.1.16_win32/bin/../lib/gcc/msp430-elf/6.2.1/large/crtend.o
 *crtbegin*.o(.dtors)
 .dtors         0x000046f4        0x4 c:/ti/ccsv7/tools/compiler/msp430-gcc-6.2.1.16_win32/bin/../lib/gcc/msp430-elf/6.2.1/large/crtbegin.o
 *(EXCLUDE_FILE(*crtend*.o) .dtors)
 *(SORT(.dtors.*))
 *(.dtors)
 .dtors         0x000046f8        0x4 c:/ti/ccsv7/tools/compiler/msp430-gcc-6.2.1.16_win32/bin/../lib/gcc/msp430-elf/6.2.1/large/crtend.o
                0x000046f8                __DTOR_END__

.persistent     0x000046fc        0x0
                0x000046fc                . = ALIGN (0x2)
                [!provide]                PROVIDE (__persistent_start, .)
 *(.persistent)
                0x000046fc                . = ALIGN (0x2)
                [!provide]                PROVIDE (__persistent_end, .)

.upper.rodata
 *(.upper.rodata.* .upper.rodata)

.lower.data     0x00001c00        0x0 load address 0x000046fc
                0x00001c00                . = ALIGN (0x2)
                0x00001c00                PROVIDE (__datastart, .)
 *(.lower.data.* .lower.data)

.data           0x00001c00      0x21a load address 0x000046fc
                0x00001c00                . = ALIGN (0x2)
                [!provide]                PROVIDE (__datastart, .)
 *(.jcr)
 .jcr           0x00001c00        0x0 c:/ti/ccsv7/tools/compiler/msp430-gcc-6.2.1.16_win32/bin/../lib/gcc/msp430-elf/6.2.1/large/crtbegin.o
 .jcr           0x00001c00        0x4 c:/ti/ccsv7/tools/compiler/msp430-gcc-6.2.1.16_win32/bin/../lib/gcc/msp430-elf/6.2.1/large/crtend.o
 *(.data.rel.ro.local)
 *(.data.rel.ro*)
 *(.dynamic)
 *(.data .data.* .gnu.linkonce.d.*)
 .data          0x00001c04        0x4 ./src/fann_error.o
                0x00001c04                fann_default_error_log
 .data          0x00001c08       0xa8 ./src/fann_io.o
 .data          0x00001cb0       0x10 ./src/fann_train_data.o
 .data._impure_ptr
                0x00001cc0        0x4 c:/ti/ccsv7/tools/compiler/msp430-gcc-6.2.1.16_win32/bin/../lib/gcc/msp430-elf/6.2.1/../../../../msp430-elf/lib/large\libc.a(lib_a-impure.o)
                0x00001cc0                _impure_ptr
 .data.impure_data
                0x00001cc4       0xe0 c:/ti/ccsv7/tools/compiler/msp430-gcc-6.2.1.16_win32/bin/../lib/gcc/msp430-elf/6.2.1/../../../../msp430-elf/lib/large\libc.a(lib_a-impure.o)
 .data.lc_ctype_charset
                0x00001da4       0x20 c:/ti/ccsv7/tools/compiler/msp430-gcc-6.2.1.16_win32/bin/../lib/gcc/msp430-elf/6.2.1/../../../../msp430-elf/lib/large\libc.a(lib_a-locale.o)
 .data.__mb_cur_max
                0x00001dc4        0x2 c:/ti/ccsv7/tools/compiler/msp430-gcc-6.2.1.16_win32/bin/../lib/gcc/msp430-elf/6.2.1/../../../../msp430-elf/lib/large\libc.a(lib_a-locale.o)
                0x00001dc4                __mb_cur_max
 .data.__wctomb
                0x00001dc6        0x4 c:/ti/ccsv7/tools/compiler/msp430-gcc-6.2.1.16_win32/bin/../lib/gcc/msp430-elf/6.2.1/../../../../msp430-elf/lib/large\libc.a(lib_a-wctomb_r.o)
                0x00001dc6                __wctomb
 .data.heap.1381
                0x00001dca        0x4 c:/ti/ccsv7/tools/compiler/msp430-gcc-6.2.1.16_win32/bin/../lib/gcc/msp430-elf/6.2.1/../../../../msp430-elf/lib/large\libnosys.a(sbrk.o)
 .data          0x00001dce       0x4b c:/ti/ccsv7/tools/compiler/msp430-gcc-6.2.1.16_win32/bin/../lib/gcc/msp430-elf/6.2.1/../../../../msp430-elf/lib/large\libnosys.a(cio.o)
                0x00001dce                _CIOBUF_
                0x00001dce                __CIOBUF__
 *(.gnu.linkonce.d.*personality*)
 *(.data1)
 *(.got.plt)
 *(.got)
                0x00001e1a                . = ALIGN (0x2)
 *fill*         0x00001e19        0x1 
 *(.sdata .sdata.* .gnu.linkonce.s.* D_2 D_1)
                0x00001e1a                . = ALIGN (0x2)
                0x00001e1a                _edata = .
                [!provide]                PROVIDE (edata, .)
                [!provide]                PROVIDE (__dataend, .)
                0x000046fc                PROVIDE (__romdatastart, LOADADDR (.lower.data))
                0x0000021a                PROVIDE (__romdatacopysize, (SIZEOF (.lower.data) + SIZEOF (.data)))

.upper.data     0x00010000        0x2 load address 0x00004916
                0x00004916                __upper_data_init = LOADADDR (.upper.data)
                0x00010000        0x2 SHORT 0x1
                0x00010002                __high_datastart = .
 *(.upper.data.* .upper.data)
                0x00010002                __high_dataend = .
                0x00000000                __rom_highdatacopysize = (SIZEOF (.upper.data) - 0x2)
                0x00004918                __rom_highdatastart = (LOADADDR (.upper.data) + 0x2)

.lower.bss      0x00001e1a        0x0
                0x00001e1a                . = ALIGN (0x2)
                0x00001e1a                PROVIDE (__bssstart, .)
 *(.lower.bss.* .lower.bss)

.bss            0x00001e1a       0x28
                0x00001e1a                . = ALIGN (0x2)
                [!provide]                PROVIDE (__bssstart, .)
 *(.dynbss)
 *(.sbss .sbss.*)
 *(.bss .bss.* .gnu.linkonce.b.*)
 .bss.completed.3086
                0x00001e1a        0x1 c:/ti/ccsv7/tools/compiler/msp430-gcc-6.2.1.16_win32/bin/../lib/gcc/msp430-elf/6.2.1/large/crtbegin.o
 *fill*         0x00001e1b        0x1 
 .bss.dtor_idx.3088
                0x00001e1c        0x4 c:/ti/ccsv7/tools/compiler/msp430-gcc-6.2.1.16_win32/bin/../lib/gcc/msp430-elf/6.2.1/large/crtbegin.o
 .bss.object.3101
                0x00001e20       0x18 c:/ti/ccsv7/tools/compiler/msp430-gcc-6.2.1.16_win32/bin/../lib/gcc/msp430-elf/6.2.1/large/crtbegin.o
 .bss.__malloc_sbrk_start
                0x00001e38        0x4 c:/ti/ccsv7/tools/compiler/msp430-gcc-6.2.1.16_win32/bin/../lib/gcc/msp430-elf/6.2.1/../../../../msp430-elf/lib/large\libc.a(lib_a-nano-mallocr.o)
                0x00001e38                __malloc_sbrk_start
 .bss.__malloc_free_list
                0x00001e3c        0x4 c:/ti/ccsv7/tools/compiler/msp430-gcc-6.2.1.16_win32/bin/../lib/gcc/msp430-elf/6.2.1/../../../../msp430-elf/lib/large\libc.a(lib_a-nano-mallocr.o)
                0x00001e3c                __malloc_free_list
                0x00001e40                . = ALIGN (0x2)
 *(COMMON)
 COMMON         0x00001e40        0x2 c:/ti/ccsv7/tools/compiler/msp430-gcc-6.2.1.16_win32/bin/../lib/gcc/msp430-elf/6.2.1/../../../../msp430-elf/lib/large\libc.a(lib_a-reent.o)
                0x00001e40                errno
                [!provide]                PROVIDE (__bssend, .)
                0x00000028                PROVIDE (__bsssize, (SIZEOF (.lower.bss) + SIZEOF (.bss)))

.noinit         0x00001e42        0x0
                0x00001e42                . = ALIGN (0x2)
                [!provide]                PROVIDE (__noinit_start, .)
 *(.noinit)
                0x00001e42                . = ALIGN (0x2)
                [!provide]                PROVIDE (__noinit_end, .)

.upper.bss      0x00010002        0x0
                0x00010002                . = ALIGN (0x2)
                0x00010002                __high_bssstart = .
 *(.upper.bss.* .upper.bss)
                0x00010002                . = ALIGN (0x2)
                0x00010002                __high_bssend = .
                0x00000000                __high_bsssize = SIZEOF (.upper.bss)

.heap           0x00001e42        0x4
                0x00001e42                . = ALIGN (0x2)
                0x00001e42                __heap_start__ = .
                0x00001e42                _end = __heap_start__
                0x00001e42                PROVIDE (end, .)
 *(.heap)
                0x00001e42                _end = .
                [!provide]                PROVIDE (end, .)
                0x00001e42        0x4 LONG 0x0
                0x00001e46                __heap_end__ = .
                0x00001e46                __HeapLimit = __heap_end__

.stack          0x00002c00        0x0
                0x00002c00                PROVIDE (__stack, .)
 *(.stack)

.lower.text     0x00004918        0x0
                0x00004918                . = ALIGN (0x2)
 *(.lower.text.* .lower.text)

.text           0x00004918     0x6da0
                0x00004918                PROVIDE (_start, .)
                0x00004918                . = ALIGN (0x2)
 *(SORT(.crt_*))
 .crt_0000start
                0x00004918        0x4 c:/ti/ccsv7/tools/compiler/msp430-gcc-6.2.1.16_win32/bin/../lib/gcc/msp430-elf/6.2.1/../../../../msp430-elf/lib/large/crt0.o
                0x00004918                __crt0_start
 .crt_0100init_bss
                0x0000491c       0x10 c:/ti/ccsv7/tools/compiler/msp430-gcc-6.2.1.16_win32/bin/../lib/gcc/msp430-elf/6.2.1/../../../../msp430-elf/lib/large\libcrt.a(crt_bss.o)
                0x0000491c                __crt0_init_bss
 .crt_0300movedata
                0x0000492c       0x14 c:/ti/ccsv7/tools/compiler/msp430-gcc-6.2.1.16_win32/bin/../lib/gcc/msp430-elf/6.2.1/../../../../msp430-elf/lib/large\libcrt.a(crt_movedata.o)
                0x0000492c                __crt0_movedata
 .crt_0700call_init_then_main
                0x00004940        0xa c:/ti/ccsv7/tools/compiler/msp430-gcc-6.2.1.16_win32/bin/../lib/gcc/msp430-elf/6.2.1/../../../../msp430-elf/lib/large\libcrt.a(crt_main.o)
                0x00004940                __crt0_call_init_then_main
 .crt_0800call_exit
                0x0000494a        0x4 c:/ti/ccsv7/tools/compiler/msp430-gcc-6.2.1.16_win32/bin/../lib/gcc/msp430-elf/6.2.1/../../../../msp430-elf/lib/large\libcrt.a(crt_callexit.o)
                0x0000494a                __crt0_call_exit
 .crt_0900main_init
                0x0000494e       0x40 c:/ti/ccsv7/tools/compiler/msp430-gcc-6.2.1.16_win32/bin/../lib/gcc/msp430-elf/6.2.1/../../../../msp430-elf/lib/large/crt0.o
                0x0000494e                _msp430_run_init_array
                0x0000495e                _msp430_run_preinit_array
                0x0000496e                _msp430_run_fini_array
                0x0000498e                . = ALIGN (0x2)
 *(.lower.text.* .lower.text)
                0x0000498e                . = ALIGN (0x2)
 *(.text .stub .text.* .gnu.linkonce.t.* .text:*)
 .text.deregister_tm_clones
                0x0000498e       0x22 c:/ti/ccsv7/tools/compiler/msp430-gcc-6.2.1.16_win32/bin/../lib/gcc/msp430-elf/6.2.1/large/crtbegin.o
 .text.register_tm_clones
                0x000049b0       0x7c c:/ti/ccsv7/tools/compiler/msp430-gcc-6.2.1.16_win32/bin/../lib/gcc/msp430-elf/6.2.1/large/crtbegin.o
 .text.__do_global_dtors_aux
                0x00004a2c       0x9e c:/ti/ccsv7/tools/compiler/msp430-gcc-6.2.1.16_win32/bin/../lib/gcc/msp430-elf/6.2.1/large/crtbegin.o
 .text.frame_dummy
                0x00004aca       0x32 c:/ti/ccsv7/tools/compiler/msp430-gcc-6.2.1.16_win32/bin/../lib/gcc/msp430-elf/6.2.1/large/crtbegin.o
 .text          0x00004afc      0x13e ./main.o
                0x00004afc                main
 .text          0x00004c3a     0x131e ./src/fann.o
                0x00004c3a                fann_allocate_structure
                0x00004ecc                fann_get_decimal_point
                0x00004ed2                fann_get_multiplier
                0x00004ed8                fann_update_stepwise
                0x00005378                fann_destroy
                0x00005478                fann_allocate_neurons
                0x0000558a                fann_allocate_connections
                0x000055de                fann_run
 .text          0x00005f58      0x330 ./src/fann_error.o
                0x00005f58                fann_reset_errno
                0x00005f5e                fann_reset_errstr
                0x00005f7a                fann_get_errno
                0x00005f7e                fann_get_errstr
                0x00005f92                fann_set_error_log
                0x00005fa6                fann_print_error
                0x00005fdc                fann_error
                0x00006274                fann_init_error_data
 .text          0x00006288      0x416 ./src/fann_io.o
                0x00006288                fann_create_XOR
                0x00006698                fann_create_from_static
 .text          0x0000669e       0xf6 ./src/fann_train.o
                0x0000669e                fann_reset_MSE
                0x000066b0                fann_update_MSE
                0x00006746                fann_test
 .text          0x00006794      0x26c ./src/fann_train_data.o
                0x00006794                fann_destroy_train
                0x00006804                fann_create_train
                0x00006934                fann_read_train_XOR
                0x000069f4                fann_read_train_from_static
                0x000069fa                fann_length_train_data
 .text._fpadd_parts
                0x00006a00      0x26a c:/ti/ccsv7/tools/compiler/msp430-gcc-6.2.1.16_win32/bin/../lib/gcc/msp430-elf/6.2.1/large\libgcc.a(_addsub_sf.o)
 .text.__addsf3
                0x00006c6a       0x54 c:/ti/ccsv7/tools/compiler/msp430-gcc-6.2.1.16_win32/bin/../lib/gcc/msp430-elf/6.2.1/large\libgcc.a(_addsub_sf.o)
                0x00006c6a                __mspabi_addf
 .text.__subsf3
                0x00006cbe       0x58 c:/ti/ccsv7/tools/compiler/msp430-gcc-6.2.1.16_win32/bin/../lib/gcc/msp430-elf/6.2.1/large\libgcc.a(_addsub_sf.o)
                0x00006cbe                __mspabi_subf
 .text.__mulsf3
                0x00006d16      0x1d8 c:/ti/ccsv7/tools/compiler/msp430-gcc-6.2.1.16_win32/bin/../lib/gcc/msp430-elf/6.2.1/large\libgcc.a(_mul_sf.o)
                0x00006d16                __mspabi_mpyf
 .text.__divsf3
                0x00006eee      0x150 c:/ti/ccsv7/tools/compiler/msp430-gcc-6.2.1.16_win32/bin/../lib/gcc/msp430-elf/6.2.1/large\libgcc.a(_div_sf.o)
                0x00006eee                __mspabi_divf
 .text.__gesf2  0x0000703e       0x5e c:/ti/ccsv7/tools/compiler/msp430-gcc-6.2.1.16_win32/bin/../lib/gcc/msp430-elf/6.2.1/large\libgcc.a(_ge_sf.o)
                0x0000703e                __gesf2
 .text.__floatsisf
                0x0000709c       0xa0 c:/ti/ccsv7/tools/compiler/msp430-gcc-6.2.1.16_win32/bin/../lib/gcc/msp430-elf/6.2.1/large\libgcc.a(_si_to_sf.o)
                0x0000709c                __mspabi_fltlif
 .text.__extendsfdf2
                0x0000713c       0x62 c:/ti/ccsv7/tools/compiler/msp430-gcc-6.2.1.16_win32/bin/../lib/gcc/msp430-elf/6.2.1/large\libgcc.a(_sf_to_df.o)
                0x0000713c                __mspabi_cvtfd
 .text.__floatunsisf
                0x0000719e       0x90 c:/ti/ccsv7/tools/compiler/msp430-gcc-6.2.1.16_win32/bin/../lib/gcc/msp430-elf/6.2.1/large\libgcc.a(_usi_to_sf.o)
                0x0000719e                __mspabi_fltulf
 .text._fpadd_parts
                0x0000722e      0x668 c:/ti/ccsv7/tools/compiler/msp430-gcc-6.2.1.16_win32/bin/../lib/gcc/msp430-elf/6.2.1/large\libgcc.a(_addsub_df.o)
 .text.__adddf3
                0x00007896       0x64 c:/ti/ccsv7/tools/compiler/msp430-gcc-6.2.1.16_win32/bin/../lib/gcc/msp430-elf/6.2.1/large\libgcc.a(_addsub_df.o)
                0x00007896                __mspabi_addd
 .text.__subdf3
                0x000078fa       0x68 c:/ti/ccsv7/tools/compiler/msp430-gcc-6.2.1.16_win32/bin/../lib/gcc/msp430-elf/6.2.1/large\libgcc.a(_addsub_df.o)
                0x000078fa                __mspabi_subd
 .text.__muldf3
                0x00007962      0x54e c:/ti/ccsv7/tools/compiler/msp430-gcc-6.2.1.16_win32/bin/../lib/gcc/msp430-elf/6.2.1/large\libgcc.a(_mul_df.o)
                0x00007962                __mspabi_mpyd
 .text.__divdf3
                0x00007eb0      0x304 c:/ti/ccsv7/tools/compiler/msp430-gcc-6.2.1.16_win32/bin/../lib/gcc/msp430-elf/6.2.1/large\libgcc.a(_div_df.o)
                0x00007eb0                __mspabi_divd
 .text.__gtdf2  0x000081b4       0x76 c:/ti/ccsv7/tools/compiler/msp430-gcc-6.2.1.16_win32/bin/../lib/gcc/msp430-elf/6.2.1/large\libgcc.a(_gt_df.o)
                0x000081b4                __gtdf2
 .text.__fixdfsi
                0x0000822a       0xa6 c:/ti/ccsv7/tools/compiler/msp430-gcc-6.2.1.16_win32/bin/../lib/gcc/msp430-elf/6.2.1/large\libgcc.a(_df_to_si.o)
                0x0000822a                __mspabi_fixdli
 .text.__make_dp
                0x000082d0       0x34 c:/ti/ccsv7/tools/compiler/msp430-gcc-6.2.1.16_win32/bin/../lib/gcc/msp430-elf/6.2.1/large\libgcc.a(_make_df.o)
                0x000082d0                __make_dp
 .text.__floatunsidf
                0x00008304       0x6a c:/ti/ccsv7/tools/compiler/msp430-gcc-6.2.1.16_win32/bin/../lib/gcc/msp430-elf/6.2.1/large\libgcc.a(_usi_to_df.o)
                0x00008304                __mspabi_fltuld
 .text.udivmodhi4
                0x0000836e       0x40 c:/ti/ccsv7/tools/compiler/msp430-gcc-6.2.1.16_win32/bin/../lib/gcc/msp430-elf/6.2.1/large\libgcc.a(lib2divHI.o)
                0x0000836e                udivmodhi4
 .text.__divhi3
                0x000083ae       0x50 c:/ti/ccsv7/tools/compiler/msp430-gcc-6.2.1.16_win32/bin/../lib/gcc/msp430-elf/6.2.1/large\libgcc.a(lib2divHI.o)
                0x000083ae                __mspabi_divi
 .text          0x000083fe       0x74 c:/ti/ccsv7/tools/compiler/msp430-gcc-6.2.1.16_win32/bin/../lib/gcc/msp430-elf/6.2.1/large\libgcc.a(slli.o)
                0x000083fe                __mspabi_slli_15
                0x00008400                __mspabi_slli_14
                0x00008402                __mspabi_slli_13
                0x00008404                __mspabi_slli_12
                0x00008406                __mspabi_slli_11
                0x00008408                __mspabi_slli_10
                0x0000840a                __mspabi_slli_9
                0x0000840c                __mspabi_slli_8
                0x0000840e                __mspabi_slli_7
                0x00008410                __mspabi_slli_6
                0x00008412                __mspabi_slli_5
                0x00008414                __mspabi_slli_4
                0x00008416                __mspabi_slli_3
                0x00008418                __mspabi_slli_2
                0x0000841a                __mspabi_slli_1
                0x00008422                __mspabi_slli
                0x00008428                __mspabi_slll_15
                0x0000842c                __mspabi_slll_14
                0x00008430                __mspabi_slll_13
                0x00008434                __mspabi_slll_12
                0x00008438                __mspabi_slll_11
                0x0000843c                __mspabi_slll_10
                0x00008440                __mspabi_slll_9
                0x00008444                __mspabi_slll_8
                0x00008448                __mspabi_slll_7
                0x0000844c                __mspabi_slll_6
                0x00008450                __mspabi_slll_5
                0x00008454                __mspabi_slll_4
                0x00008458                __mspabi_slll_3
                0x0000845c                __mspabi_slll_2
                0x00008460                __mspabi_slll_1
                0x0000846c                __mspabi_slll
 .text          0x00008472       0x74 c:/ti/ccsv7/tools/compiler/msp430-gcc-6.2.1.16_win32/bin/../lib/gcc/msp430-elf/6.2.1/large\libgcc.a(srai.o)
                0x00008472                __mspabi_srai_15
                0x00008474                __mspabi_srai_14
                0x00008476                __mspabi_srai_13
                0x00008478                __mspabi_srai_12
                0x0000847a                __mspabi_srai_11
                0x0000847c                __mspabi_srai_10
                0x0000847e                __mspabi_srai_9
                0x00008480                __mspabi_srai_8
                0x00008482                __mspabi_srai_7
                0x00008484                __mspabi_srai_6
                0x00008486                __mspabi_srai_5
                0x00008488                __mspabi_srai_4
                0x0000848a                __mspabi_srai_3
                0x0000848c                __mspabi_srai_2
                0x0000848e                __mspabi_srai_1
                0x00008496                __mspabi_srai
                0x0000849c                __mspabi_sral_15
                0x000084a0                __mspabi_sral_14
                0x000084a4                __mspabi_sral_13
                0x000084a8                __mspabi_sral_12
                0x000084ac                __mspabi_sral_11
                0x000084b0                __mspabi_sral_10
                0x000084b4                __mspabi_sral_9
                0x000084b8                __mspabi_sral_8
                0x000084bc                __mspabi_sral_7
                0x000084c0                __mspabi_sral_6
                0x000084c4                __mspabi_sral_5
                0x000084c8                __mspabi_sral_4
                0x000084cc                __mspabi_sral_3
                0x000084d0                __mspabi_sral_2
                0x000084d4                __mspabi_sral_1
                0x000084e0                __mspabi_sral
 .text          0x000084e6       0xb4 c:/ti/ccsv7/tools/compiler/msp430-gcc-6.2.1.16_win32/bin/../lib/gcc/msp430-elf/6.2.1/large\libgcc.a(srli.o)
                0x000084e6                __mspabi_srli_15
                0x000084ea                __mspabi_srli_14
                0x000084ee                __mspabi_srli_13
                0x000084f2                __mspabi_srli_12
                0x000084f6                __mspabi_srli_11
                0x000084fa                __mspabi_srli_10
                0x000084fe                __mspabi_srli_9
                0x00008502                __mspabi_srli_8
                0x00008506                __mspabi_srli_7
                0x0000850a                __mspabi_srli_6
                0x0000850e                __mspabi_srli_5
                0x00008512                __mspabi_srli_4
                0x00008516                __mspabi_srli_3
                0x0000851a                __mspabi_srli_2
                0x0000851e                __mspabi_srli_1
                0x0000852a                __mspabi_srli
                0x00008530                __mspabi_srll_15
                0x00008536                __mspabi_srll_14
                0x0000853c                __mspabi_srll_13
                0x00008542                __mspabi_srll_12
                0x00008548                __mspabi_srll_11
                0x0000854e                __mspabi_srll_10
                0x00008554                __mspabi_srll_9
                0x0000855a                __mspabi_srll_8
                0x00008560                __mspabi_srll_7
                0x00008566                __mspabi_srll_6
                0x0000856c                __mspabi_srll_5
                0x00008572                __mspabi_srll_4
                0x00008578                __mspabi_srll_3
                0x0000857e                __mspabi_srll_2
                0x00008584                __mspabi_srll_1
                0x00008594                __mspabi_srll
 .text.__muldi3
                0x0000859a      0x142 c:/ti/ccsv7/tools/compiler/msp430-gcc-6.2.1.16_win32/bin/../lib/gcc/msp430-elf/6.2.1/large\libgcc.a(_muldi3.o)
                0x0000859a                __mspabi_mpyll
 .text.__lshrdi3
                0x000086dc       0x92 c:/ti/ccsv7/tools/compiler/msp430-gcc-6.2.1.16_win32/bin/../lib/gcc/msp430-elf/6.2.1/large\libgcc.a(_lshrdi3.o)
                0x000086dc                __lshrdi3
 .text.__ashldi3
                0x0000876e       0x9a c:/ti/ccsv7/tools/compiler/msp430-gcc-6.2.1.16_win32/bin/../lib/gcc/msp430-elf/6.2.1/large\libgcc.a(_ashldi3.o)
                0x0000876e                __ashldi3
 .text.__clzsi2
                0x00008808       0x54 c:/ti/ccsv7/tools/compiler/msp430-gcc-6.2.1.16_win32/bin/../lib/gcc/msp430-elf/6.2.1/large\libgcc.a(_clzsi2.o)
                0x00008808                __clzsi2
 .text.__pack_f
                0x0000885c      0x152 c:/ti/ccsv7/tools/compiler/msp430-gcc-6.2.1.16_win32/bin/../lib/gcc/msp430-elf/6.2.1/large\libgcc.a(_pack_sf.o)
                0x0000885c                __pack_f
 .text.__unpack_f
                0x000089ae       0xe8 c:/ti/ccsv7/tools/compiler/msp430-gcc-6.2.1.16_win32/bin/../lib/gcc/msp430-elf/6.2.1/large\libgcc.a(_unpack_sf.o)
                0x000089ae                __unpack_f
 .text.__fpcmp_parts_f
                0x00008a96       0xb4 c:/ti/ccsv7/tools/compiler/msp430-gcc-6.2.1.16_win32/bin/../lib/gcc/msp430-elf/6.2.1/large\libgcc.a(_fpcmp_parts_sf.o)
                0x00008a96                __fpcmp_parts_f
 .text.__pack_d
                0x00008b4a      0x30e c:/ti/ccsv7/tools/compiler/msp430-gcc-6.2.1.16_win32/bin/../lib/gcc/msp430-elf/6.2.1/large\libgcc.a(_pack_df.o)
                0x00008b4a                __pack_d
 .text.__unpack_d
                0x00008e58      0x172 c:/ti/ccsv7/tools/compiler/msp430-gcc-6.2.1.16_win32/bin/../lib/gcc/msp430-elf/6.2.1/large\libgcc.a(_unpack_df.o)
                0x00008e58                __unpack_d
 .text.__fpcmp_parts_d
                0x00008fca       0xe4 c:/ti/ccsv7/tools/compiler/msp430-gcc-6.2.1.16_win32/bin/../lib/gcc/msp430-elf/6.2.1/large\libgcc.a(_fpcmp_parts_df.o)
                0x00008fca                __fpcmp_parts_d
 .text.calloc   0x000090ae        0xe c:/ti/ccsv7/tools/compiler/msp430-gcc-6.2.1.16_win32/bin/../lib/gcc/msp430-elf/6.2.1/../../../../msp430-elf/lib/large\libc.a(lib_a-calloc.o)
                0x000090ae                calloc
 .text.fprintf  0x000090bc       0x16 c:/ti/ccsv7/tools/compiler/msp430-gcc-6.2.1.16_win32/bin/../lib/gcc/msp430-elf/6.2.1/../../../../msp430-elf/lib/large\libc.a(lib_a-fprintf.o)
                0x000090bc                fiprintf
                0x000090bc                fprintf
 .text._fputs_r
                0x000090d2       0xc2 c:/ti/ccsv7/tools/compiler/msp430-gcc-6.2.1.16_win32/bin/../lib/gcc/msp430-elf/6.2.1/../../../../msp430-elf/lib/large\libc.a(lib_a-fputs.o)
                0x000090d2                _fputs_r
 .text.fputs    0x00009194        0xe c:/ti/ccsv7/tools/compiler/msp430-gcc-6.2.1.16_win32/bin/../lib/gcc/msp430-elf/6.2.1/../../../../msp430-elf/lib/large\libc.a(lib_a-fputs.o)
                0x00009194                fputs
 .text.__sfvwrite_r
                0x000091a2      0x438 c:/ti/ccsv7/tools/compiler/msp430-gcc-6.2.1.16_win32/bin/../lib/gcc/msp430-elf/6.2.1/../../../../msp430-elf/lib/large\libc.a(lib_a-fvwrite.o)
                0x000091a2                __sfvwrite_r
 .text.malloc   0x000095da        0xc c:/ti/ccsv7/tools/compiler/msp430-gcc-6.2.1.16_win32/bin/../lib/gcc/msp430-elf/6.2.1/../../../../msp430-elf/lib/large\libc.a(lib_a-malloc.o)
                0x000095da                malloc
 .text.free     0x000095e6        0xc c:/ti/ccsv7/tools/compiler/msp430-gcc-6.2.1.16_win32/bin/../lib/gcc/msp430-elf/6.2.1/../../../../msp430-elf/lib/large\libc.a(lib_a-malloc.o)
                0x000095e6                free
 .text.memchr   0x000095f2       0x1c c:/ti/ccsv7/tools/compiler/msp430-gcc-6.2.1.16_win32/bin/../lib/gcc/msp430-elf/6.2.1/../../../../msp430-elf/lib/large\libc.a(lib_a-memchr.o)
                0x000095f2                memchr
 .text.memcpy   0x0000960e       0x1e c:/ti/ccsv7/tools/compiler/msp430-gcc-6.2.1.16_win32/bin/../lib/gcc/msp430-elf/6.2.1/../../../../msp430-elf/lib/large\libc.a(lib_a-memcpy.o)
                0x0000960e                memcpy
 .text.memmove  0x0000962c       0x52 c:/ti/ccsv7/tools/compiler/msp430-gcc-6.2.1.16_win32/bin/../lib/gcc/msp430-elf/6.2.1/../../../../msp430-elf/lib/large\libc.a(lib_a-memmove.o)
                0x0000962c                memmove
 .text.memset   0x0000967e       0x1a c:/ti/ccsv7/tools/compiler/msp430-gcc-6.2.1.16_win32/bin/../lib/gcc/msp430-elf/6.2.1/../../../../msp430-elf/lib/large\libc.a(lib_a-memset.o)
                0x0000967e                memset
 .text._calloc_r
                0x00009698       0x44 c:/ti/ccsv7/tools/compiler/msp430-gcc-6.2.1.16_win32/bin/../lib/gcc/msp430-elf/6.2.1/../../../../msp430-elf/lib/large\libc.a(lib_a-nano-callocr.o)
                0x00009698                _calloc_r
 .text._free_r  0x000096dc      0x12a c:/ti/ccsv7/tools/compiler/msp430-gcc-6.2.1.16_win32/bin/../lib/gcc/msp430-elf/6.2.1/../../../../msp430-elf/lib/large\libc.a(lib_a-nano-freer.o)
                0x000096dc                _free_r
 .text._malloc_r
                0x00009806      0x13e c:/ti/ccsv7/tools/compiler/msp430-gcc-6.2.1.16_win32/bin/../lib/gcc/msp430-elf/6.2.1/../../../../msp430-elf/lib/large\libc.a(lib_a-nano-mallocr.o)
                0x00009806                _malloc_r
 .text._realloc_r
                0x00009944       0x6a c:/ti/ccsv7/tools/compiler/msp430-gcc-6.2.1.16_win32/bin/../lib/gcc/msp430-elf/6.2.1/../../../../msp430-elf/lib/large\libc.a(lib_a-nano-reallocr.o)
                0x00009944                _realloc_r
 .text.__sfputc_r
                0x000099ae       0x3a c:/ti/ccsv7/tools/compiler/msp430-gcc-6.2.1.16_win32/bin/../lib/gcc/msp430-elf/6.2.1/../../../../msp430-elf/lib/large\libc.a(lib_a-nano-vfprintf.o)
 .text.__sfputs_r
                0x000099e8       0x92 c:/ti/ccsv7/tools/compiler/msp430-gcc-6.2.1.16_win32/bin/../lib/gcc/msp430-elf/6.2.1/../../../../msp430-elf/lib/large\libc.a(lib_a-nano-vfprintf.o)
                0x000099e8                __sfputs_r
 .text._vfprintf_r
                0x00009a7a      0x2dc c:/ti/ccsv7/tools/compiler/msp430-gcc-6.2.1.16_win32/bin/../lib/gcc/msp430-elf/6.2.1/../../../../msp430-elf/lib/large\libc.a(lib_a-nano-vfprintf.o)
                0x00009a7a                _vfprintf_r
                0x00009a7a                _vfiprintf_r
 .text.printf   0x00009d56       0x30 c:/ti/ccsv7/tools/compiler/msp430-gcc-6.2.1.16_win32/bin/../lib/gcc/msp430-elf/6.2.1/../../../../msp430-elf/lib/large\libc.a(lib_a-printf.o)
                0x00009d56                iprintf
                0x00009d56                printf
 .text.realloc  0x00009d86        0xe c:/ti/ccsv7/tools/compiler/msp430-gcc-6.2.1.16_win32/bin/../lib/gcc/msp430-elf/6.2.1/../../../../msp430-elf/lib/large\libc.a(lib_a-realloc.o)
                0x00009d86                realloc
 .text._sbrk_r  0x00009d94       0x28 c:/ti/ccsv7/tools/compiler/msp430-gcc-6.2.1.16_win32/bin/../lib/gcc/msp430-elf/6.2.1/../../../../msp430-elf/lib/large\libc.a(lib_a-sbrkr.o)
                0x00009d94                _sbrk_r
 .text.strcpy   0x00009dbc       0x16 c:/ti/ccsv7/tools/compiler/msp430-gcc-6.2.1.16_win32/bin/../lib/gcc/msp430-elf/6.2.1/../../../../msp430-elf/lib/large\libc.a(lib_a-strcpy.o)
                0x00009dbc                strcpy
 .text.strlen   0x00009dd2       0x16 c:/ti/ccsv7/tools/compiler/msp430-gcc-6.2.1.16_win32/bin/../lib/gcc/msp430-elf/6.2.1/../../../../msp430-elf/lib/large\libc.a(lib_a-strlen.o)
                0x00009dd2                strlen
 .text._vsnprintf_r
                0x00009de8       0x7a c:/ti/ccsv7/tools/compiler/msp430-gcc-6.2.1.16_win32/bin/../lib/gcc/msp430-elf/6.2.1/../../../../msp430-elf/lib/large\libc.a(lib_a-vsnprintf.o)
                0x00009de8                _vsniprintf_r
                0x00009de8                _vsnprintf_r
 .text.vsnprintf
                0x00009e62       0x1c c:/ti/ccsv7/tools/compiler/msp430-gcc-6.2.1.16_win32/bin/../lib/gcc/msp430-elf/6.2.1/../../../../msp430-elf/lib/large\libc.a(lib_a-vsnprintf.o)
                0x00009e62                vsniprintf
                0x00009e62                vsnprintf
 .text.__swbuf_r
                0x00009e7e       0xde c:/ti/ccsv7/tools/compiler/msp430-gcc-6.2.1.16_win32/bin/../lib/gcc/msp430-elf/6.2.1/../../../../msp430-elf/lib/large\libc.a(lib_a-wbuf.o)
                0x00009e7e                __swbuf_r
 .text.__swsetup_r
                0x00009f5c      0x116 c:/ti/ccsv7/tools/compiler/msp430-gcc-6.2.1.16_win32/bin/../lib/gcc/msp430-elf/6.2.1/../../../../msp430-elf/lib/large\libc.a(lib_a-wsetup.o)
                0x00009f5c                __swsetup_r
 .text.__sflush_r
                0x0000a072      0x1b0 c:/ti/ccsv7/tools/compiler/msp430-gcc-6.2.1.16_win32/bin/../lib/gcc/msp430-elf/6.2.1/../../../../msp430-elf/lib/large\libc.a(lib_a-fflush.o)
                0x0000a072                __sflush_r
 .text._fflush_r
                0x0000a222       0x60 c:/ti/ccsv7/tools/compiler/msp430-gcc-6.2.1.16_win32/bin/../lib/gcc/msp430-elf/6.2.1/../../../../msp430-elf/lib/large\libc.a(lib_a-fflush.o)
                0x0000a222                _fflush_r
 .text._cleanup_r
                0x0000a282        0xa c:/ti/ccsv7/tools/compiler/msp430-gcc-6.2.1.16_win32/bin/../lib/gcc/msp430-elf/6.2.1/../../../../msp430-elf/lib/large\libc.a(lib_a-findfp.o)
                0x0000a282                _cleanup_r
 .text.std.isra.0
                0x0000a28c       0x62 c:/ti/ccsv7/tools/compiler/msp430-gcc-6.2.1.16_win32/bin/../lib/gcc/msp430-elf/6.2.1/../../../../msp430-elf/lib/large\libc.a(lib_a-findfp.o)
 .text.__sfmoreglue
                0x0000a2ee       0x78 c:/ti/ccsv7/tools/compiler/msp430-gcc-6.2.1.16_win32/bin/../lib/gcc/msp430-elf/6.2.1/../../../../msp430-elf/lib/large\libc.a(lib_a-findfp.o)
                0x0000a2ee                __sfmoreglue
 .text.__sinit  0x0000a366       0x7c c:/ti/ccsv7/tools/compiler/msp430-gcc-6.2.1.16_win32/bin/../lib/gcc/msp430-elf/6.2.1/../../../../msp430-elf/lib/large\libc.a(lib_a-findfp.o)
                0x0000a366                __sinit
 .text.__sfp    0x0000a3e2       0xc4 c:/ti/ccsv7/tools/compiler/msp430-gcc-6.2.1.16_win32/bin/../lib/gcc/msp430-elf/6.2.1/../../../../msp430-elf/lib/large\libc.a(lib_a-findfp.o)
                0x0000a3e2                __sfp
 .text.__sfp_lock_acquire
                0x0000a4a6        0x2 c:/ti/ccsv7/tools/compiler/msp430-gcc-6.2.1.16_win32/bin/../lib/gcc/msp430-elf/6.2.1/../../../../msp430-elf/lib/large\libc.a(lib_a-findfp.o)
                0x0000a4a6                __sfp_lock_acquire
 .text.__sfp_lock_release
                0x0000a4a8        0x2 c:/ti/ccsv7/tools/compiler/msp430-gcc-6.2.1.16_win32/bin/../lib/gcc/msp430-elf/6.2.1/../../../../msp430-elf/lib/large\libc.a(lib_a-findfp.o)
                0x0000a4a8                __sfp_lock_release
 .text.__fputwc
                0x0000a4aa       0xc0 c:/ti/ccsv7/tools/compiler/msp430-gcc-6.2.1.16_win32/bin/../lib/gcc/msp430-elf/6.2.1/../../../../msp430-elf/lib/large\libc.a(lib_a-fputwc.o)
                0x0000a4aa                __fputwc
 .text._fputwc_r
                0x0000a56a       0x30 c:/ti/ccsv7/tools/compiler/msp430-gcc-6.2.1.16_win32/bin/../lib/gcc/msp430-elf/6.2.1/../../../../msp430-elf/lib/large\libc.a(lib_a-fputwc.o)
                0x0000a56a                _fputwc_r
 .text._fwalk_reent
                0x0000a59a       0x56 c:/ti/ccsv7/tools/compiler/msp430-gcc-6.2.1.16_win32/bin/../lib/gcc/msp430-elf/6.2.1/../../../../msp430-elf/lib/large\libc.a(lib_a-fwalk.o)
                0x0000a59a                _fwalk_reent
 .text.__locale_charset
                0x0000a5f0        0x6 c:/ti/ccsv7/tools/compiler/msp430-gcc-6.2.1.16_win32/bin/../lib/gcc/msp430-elf/6.2.1/../../../../msp430-elf/lib/large\libc.a(lib_a-locale.o)
                0x0000a5f0                __locale_charset
 .text.__locale_mb_cur_max
                0x0000a5f6        0x8 c:/ti/ccsv7/tools/compiler/msp430-gcc-6.2.1.16_win32/bin/../lib/gcc/msp430-elf/6.2.1/../../../../msp430-elf/lib/large\libc.a(lib_a-locale.o)
                0x0000a5f6                __locale_mb_cur_max
 .text.__swhatbuf_r
                0x0000a5fe       0x7a c:/ti/ccsv7/tools/compiler/msp430-gcc-6.2.1.16_win32/bin/../lib/gcc/msp430-elf/6.2.1/../../../../msp430-elf/lib/large\libc.a(lib_a-makebuf.o)
                0x0000a5fe                __swhatbuf_r
 .text.__smakebuf_r
                0x0000a678       0x9a c:/ti/ccsv7/tools/compiler/msp430-gcc-6.2.1.16_win32/bin/../lib/gcc/msp430-elf/6.2.1/../../../../msp430-elf/lib/large\libc.a(lib_a-makebuf.o)
                0x0000a678                __smakebuf_r
 .text._malloc_usable_size_r
                0x0000a712       0x2e c:/ti/ccsv7/tools/compiler/msp430-gcc-6.2.1.16_win32/bin/../lib/gcc/msp430-elf/6.2.1/../../../../msp430-elf/lib/large\libc.a(lib_a-nano-msizer.o)
                0x0000a712                _malloc_usable_size_r
 .text.__ssputs_r
                0x0000a740      0x126 c:/ti/ccsv7/tools/compiler/msp430-gcc-6.2.1.16_win32/bin/../lib/gcc/msp430-elf/6.2.1/../../../../msp430-elf/lib/large\libc.a(lib_a-nano-svfprintf.o)
                0x0000a740                __ssputs_r
 .text._svfprintf_r
                0x0000a866      0x2c0 c:/ti/ccsv7/tools/compiler/msp430-gcc-6.2.1.16_win32/bin/../lib/gcc/msp430-elf/6.2.1/../../../../msp430-elf/lib/large\libc.a(lib_a-nano-svfprintf.o)
                0x0000a866                _svfiprintf_r
                0x0000a866                _svfprintf_r
 .text._printf_common
                0x0000ab26      0x110 c:/ti/ccsv7/tools/compiler/msp430-gcc-6.2.1.16_win32/bin/../lib/gcc/msp430-elf/6.2.1/../../../../msp430-elf/lib/large\libc.a(lib_a-nano-vfprintf_i.o)
                0x0000ab26                _printf_common
 .text._printf_i
                0x0000ac36      0x402 c:/ti/ccsv7/tools/compiler/msp430-gcc-6.2.1.16_win32/bin/../lib/gcc/msp430-elf/6.2.1/../../../../msp430-elf/lib/large\libc.a(lib_a-nano-vfprintf_i.o)
                0x0000ac36                _printf_i
 .text.__sread  0x0000b038       0x4a c:/ti/ccsv7/tools/compiler/msp430-gcc-6.2.1.16_win32/bin/../lib/gcc/msp430-elf/6.2.1/../../../../msp430-elf/lib/large\libc.a(lib_a-stdio.o)
                0x0000b038                __sread
 .text.__swrite
                0x0000b082       0x4c c:/ti/ccsv7/tools/compiler/msp430-gcc-6.2.1.16_win32/bin/../lib/gcc/msp430-elf/6.2.1/../../../../msp430-elf/lib/large\libc.a(lib_a-stdio.o)
                0x0000b082                __swrite
 .text.__sseek  0x0000b0ce       0x3e c:/ti/ccsv7/tools/compiler/msp430-gcc-6.2.1.16_win32/bin/../lib/gcc/msp430-elf/6.2.1/../../../../msp430-elf/lib/large\libc.a(lib_a-stdio.o)
                0x0000b0ce                __sseek
 .text.__sclose
                0x0000b10c        0xa c:/ti/ccsv7/tools/compiler/msp430-gcc-6.2.1.16_win32/bin/../lib/gcc/msp430-elf/6.2.1/../../../../msp430-elf/lib/large\libc.a(lib_a-stdio.o)
                0x0000b10c                __sclose
 .text._wcrtomb_r
                0x0000b116       0x82 c:/ti/ccsv7/tools/compiler/msp430-gcc-6.2.1.16_win32/bin/../lib/gcc/msp430-elf/6.2.1/../../../../msp430-elf/lib/large\libc.a(lib_a-wcrtomb.o)
                0x0000b116                _wcrtomb_r
 .text.__ascii_wctomb
                0x0000b198       0x28 c:/ti/ccsv7/tools/compiler/msp430-gcc-6.2.1.16_win32/bin/../lib/gcc/msp430-elf/6.2.1/../../../../msp430-elf/lib/large\libc.a(lib_a-wctomb_r.o)
                0x0000b198                __ascii_wctomb
 .text._write_r
                0x0000b1c0       0x30 c:/ti/ccsv7/tools/compiler/msp430-gcc-6.2.1.16_win32/bin/../lib/gcc/msp430-elf/6.2.1/../../../../msp430-elf/lib/large\libc.a(lib_a-writer.o)
                0x0000b1c0                _write_r
 .text._close_r
                0x0000b1f0       0x26 c:/ti/ccsv7/tools/compiler/msp430-gcc-6.2.1.16_win32/bin/../lib/gcc/msp430-elf/6.2.1/../../../../msp430-elf/lib/large\libc.a(lib_a-closer.o)
                0x0000b1f0                _close_r
 .text._fclose_r
                0x0000b216       0xd0 c:/ti/ccsv7/tools/compiler/msp430-gcc-6.2.1.16_win32/bin/../lib/gcc/msp430-elf/6.2.1/../../../../msp430-elf/lib/large\libc.a(lib_a-fclose.o)
                0x0000b216                _fclose_r
 .text._fstat_r
                0x0000b2e6       0x28 c:/ti/ccsv7/tools/compiler/msp430-gcc-6.2.1.16_win32/bin/../lib/gcc/msp430-elf/6.2.1/../../../../msp430-elf/lib/large\libc.a(lib_a-fstatr.o)
                0x0000b2e6                _fstat_r
 .text._isatty_r
                0x0000b30e       0x26 c:/ti/ccsv7/tools/compiler/msp430-gcc-6.2.1.16_win32/bin/../lib/gcc/msp430-elf/6.2.1/../../../../msp430-elf/lib/large\libc.a(lib_a-isattyr.o)
                0x0000b30e                _isatty_r
 .text._lseek_r
                0x0000b334       0x32 c:/ti/ccsv7/tools/compiler/msp430-gcc-6.2.1.16_win32/bin/../lib/gcc/msp430-elf/6.2.1/../../../../msp430-elf/lib/large\libc.a(lib_a-lseekr.o)
                0x0000b334                _lseek_r
 .text._read_r  0x0000b366       0x30 c:/ti/ccsv7/tools/compiler/msp430-gcc-6.2.1.16_win32/bin/../lib/gcc/msp430-elf/6.2.1/../../../../msp430-elf/lib/large\libc.a(lib_a-readr.o)
                0x0000b366                _read_r
 .text.udivmodsi4
                0x0000b396       0x8a c:/ti/ccsv7/tools/compiler/msp430-gcc-6.2.1.16_win32/bin/../lib/gcc/msp430-elf/6.2.1/large\libgcc.a(lib2divSI.o)
                0x0000b396                udivmodsi4
 .text.__udivsi3
                0x0000b420       0x12 c:/ti/ccsv7/tools/compiler/msp430-gcc-6.2.1.16_win32/bin/../lib/gcc/msp430-elf/6.2.1/large\libgcc.a(lib2divSI.o)
                0x0000b420                __mspabi_divlu
                0x0000b420                __mspabi_divul
 .text.__umodsi3
                0x0000b432       0x12 c:/ti/ccsv7/tools/compiler/msp430-gcc-6.2.1.16_win32/bin/../lib/gcc/msp430-elf/6.2.1/large\libgcc.a(lib2divSI.o)
                0x0000b432                __mspabi_remul
 .text.__mulhi2_f5
                0x0000b444       0x16 c:/ti/ccsv7/tools/compiler/msp430-gcc-6.2.1.16_win32/bin/../lib/gcc/msp430-elf/6.2.1/large\libmul_f5.a(lib2hw_mul_f5.o)
                0x0000b444                __mspabi_mpyi_f5hw
                0x0000b444                __mspabi_mpyi
                0x0000b444                __mulhi2_f5
 .text.__mulsi2_f5
                0x0000b45a       0x22 c:/ti/ccsv7/tools/compiler/msp430-gcc-6.2.1.16_win32/bin/../lib/gcc/msp430-elf/6.2.1/large\libmul_f5.a(lib2hw_mul_f5.o)
                0x0000b45a                __mspabi_mpyl_f5hw
                0x0000b45a                __mulsi2_f5
                0x0000b45a                __mspabi_mpyl
 .text.exit     0x0000b47c        0x4 c:/ti/ccsv7/tools/compiler/msp430-gcc-6.2.1.16_win32/bin/../lib/gcc/msp430-elf/6.2.1/../../../../msp430-elf/lib/large\libnosys.a(ciosyscalls.o)
                0x0000b47c                _exit
                0x0000b47c                exit
 .text.isatty   0x0000b480        0x4 c:/ti/ccsv7/tools/compiler/msp430-gcc-6.2.1.16_win32/bin/../lib/gcc/msp430-elf/6.2.1/../../../../msp430-elf/lib/large\libnosys.a(ciosyscalls.o)
                0x0000b480                _isatty
                0x0000b480                isatty
 .text.getpid   0x0000b484        0x6 c:/ti/ccsv7/tools/compiler/msp430-gcc-6.2.1.16_win32/bin/../lib/gcc/msp430-elf/6.2.1/../../../../msp430-elf/lib/large\libnosys.a(ciosyscalls.o)
                0x0000b484                getpid
 .text.close    0x0000b48a       0x10 c:/ti/ccsv7/tools/compiler/msp430-gcc-6.2.1.16_win32/bin/../lib/gcc/msp430-elf/6.2.1/../../../../msp430-elf/lib/large\libnosys.a(ciosyscalls.o)
                0x0000b48a                close
 .text.read     0x0000b49a       0x10 c:/ti/ccsv7/tools/compiler/msp430-gcc-6.2.1.16_win32/bin/../lib/gcc/msp430-elf/6.2.1/../../../../msp430-elf/lib/large\libnosys.a(ciosyscalls.o)
                0x0000b49a                read
 .text.fstat    0x0000b4aa       0x10 c:/ti/ccsv7/tools/compiler/msp430-gcc-6.2.1.16_win32/bin/../lib/gcc/msp430-elf/6.2.1/../../../../msp430-elf/lib/large\libnosys.a(ciosyscalls.o)
                0x0000b4aa                fstat
 .text.lseek    0x0000b4ba       0x10 c:/ti/ccsv7/tools/compiler/msp430-gcc-6.2.1.16_win32/bin/../lib/gcc/msp430-elf/6.2.1/../../../../msp430-elf/lib/large\libnosys.a(ciosyscalls.o)
                0x0000b4ba                lseek
 .text.kill     0x0000b4ca       0x10 c:/ti/ccsv7/tools/compiler/msp430-gcc-6.2.1.16_win32/bin/../lib/gcc/msp430-elf/6.2.1/../../../../msp430-elf/lib/large\libnosys.a(ciosyscalls.o)
                0x0000b4ca                kill
 .text.write    0x0000b4da       0x7e c:/ti/ccsv7/tools/compiler/msp430-gcc-6.2.1.16_win32/bin/../lib/gcc/msp430-elf/6.2.1/../../../../msp430-elf/lib/large\libnosys.a(write.o)
                0x0000b4da                write
 .text._sbrk    0x0000b558       0x3e c:/ti/ccsv7/tools/compiler/msp430-gcc-6.2.1.16_win32/bin/../lib/gcc/msp430-elf/6.2.1/../../../../msp430-elf/lib/large\libnosys.a(sbrk.o)
                0x0000b558                sbrk
                0x0000b558                _sbrk
 .text          0x0000b596        0x4 c:/ti/ccsv7/tools/compiler/msp430-gcc-6.2.1.16_win32/bin/../lib/gcc/msp430-elf/6.2.1/../../../../msp430-elf/lib/large\libnosys.a(cio.o)
                0x0000b596                _libgloss_cio_hook
                0x0000b596                C$$IO$$
 .text.abort    0x0000b59a        0xe c:/ti/ccsv7/tools/compiler/msp430-gcc-6.2.1.16_win32/bin/../lib/gcc/msp430-elf/6.2.1/../../../../msp430-elf/lib/large\libc.a(lib_a-abort.o)
                0x0000b59a                abort
 .text.__errno  0x0000b5a8        0x6 c:/ti/ccsv7/tools/compiler/msp430-gcc-6.2.1.16_win32/bin/../lib/gcc/msp430-elf/6.2.1/../../../../msp430-elf/lib/large\libc.a(lib_a-errno.o)
                0x0000b5a8                __errno
 .text._raise_r
                0x0000b5ae       0x98 c:/ti/ccsv7/tools/compiler/msp430-gcc-6.2.1.16_win32/bin/../lib/gcc/msp430-elf/6.2.1/../../../../msp430-elf/lib/large\libc.a(lib_a-signal.o)
                0x0000b5ae                _raise_r
 .text.raise    0x0000b646        0xc c:/ti/ccsv7/tools/compiler/msp430-gcc-6.2.1.16_win32/bin/../lib/gcc/msp430-elf/6.2.1/../../../../msp430-elf/lib/large\libc.a(lib_a-signal.o)
                0x0000b646                raise
 .text._kill_r  0x0000b652       0x28 c:/ti/ccsv7/tools/compiler/msp430-gcc-6.2.1.16_win32/bin/../lib/gcc/msp430-elf/6.2.1/../../../../msp430-elf/lib/large\libc.a(lib_a-signalr.o)
                0x0000b652                _kill_r
 .text._getpid_r
                0x0000b67a        0x6 c:/ti/ccsv7/tools/compiler/msp430-gcc-6.2.1.16_win32/bin/../lib/gcc/msp430-elf/6.2.1/../../../../msp430-elf/lib/large\libc.a(lib_a-signalr.o)
                0x0000b67a                _getpid_r
 .text.__do_global_ctors_aux
                0x0000b680       0x1c c:/ti/ccsv7/tools/compiler/msp430-gcc-6.2.1.16_win32/bin/../lib/gcc/msp430-elf/6.2.1/large/crtend.o
 *(.text.*personality*)
 *(.gnu.warning)
 *(.interp .hash .dynsym .dynstr .gnu.version*)
                [!provide]                PROVIDE (__etext, .)
                [!provide]                PROVIDE (_etext, .)
                [!provide]                PROVIDE (etext, .)
                0x0000b69c                . = ALIGN (0x2)
 *(.init)
 .init          0x0000b69c        0x0 c:/ti/ccsv7/tools/compiler/msp430-gcc-6.2.1.16_win32/bin/../lib/gcc/msp430-elf/6.2.1/../../../../msp430-elf/lib/large/crt0.o
                0x0000b69c                __msp430_init
 .init          0x0000b69c        0x4 c:/ti/ccsv7/tools/compiler/msp430-gcc-6.2.1.16_win32/bin/../lib/gcc/msp430-elf/6.2.1/large/crtbegin.o
 .init          0x0000b6a0        0x4 c:/ti/ccsv7/tools/compiler/msp430-gcc-6.2.1.16_win32/bin/../lib/gcc/msp430-elf/6.2.1/large/crtend.o
 .init          0x0000b6a4        0xa c:/ti/ccsv7/tools/compiler/msp430-gcc-6.2.1.16_win32/bin/../lib/gcc/msp430-elf/6.2.1/../../../../msp430-elf/lib/large/crtn.o
                0x0000b6ae                __msp430_init_end
 *(.fini)
 .fini          0x0000b6ae        0x4 c:/ti/ccsv7/tools/compiler/msp430-gcc-6.2.1.16_win32/bin/../lib/gcc/msp430-elf/6.2.1/../../../../msp430-elf/lib/large/crt0.o
                0x0000b6ae                __msp430_fini
 .fini          0x0000b6b2        0x4 c:/ti/ccsv7/tools/compiler/msp430-gcc-6.2.1.16_win32/bin/../lib/gcc/msp430-elf/6.2.1/large/crtbegin.o
 .fini          0x0000b6b6        0x2 c:/ti/ccsv7/tools/compiler/msp430-gcc-6.2.1.16_win32/bin/../lib/gcc/msp430-elf/6.2.1/../../../../msp430-elf/lib/large/crtn.o
                0x0000b6b8                __msp430_fini_end
 *(.tm_clone_table)
 .tm_clone_table
                0x0000b6b8        0x0 c:/ti/ccsv7/tools/compiler/msp430-gcc-6.2.1.16_win32/bin/../lib/gcc/msp430-elf/6.2.1/large/crtbegin.o
 .tm_clone_table
                0x0000b6b8        0x0 c:/ti/ccsv7/tools/compiler/msp430-gcc-6.2.1.16_win32/bin/../lib/gcc/msp430-elf/6.2.1/large/crtend.o
                0x0000b6b8                __TMC_END__

.upper.text     0x00010002        0x0
                0x00010002                . = ALIGN (0x2)
 *(.upper.text.* .upper.text)

.infoD

.infoC

.infoB

.infoA

.MSP430.attributes
                0x00000000       0x17
 *(.MSP430.attributes)
 .MSP430.attributes
                0x00000000       0x17 c:/ti/ccsv7/tools/compiler/msp430-gcc-6.2.1.16_win32/bin/../lib/gcc/msp430-elf/6.2.1/../../../../msp430-elf/lib/large/crt0.o
 .MSP430.attributes
                0x00000017       0x17 c:/ti/ccsv7/tools/compiler/msp430-gcc-6.2.1.16_win32/bin/../lib/gcc/msp430-elf/6.2.1/large/crtbegin.o
 .MSP430.attributes
                0x0000002e       0x17 ./main.o
 .MSP430.attributes
                0x00000045       0x17 ./src/fann.o
 .MSP430.attributes
                0x0000005c       0x17 ./src/fann_error.o
 .MSP430.attributes
                0x00000073       0x17 ./src/fann_io.o
 .MSP430.attributes
                0x0000008a       0x17 ./src/fann_train.o
 .MSP430.attributes
                0x000000a1       0x17 ./src/fann_train_data.o
 .MSP430.attributes
                0x000000b8       0x17 c:/ti/ccsv7/tools/compiler/msp430-gcc-6.2.1.16_win32/bin/../lib/gcc/msp430-elf/6.2.1/large\libgcc.a(_addsub_sf.o)
 .MSP430.attributes
                0x000000cf       0x17 c:/ti/ccsv7/tools/compiler/msp430-gcc-6.2.1.16_win32/bin/../lib/gcc/msp430-elf/6.2.1/large\libgcc.a(_mul_sf.o)
 .MSP430.attributes
                0x000000e6       0x17 c:/ti/ccsv7/tools/compiler/msp430-gcc-6.2.1.16_win32/bin/../lib/gcc/msp430-elf/6.2.1/large\libgcc.a(_div_sf.o)
 .MSP430.attributes
                0x000000fd       0x17 c:/ti/ccsv7/tools/compiler/msp430-gcc-6.2.1.16_win32/bin/../lib/gcc/msp430-elf/6.2.1/large\libgcc.a(_ge_sf.o)
 .MSP430.attributes
                0x00000114       0x17 c:/ti/ccsv7/tools/compiler/msp430-gcc-6.2.1.16_win32/bin/../lib/gcc/msp430-elf/6.2.1/large\libgcc.a(_si_to_sf.o)
 .MSP430.attributes
                0x0000012b       0x17 c:/ti/ccsv7/tools/compiler/msp430-gcc-6.2.1.16_win32/bin/../lib/gcc/msp430-elf/6.2.1/large\libgcc.a(_sf_to_df.o)
 .MSP430.attributes
                0x00000142       0x17 c:/ti/ccsv7/tools/compiler/msp430-gcc-6.2.1.16_win32/bin/../lib/gcc/msp430-elf/6.2.1/large\libgcc.a(_thenan_sf.o)
 .MSP430.attributes
                0x00000159       0x17 c:/ti/ccsv7/tools/compiler/msp430-gcc-6.2.1.16_win32/bin/../lib/gcc/msp430-elf/6.2.1/large\libgcc.a(_usi_to_sf.o)
 .MSP430.attributes
                0x00000170       0x17 c:/ti/ccsv7/tools/compiler/msp430-gcc-6.2.1.16_win32/bin/../lib/gcc/msp430-elf/6.2.1/large\libgcc.a(_addsub_df.o)
 .MSP430.attributes
                0x00000187       0x17 c:/ti/ccsv7/tools/compiler/msp430-gcc-6.2.1.16_win32/bin/../lib/gcc/msp430-elf/6.2.1/large\libgcc.a(_mul_df.o)
 .MSP430.attributes
                0x0000019e       0x17 c:/ti/ccsv7/tools/compiler/msp430-gcc-6.2.1.16_win32/bin/../lib/gcc/msp430-elf/6.2.1/large\libgcc.a(_div_df.o)
 .MSP430.attributes
                0x000001b5       0x17 c:/ti/ccsv7/tools/compiler/msp430-gcc-6.2.1.16_win32/bin/../lib/gcc/msp430-elf/6.2.1/large\libgcc.a(_gt_df.o)
 .MSP430.attributes
                0x000001cc       0x17 c:/ti/ccsv7/tools/compiler/msp430-gcc-6.2.1.16_win32/bin/../lib/gcc/msp430-elf/6.2.1/large\libgcc.a(_df_to_si.o)
 .MSP430.attributes
                0x000001e3       0x17 c:/ti/ccsv7/tools/compiler/msp430-gcc-6.2.1.16_win32/bin/../lib/gcc/msp430-elf/6.2.1/large\libgcc.a(_make_df.o)
 .MSP430.attributes
                0x000001fa       0x17 c:/ti/ccsv7/tools/compiler/msp430-gcc-6.2.1.16_win32/bin/../lib/gcc/msp430-elf/6.2.1/large\libgcc.a(_thenan_df.o)
 .MSP430.attributes
                0x00000211       0x17 c:/ti/ccsv7/tools/compiler/msp430-gcc-6.2.1.16_win32/bin/../lib/gcc/msp430-elf/6.2.1/large\libgcc.a(_usi_to_df.o)
 .MSP430.attributes
                0x00000228       0x17 c:/ti/ccsv7/tools/compiler/msp430-gcc-6.2.1.16_win32/bin/../lib/gcc/msp430-elf/6.2.1/large\libgcc.a(lib2divHI.o)
 .MSP430.attributes
                0x0000023f       0x17 c:/ti/ccsv7/tools/compiler/msp430-gcc-6.2.1.16_win32/bin/../lib/gcc/msp430-elf/6.2.1/large\libgcc.a(slli.o)
 .MSP430.attributes
                0x00000256       0x17 c:/ti/ccsv7/tools/compiler/msp430-gcc-6.2.1.16_win32/bin/../lib/gcc/msp430-elf/6.2.1/large\libgcc.a(srai.o)
 .MSP430.attributes
                0x0000026d       0x17 c:/ti/ccsv7/tools/compiler/msp430-gcc-6.2.1.16_win32/bin/../lib/gcc/msp430-elf/6.2.1/large\libgcc.a(srli.o)
 .MSP430.attributes
                0x00000284       0x17 c:/ti/ccsv7/tools/compiler/msp430-gcc-6.2.1.16_win32/bin/../lib/gcc/msp430-elf/6.2.1/large\libgcc.a(_muldi3.o)
 .MSP430.attributes
                0x0000029b       0x17 c:/ti/ccsv7/tools/compiler/msp430-gcc-6.2.1.16_win32/bin/../lib/gcc/msp430-elf/6.2.1/large\libgcc.a(_lshrdi3.o)
 .MSP430.attributes
                0x000002b2       0x17 c:/ti/ccsv7/tools/compiler/msp430-gcc-6.2.1.16_win32/bin/../lib/gcc/msp430-elf/6.2.1/large\libgcc.a(_ashldi3.o)
 .MSP430.attributes
                0x000002c9       0x17 c:/ti/ccsv7/tools/compiler/msp430-gcc-6.2.1.16_win32/bin/../lib/gcc/msp430-elf/6.2.1/large\libgcc.a(_clzsi2.o)
 .MSP430.attributes
                0x000002e0       0x17 c:/ti/ccsv7/tools/compiler/msp430-gcc-6.2.1.16_win32/bin/../lib/gcc/msp430-elf/6.2.1/large\libgcc.a(_pack_sf.o)
 .MSP430.attributes
                0x000002f7       0x17 c:/ti/ccsv7/tools/compiler/msp430-gcc-6.2.1.16_win32/bin/../lib/gcc/msp430-elf/6.2.1/large\libgcc.a(_unpack_sf.o)
 .MSP430.attributes
                0x0000030e       0x17 c:/ti/ccsv7/tools/compiler/msp430-gcc-6.2.1.16_win32/bin/../lib/gcc/msp430-elf/6.2.1/large\libgcc.a(_fpcmp_parts_sf.o)
 .MSP430.attributes
                0x00000325       0x17 c:/ti/ccsv7/tools/compiler/msp430-gcc-6.2.1.16_win32/bin/../lib/gcc/msp430-elf/6.2.1/large\libgcc.a(_pack_df.o)
 .MSP430.attributes
                0x0000033c       0x17 c:/ti/ccsv7/tools/compiler/msp430-gcc-6.2.1.16_win32/bin/../lib/gcc/msp430-elf/6.2.1/large\libgcc.a(_unpack_df.o)
 .MSP430.attributes
                0x00000353       0x17 c:/ti/ccsv7/tools/compiler/msp430-gcc-6.2.1.16_win32/bin/../lib/gcc/msp430-elf/6.2.1/large\libgcc.a(_fpcmp_parts_df.o)
 .MSP430.attributes
                0x0000036a       0x17 c:/ti/ccsv7/tools/compiler/msp430-gcc-6.2.1.16_win32/bin/../lib/gcc/msp430-elf/6.2.1/large\libgcc.a(_clz.o)
 .MSP430.attributes
                0x00000381       0x17 c:/ti/ccsv7/tools/compiler/msp430-gcc-6.2.1.16_win32/bin/../lib/gcc/msp430-elf/6.2.1/../../../../msp430-elf/lib/large\libc.a(lib_a-calloc.o)
 .MSP430.attributes
                0x00000398       0x17 c:/ti/ccsv7/tools/compiler/msp430-gcc-6.2.1.16_win32/bin/../lib/gcc/msp430-elf/6.2.1/../../../../msp430-elf/lib/large\libc.a(lib_a-fprintf.o)
 .MSP430.attributes
                0x000003af       0x17 c:/ti/ccsv7/tools/compiler/msp430-gcc-6.2.1.16_win32/bin/../lib/gcc/msp430-elf/6.2.1/../../../../msp430-elf/lib/large\libc.a(lib_a-fputs.o)
 .MSP430.attributes
                0x000003c6       0x17 c:/ti/ccsv7/tools/compiler/msp430-gcc-6.2.1.16_win32/bin/../lib/gcc/msp430-elf/6.2.1/../../../../msp430-elf/lib/large\libc.a(lib_a-fvwrite.o)
 .MSP430.attributes
                0x000003dd       0x17 c:/ti/ccsv7/tools/compiler/msp430-gcc-6.2.1.16_win32/bin/../lib/gcc/msp430-elf/6.2.1/../../../../msp430-elf/lib/large\libc.a(lib_a-impure.o)
 .MSP430.attributes
                0x000003f4       0x17 c:/ti/ccsv7/tools/compiler/msp430-gcc-6.2.1.16_win32/bin/../lib/gcc/msp430-elf/6.2.1/../../../../msp430-elf/lib/large\libc.a(lib_a-malloc.o)
 .MSP430.attributes
                0x0000040b       0x17 c:/ti/ccsv7/tools/compiler/msp430-gcc-6.2.1.16_win32/bin/../lib/gcc/msp430-elf/6.2.1/../../../../msp430-elf/lib/large\libc.a(lib_a-memchr.o)
 .MSP430.attributes
                0x00000422       0x17 c:/ti/ccsv7/tools/compiler/msp430-gcc-6.2.1.16_win32/bin/../lib/gcc/msp430-elf/6.2.1/../../../../msp430-elf/lib/large\libc.a(lib_a-memcpy.o)
 .MSP430.attributes
                0x00000439       0x17 c:/ti/ccsv7/tools/compiler/msp430-gcc-6.2.1.16_win32/bin/../lib/gcc/msp430-elf/6.2.1/../../../../msp430-elf/lib/large\libc.a(lib_a-memmove.o)
 .MSP430.attributes
                0x00000450       0x17 c:/ti/ccsv7/tools/compiler/msp430-gcc-6.2.1.16_win32/bin/../lib/gcc/msp430-elf/6.2.1/../../../../msp430-elf/lib/large\libc.a(lib_a-memset.o)
 .MSP430.attributes
                0x00000467       0x17 c:/ti/ccsv7/tools/compiler/msp430-gcc-6.2.1.16_win32/bin/../lib/gcc/msp430-elf/6.2.1/../../../../msp430-elf/lib/large\libc.a(lib_a-nano-callocr.o)
 .MSP430.attributes
                0x0000047e       0x17 c:/ti/ccsv7/tools/compiler/msp430-gcc-6.2.1.16_win32/bin/../lib/gcc/msp430-elf/6.2.1/../../../../msp430-elf/lib/large\libc.a(lib_a-nano-freer.o)
 .MSP430.attributes
                0x00000495       0x17 c:/ti/ccsv7/tools/compiler/msp430-gcc-6.2.1.16_win32/bin/../lib/gcc/msp430-elf/6.2.1/../../../../msp430-elf/lib/large\libc.a(lib_a-nano-mallocr.o)
 .MSP430.attributes
                0x000004ac       0x17 c:/ti/ccsv7/tools/compiler/msp430-gcc-6.2.1.16_win32/bin/../lib/gcc/msp430-elf/6.2.1/../../../../msp430-elf/lib/large\libc.a(lib_a-nano-reallocr.o)
 .MSP430.attributes
                0x000004c3       0x17 c:/ti/ccsv7/tools/compiler/msp430-gcc-6.2.1.16_win32/bin/../lib/gcc/msp430-elf/6.2.1/../../../../msp430-elf/lib/large\libc.a(lib_a-nano-vfprintf.o)
 .MSP430.attributes
                0x000004da       0x17 c:/ti/ccsv7/tools/compiler/msp430-gcc-6.2.1.16_win32/bin/../lib/gcc/msp430-elf/6.2.1/../../../../msp430-elf/lib/large\libc.a(lib_a-printf.o)
 .MSP430.attributes
                0x000004f1       0x17 c:/ti/ccsv7/tools/compiler/msp430-gcc-6.2.1.16_win32/bin/../lib/gcc/msp430-elf/6.2.1/../../../../msp430-elf/lib/large\libc.a(lib_a-realloc.o)
 .MSP430.attributes
                0x00000508       0x17 c:/ti/ccsv7/tools/compiler/msp430-gcc-6.2.1.16_win32/bin/../lib/gcc/msp430-elf/6.2.1/../../../../msp430-elf/lib/large\libc.a(lib_a-sbrkr.o)
 .MSP430.attributes
                0x0000051f       0x17 c:/ti/ccsv7/tools/compiler/msp430-gcc-6.2.1.16_win32/bin/../lib/gcc/msp430-elf/6.2.1/../../../../msp430-elf/lib/large\libc.a(lib_a-strcpy.o)
 .MSP430.attributes
                0x00000536       0x17 c:/ti/ccsv7/tools/compiler/msp430-gcc-6.2.1.16_win32/bin/../lib/gcc/msp430-elf/6.2.1/../../../../msp430-elf/lib/large\libc.a(lib_a-strlen.o)
 .MSP430.attributes
                0x0000054d       0x17 c:/ti/ccsv7/tools/compiler/msp430-gcc-6.2.1.16_win32/bin/../lib/gcc/msp430-elf/6.2.1/../../../../msp430-elf/lib/large\libc.a(lib_a-vsnprintf.o)
 .MSP430.attributes
                0x00000564       0x17 c:/ti/ccsv7/tools/compiler/msp430-gcc-6.2.1.16_win32/bin/../lib/gcc/msp430-elf/6.2.1/../../../../msp430-elf/lib/large\libc.a(lib_a-wbuf.o)
 .MSP430.attributes
                0x0000057b       0x17 c:/ti/ccsv7/tools/compiler/msp430-gcc-6.2.1.16_win32/bin/../lib/gcc/msp430-elf/6.2.1/../../../../msp430-elf/lib/large\libc.a(lib_a-wsetup.o)
 .MSP430.attributes
                0x00000592       0x17 c:/ti/ccsv7/tools/compiler/msp430-gcc-6.2.1.16_win32/bin/../lib/gcc/msp430-elf/6.2.1/../../../../msp430-elf/lib/large\libc.a(lib_a-fflush.o)
 .MSP430.attributes
                0x000005a9       0x17 c:/ti/ccsv7/tools/compiler/msp430-gcc-6.2.1.16_win32/bin/../lib/gcc/msp430-elf/6.2.1/../../../../msp430-elf/lib/large\libc.a(lib_a-findfp.o)
 .MSP430.attributes
                0x000005c0       0x17 c:/ti/ccsv7/tools/compiler/msp430-gcc-6.2.1.16_win32/bin/../lib/gcc/msp430-elf/6.2.1/../../../../msp430-elf/lib/large\libc.a(lib_a-fputwc.o)
 .MSP430.attributes
                0x000005d7       0x17 c:/ti/ccsv7/tools/compiler/msp430-gcc-6.2.1.16_win32/bin/../lib/gcc/msp430-elf/6.2.1/../../../../msp430-elf/lib/large\libc.a(lib_a-fwalk.o)
 .MSP430.attributes
                0x000005ee       0x17 c:/ti/ccsv7/tools/compiler/msp430-gcc-6.2.1.16_win32/bin/../lib/gcc/msp430-elf/6.2.1/../../../../msp430-elf/lib/large\libc.a(lib_a-locale.o)
 .MSP430.attributes
                0x00000605       0x17 c:/ti/ccsv7/tools/compiler/msp430-gcc-6.2.1.16_win32/bin/../lib/gcc/msp430-elf/6.2.1/../../../../msp430-elf/lib/large\libc.a(lib_a-makebuf.o)
 .MSP430.attributes
                0x0000061c       0x17 c:/ti/ccsv7/tools/compiler/msp430-gcc-6.2.1.16_win32/bin/../lib/gcc/msp430-elf/6.2.1/../../../../msp430-elf/lib/large\libc.a(lib_a-nano-msizer.o)
 .MSP430.attributes
                0x00000633       0x17 c:/ti/ccsv7/tools/compiler/msp430-gcc-6.2.1.16_win32/bin/../lib/gcc/msp430-elf/6.2.1/../../../../msp430-elf/lib/large\libc.a(lib_a-nano-svfprintf.o)
 .MSP430.attributes
                0x0000064a       0x17 c:/ti/ccsv7/tools/compiler/msp430-gcc-6.2.1.16_win32/bin/../lib/gcc/msp430-elf/6.2.1/../../../../msp430-elf/lib/large\libc.a(lib_a-nano-vfprintf_i.o)
 .MSP430.attributes
                0x00000661       0x17 c:/ti/ccsv7/tools/compiler/msp430-gcc-6.2.1.16_win32/bin/../lib/gcc/msp430-elf/6.2.1/../../../../msp430-elf/lib/large\libc.a(lib_a-reent.o)
 .MSP430.attributes
                0x00000678       0x17 c:/ti/ccsv7/tools/compiler/msp430-gcc-6.2.1.16_win32/bin/../lib/gcc/msp430-elf/6.2.1/../../../../msp430-elf/lib/large\libc.a(lib_a-stdio.o)
 .MSP430.attributes
                0x0000068f       0x17 c:/ti/ccsv7/tools/compiler/msp430-gcc-6.2.1.16_win32/bin/../lib/gcc/msp430-elf/6.2.1/../../../../msp430-elf/lib/large\libc.a(lib_a-strcmp.o)
 .MSP430.attributes
                0x000006a6       0x17 c:/ti/ccsv7/tools/compiler/msp430-gcc-6.2.1.16_win32/bin/../lib/gcc/msp430-elf/6.2.1/../../../../msp430-elf/lib/large\libc.a(lib_a-wcrtomb.o)
 .MSP430.attributes
                0x000006bd       0x17 c:/ti/ccsv7/tools/compiler/msp430-gcc-6.2.1.16_win32/bin/../lib/gcc/msp430-elf/6.2.1/../../../../msp430-elf/lib/large\libc.a(lib_a-wctomb_r.o)
 .MSP430.attributes
                0x000006d4       0x17 c:/ti/ccsv7/tools/compiler/msp430-gcc-6.2.1.16_win32/bin/../lib/gcc/msp430-elf/6.2.1/../../../../msp430-elf/lib/large\libc.a(lib_a-writer.o)
 .MSP430.attributes
                0x000006eb       0x17 c:/ti/ccsv7/tools/compiler/msp430-gcc-6.2.1.16_win32/bin/../lib/gcc/msp430-elf/6.2.1/../../../../msp430-elf/lib/large\libc.a(lib_a-closer.o)
 .MSP430.attributes
                0x00000702       0x17 c:/ti/ccsv7/tools/compiler/msp430-gcc-6.2.1.16_win32/bin/../lib/gcc/msp430-elf/6.2.1/../../../../msp430-elf/lib/large\libc.a(lib_a-fclose.o)
 .MSP430.attributes
                0x00000719       0x17 c:/ti/ccsv7/tools/compiler/msp430-gcc-6.2.1.16_win32/bin/../lib/gcc/msp430-elf/6.2.1/../../../../msp430-elf/lib/large\libc.a(lib_a-fstatr.o)
 .MSP430.attributes
                0x00000730       0x17 c:/ti/ccsv7/tools/compiler/msp430-gcc-6.2.1.16_win32/bin/../lib/gcc/msp430-elf/6.2.1/../../../../msp430-elf/lib/large\libc.a(lib_a-isattyr.o)
 .MSP430.attributes
                0x00000747       0x17 c:/ti/ccsv7/tools/compiler/msp430-gcc-6.2.1.16_win32/bin/../lib/gcc/msp430-elf/6.2.1/../../../../msp430-elf/lib/large\libc.a(lib_a-lseekr.o)
 .MSP430.attributes
                0x0000075e       0x17 c:/ti/ccsv7/tools/compiler/msp430-gcc-6.2.1.16_win32/bin/../lib/gcc/msp430-elf/6.2.1/../../../../msp430-elf/lib/large\libc.a(lib_a-readr.o)
 .MSP430.attributes
                0x00000775       0x17 c:/ti/ccsv7/tools/compiler/msp430-gcc-6.2.1.16_win32/bin/../lib/gcc/msp430-elf/6.2.1/large\libgcc.a(lib2divSI.o)
 .MSP430.attributes
                0x0000078c       0x17 c:/ti/ccsv7/tools/compiler/msp430-gcc-6.2.1.16_win32/bin/../lib/gcc/msp430-elf/6.2.1/large\libgcc.a(_udivdi3.o)
 .MSP430.attributes
                0x000007a3       0x17 c:/ti/ccsv7/tools/compiler/msp430-gcc-6.2.1.16_win32/bin/../lib/gcc/msp430-elf/6.2.1/large\libgcc.a(_clzdi2.o)
 .MSP430.attributes
                0x000007ba       0x17 c:/ti/ccsv7/tools/compiler/msp430-gcc-6.2.1.16_win32/bin/../lib/gcc/msp430-elf/6.2.1/large\libmul_f5.a(lib2hw_mul_f5.o)
 .MSP430.attributes
                0x000007d1       0x17 c:/ti/ccsv7/tools/compiler/msp430-gcc-6.2.1.16_win32/bin/../lib/gcc/msp430-elf/6.2.1/../../../../msp430-elf/lib/large\libcrt.a(crt_bss.o)
 .MSP430.attributes
                0x000007e8       0x17 c:/ti/ccsv7/tools/compiler/msp430-gcc-6.2.1.16_win32/bin/../lib/gcc/msp430-elf/6.2.1/../../../../msp430-elf/lib/large\libcrt.a(crt_movedata.o)
 .MSP430.attributes
                0x000007ff       0x17 c:/ti/ccsv7/tools/compiler/msp430-gcc-6.2.1.16_win32/bin/../lib/gcc/msp430-elf/6.2.1/../../../../msp430-elf/lib/large\libcrt.a(crt_main.o)
 .MSP430.attributes
                0x00000816       0x17 c:/ti/ccsv7/tools/compiler/msp430-gcc-6.2.1.16_win32/bin/../lib/gcc/msp430-elf/6.2.1/../../../../msp430-elf/lib/large\libcrt.a(crt_callexit.o)
 .MSP430.attributes
                0x0000082d       0x17 c:/ti/ccsv7/tools/compiler/msp430-gcc-6.2.1.16_win32/bin/../lib/gcc/msp430-elf/6.2.1/../../../../msp430-elf/lib/large\libnosys.a(ciosyscalls.o)
 .MSP430.attributes
                0x00000844       0x17 c:/ti/ccsv7/tools/compiler/msp430-gcc-6.2.1.16_win32/bin/../lib/gcc/msp430-elf/6.2.1/../../../../msp430-elf/lib/large\libnosys.a(write.o)
 .MSP430.attributes
                0x0000085b       0x17 c:/ti/ccsv7/tools/compiler/msp430-gcc-6.2.1.16_win32/bin/../lib/gcc/msp430-elf/6.2.1/../../../../msp430-elf/lib/large\libnosys.a(sbrk.o)
 .MSP430.attributes
                0x00000872       0x17 c:/ti/ccsv7/tools/compiler/msp430-gcc-6.2.1.16_win32/bin/../lib/gcc/msp430-elf/6.2.1/../../../../msp430-elf/lib/large\libnosys.a(cio.o)
 .MSP430.attributes
                0x00000889       0x17 c:/ti/ccsv7/tools/compiler/msp430-gcc-6.2.1.16_win32/bin/../lib/gcc/msp430-elf/6.2.1/../../../../msp430-elf/lib/large\libc.a(lib_a-abort.o)
 .MSP430.attributes
                0x000008a0       0x17 c:/ti/ccsv7/tools/compiler/msp430-gcc-6.2.1.16_win32/bin/../lib/gcc/msp430-elf/6.2.1/../../../../msp430-elf/lib/large\libc.a(lib_a-errno.o)
 .MSP430.attributes
                0x000008b7       0x17 c:/ti/ccsv7/tools/compiler/msp430-gcc-6.2.1.16_win32/bin/../lib/gcc/msp430-elf/6.2.1/../../../../msp430-elf/lib/large\libc.a(lib_a-signal.o)
 .MSP430.attributes
                0x000008ce       0x17 c:/ti/ccsv7/tools/compiler/msp430-gcc-6.2.1.16_win32/bin/../lib/gcc/msp430-elf/6.2.1/../../../../msp430-elf/lib/large\libc.a(lib_a-signalr.o)
 .MSP430.attributes
                0x000008e5       0x17 c:/ti/ccsv7/tools/compiler/msp430-gcc-6.2.1.16_win32/bin/../lib/gcc/msp430-elf/6.2.1/large/crtend.o
 .MSP430.attributes
                0x000008fc       0x17 c:/ti/ccsv7/tools/compiler/msp430-gcc-6.2.1.16_win32/bin/../lib/gcc/msp430-elf/6.2.1/../../../../msp430-elf/lib/large/crtn.o
 *(.gnu.attributes)
 *(__TI_build_attributes)

.stab
 *(.stab)

.stabstr
 *(.stabstr)

.stab.excl
 *(.stab.excl)

.stab.exclstr
 *(.stab.exclstr)

.stab.index
 *(.stab.index)

.stab.indexstr
 *(.stab.indexstr)

.comment        0x00000000       0x49
 *(.comment)
 .comment       0x00000000       0x49 c:/ti/ccsv7/tools/compiler/msp430-gcc-6.2.1.16_win32/bin/../lib/gcc/msp430-elf/6.2.1/large/crtbegin.o
                                 0x4a (size before relaxing)
 .comment       0x00000049       0x4a ./main.o
 .comment       0x00000049       0x4a ./src/fann.o
 .comment       0x00000049       0x4a ./src/fann_error.o
 .comment       0x00000049       0x4a ./src/fann_io.o
 .comment       0x00000049       0x4a ./src/fann_train.o
 .comment       0x00000049       0x4a ./src/fann_train_data.o
 .comment       0x00000049       0x4a c:/ti/ccsv7/tools/compiler/msp430-gcc-6.2.1.16_win32/bin/../lib/gcc/msp430-elf/6.2.1/large\libgcc.a(_addsub_sf.o)
 .comment       0x00000049       0x4a c:/ti/ccsv7/tools/compiler/msp430-gcc-6.2.1.16_win32/bin/../lib/gcc/msp430-elf/6.2.1/large\libgcc.a(_mul_sf.o)
 .comment       0x00000049       0x4a c:/ti/ccsv7/tools/compiler/msp430-gcc-6.2.1.16_win32/bin/../lib/gcc/msp430-elf/6.2.1/large\libgcc.a(_div_sf.o)
 .comment       0x00000049       0x4a c:/ti/ccsv7/tools/compiler/msp430-gcc-6.2.1.16_win32/bin/../lib/gcc/msp430-elf/6.2.1/large\libgcc.a(_ge_sf.o)
 .comment       0x00000049       0x4a c:/ti/ccsv7/tools/compiler/msp430-gcc-6.2.1.16_win32/bin/../lib/gcc/msp430-elf/6.2.1/large\libgcc.a(_si_to_sf.o)
 .comment       0x00000049       0x4a c:/ti/ccsv7/tools/compiler/msp430-gcc-6.2.1.16_win32/bin/../lib/gcc/msp430-elf/6.2.1/large\libgcc.a(_sf_to_df.o)
 .comment       0x00000049       0x4a c:/ti/ccsv7/tools/compiler/msp430-gcc-6.2.1.16_win32/bin/../lib/gcc/msp430-elf/6.2.1/large\libgcc.a(_thenan_sf.o)
 .comment       0x00000049       0x4a c:/ti/ccsv7/tools/compiler/msp430-gcc-6.2.1.16_win32/bin/../lib/gcc/msp430-elf/6.2.1/large\libgcc.a(_usi_to_sf.o)
 .comment       0x00000049       0x4a c:/ti/ccsv7/tools/compiler/msp430-gcc-6.2.1.16_win32/bin/../lib/gcc/msp430-elf/6.2.1/large\libgcc.a(_addsub_df.o)
 .comment       0x00000049       0x4a c:/ti/ccsv7/tools/compiler/msp430-gcc-6.2.1.16_win32/bin/../lib/gcc/msp430-elf/6.2.1/large\libgcc.a(_mul_df.o)
 .comment       0x00000049       0x4a c:/ti/ccsv7/tools/compiler/msp430-gcc-6.2.1.16_win32/bin/../lib/gcc/msp430-elf/6.2.1/large\libgcc.a(_div_df.o)
 .comment       0x00000049       0x4a c:/ti/ccsv7/tools/compiler/msp430-gcc-6.2.1.16_win32/bin/../lib/gcc/msp430-elf/6.2.1/large\libgcc.a(_gt_df.o)
 .comment       0x00000049       0x4a c:/ti/ccsv7/tools/compiler/msp430-gcc-6.2.1.16_win32/bin/../lib/gcc/msp430-elf/6.2.1/large\libgcc.a(_df_to_si.o)
 .comment       0x00000049       0x4a c:/ti/ccsv7/tools/compiler/msp430-gcc-6.2.1.16_win32/bin/../lib/gcc/msp430-elf/6.2.1/large\libgcc.a(_make_df.o)
 .comment       0x00000049       0x4a c:/ti/ccsv7/tools/compiler/msp430-gcc-6.2.1.16_win32/bin/../lib/gcc/msp430-elf/6.2.1/large\libgcc.a(_thenan_df.o)
 .comment       0x00000049       0x4a c:/ti/ccsv7/tools/compiler/msp430-gcc-6.2.1.16_win32/bin/../lib/gcc/msp430-elf/6.2.1/large\libgcc.a(_usi_to_df.o)
 .comment       0x00000049       0x4a c:/ti/ccsv7/tools/compiler/msp430-gcc-6.2.1.16_win32/bin/../lib/gcc/msp430-elf/6.2.1/large\libgcc.a(lib2divHI.o)
 .comment       0x00000049       0x4a c:/ti/ccsv7/tools/compiler/msp430-gcc-6.2.1.16_win32/bin/../lib/gcc/msp430-elf/6.2.1/large\libgcc.a(_muldi3.o)
 .comment       0x00000049       0x4a c:/ti/ccsv7/tools/compiler/msp430-gcc-6.2.1.16_win32/bin/../lib/gcc/msp430-elf/6.2.1/large\libgcc.a(_lshrdi3.o)
 .comment       0x00000049       0x4a c:/ti/ccsv7/tools/compiler/msp430-gcc-6.2.1.16_win32/bin/../lib/gcc/msp430-elf/6.2.1/large\libgcc.a(_ashldi3.o)
 .comment       0x00000049       0x4a c:/ti/ccsv7/tools/compiler/msp430-gcc-6.2.1.16_win32/bin/../lib/gcc/msp430-elf/6.2.1/large\libgcc.a(_clzsi2.o)
 .comment       0x00000049       0x4a c:/ti/ccsv7/tools/compiler/msp430-gcc-6.2.1.16_win32/bin/../lib/gcc/msp430-elf/6.2.1/large\libgcc.a(_pack_sf.o)
 .comment       0x00000049       0x4a c:/ti/ccsv7/tools/compiler/msp430-gcc-6.2.1.16_win32/bin/../lib/gcc/msp430-elf/6.2.1/large\libgcc.a(_unpack_sf.o)
 .comment       0x00000049       0x4a c:/ti/ccsv7/tools/compiler/msp430-gcc-6.2.1.16_win32/bin/../lib/gcc/msp430-elf/6.2.1/large\libgcc.a(_fpcmp_parts_sf.o)
 .comment       0x00000049       0x4a c:/ti/ccsv7/tools/compiler/msp430-gcc-6.2.1.16_win32/bin/../lib/gcc/msp430-elf/6.2.1/large\libgcc.a(_pack_df.o)
 .comment       0x00000049       0x4a c:/ti/ccsv7/tools/compiler/msp430-gcc-6.2.1.16_win32/bin/../lib/gcc/msp430-elf/6.2.1/large\libgcc.a(_unpack_df.o)
 .comment       0x00000049       0x4a c:/ti/ccsv7/tools/compiler/msp430-gcc-6.2.1.16_win32/bin/../lib/gcc/msp430-elf/6.2.1/large\libgcc.a(_fpcmp_parts_df.o)
 .comment       0x00000049       0x4a c:/ti/ccsv7/tools/compiler/msp430-gcc-6.2.1.16_win32/bin/../lib/gcc/msp430-elf/6.2.1/large\libgcc.a(_clz.o)
 .comment       0x00000049       0x4a c:/ti/ccsv7/tools/compiler/msp430-gcc-6.2.1.16_win32/bin/../lib/gcc/msp430-elf/6.2.1/../../../../msp430-elf/lib/large\libc.a(lib_a-calloc.o)
 .comment       0x00000049       0x4a c:/ti/ccsv7/tools/compiler/msp430-gcc-6.2.1.16_win32/bin/../lib/gcc/msp430-elf/6.2.1/../../../../msp430-elf/lib/large\libc.a(lib_a-fprintf.o)
 .comment       0x00000049       0x4a c:/ti/ccsv7/tools/compiler/msp430-gcc-6.2.1.16_win32/bin/../lib/gcc/msp430-elf/6.2.1/../../../../msp430-elf/lib/large\libc.a(lib_a-fputs.o)
 .comment       0x00000049       0x4a c:/ti/ccsv7/tools/compiler/msp430-gcc-6.2.1.16_win32/bin/../lib/gcc/msp430-elf/6.2.1/../../../../msp430-elf/lib/large\libc.a(lib_a-fvwrite.o)
 .comment       0x00000049       0x4a c:/ti/ccsv7/tools/compiler/msp430-gcc-6.2.1.16_win32/bin/../lib/gcc/msp430-elf/6.2.1/../../../../msp430-elf/lib/large\libc.a(lib_a-impure.o)
 .comment       0x00000049       0x4a c:/ti/ccsv7/tools/compiler/msp430-gcc-6.2.1.16_win32/bin/../lib/gcc/msp430-elf/6.2.1/../../../../msp430-elf/lib/large\libc.a(lib_a-malloc.o)
 .comment       0x00000049       0x4a c:/ti/ccsv7/tools/compiler/msp430-gcc-6.2.1.16_win32/bin/../lib/gcc/msp430-elf/6.2.1/../../../../msp430-elf/lib/large\libc.a(lib_a-memchr.o)
 .comment       0x00000049       0x4a c:/ti/ccsv7/tools/compiler/msp430-gcc-6.2.1.16_win32/bin/../lib/gcc/msp430-elf/6.2.1/../../../../msp430-elf/lib/large\libc.a(lib_a-memcpy.o)
 .comment       0x00000049       0x4a c:/ti/ccsv7/tools/compiler/msp430-gcc-6.2.1.16_win32/bin/../lib/gcc/msp430-elf/6.2.1/../../../../msp430-elf/lib/large\libc.a(lib_a-memmove.o)
 .comment       0x00000049       0x4a c:/ti/ccsv7/tools/compiler/msp430-gcc-6.2.1.16_win32/bin/../lib/gcc/msp430-elf/6.2.1/../../../../msp430-elf/lib/large\libc.a(lib_a-memset.o)
 .comment       0x00000049       0x4a c:/ti/ccsv7/tools/compiler/msp430-gcc-6.2.1.16_win32/bin/../lib/gcc/msp430-elf/6.2.1/../../../../msp430-elf/lib/large\libc.a(lib_a-nano-callocr.o)
 .comment       0x00000049       0x4a c:/ti/ccsv7/tools/compiler/msp430-gcc-6.2.1.16_win32/bin/../lib/gcc/msp430-elf/6.2.1/../../../../msp430-elf/lib/large\libc.a(lib_a-nano-freer.o)
 .comment       0x00000049       0x4a c:/ti/ccsv7/tools/compiler/msp430-gcc-6.2.1.16_win32/bin/../lib/gcc/msp430-elf/6.2.1/../../../../msp430-elf/lib/large\libc.a(lib_a-nano-mallocr.o)
 .comment       0x00000049       0x4a c:/ti/ccsv7/tools/compiler/msp430-gcc-6.2.1.16_win32/bin/../lib/gcc/msp430-elf/6.2.1/../../../../msp430-elf/lib/large\libc.a(lib_a-nano-reallocr.o)
 .comment       0x00000049       0x4a c:/ti/ccsv7/tools/compiler/msp430-gcc-6.2.1.16_win32/bin/../lib/gcc/msp430-elf/6.2.1/../../../../msp430-elf/lib/large\libc.a(lib_a-nano-vfprintf.o)
 .comment       0x00000049       0x4a c:/ti/ccsv7/tools/compiler/msp430-gcc-6.2.1.16_win32/bin/../lib/gcc/msp430-elf/6.2.1/../../../../msp430-elf/lib/large\libc.a(lib_a-printf.o)
 .comment       0x00000049       0x4a c:/ti/ccsv7/tools/compiler/msp430-gcc-6.2.1.16_win32/bin/../lib/gcc/msp430-elf/6.2.1/../../../../msp430-elf/lib/large\libc.a(lib_a-realloc.o)
 .comment       0x00000049       0x4a c:/ti/ccsv7/tools/compiler/msp430-gcc-6.2.1.16_win32/bin/../lib/gcc/msp430-elf/6.2.1/../../../../msp430-elf/lib/large\libc.a(lib_a-sbrkr.o)
 .comment       0x00000049       0x4a c:/ti/ccsv7/tools/compiler/msp430-gcc-6.2.1.16_win32/bin/../lib/gcc/msp430-elf/6.2.1/../../../../msp430-elf/lib/large\libc.a(lib_a-strcpy.o)
 .comment       0x00000049       0x4a c:/ti/ccsv7/tools/compiler/msp430-gcc-6.2.1.16_win32/bin/../lib/gcc/msp430-elf/6.2.1/../../../../msp430-elf/lib/large\libc.a(lib_a-strlen.o)
 .comment       0x00000049       0x4a c:/ti/ccsv7/tools/compiler/msp430-gcc-6.2.1.16_win32/bin/../lib/gcc/msp430-elf/6.2.1/../../../../msp430-elf/lib/large\libc.a(lib_a-vsnprintf.o)
 .comment       0x00000049       0x4a c:/ti/ccsv7/tools/compiler/msp430-gcc-6.2.1.16_win32/bin/../lib/gcc/msp430-elf/6.2.1/../../../../msp430-elf/lib/large\libc.a(lib_a-wbuf.o)
 .comment       0x00000049       0x4a c:/ti/ccsv7/tools/compiler/msp430-gcc-6.2.1.16_win32/bin/../lib/gcc/msp430-elf/6.2.1/../../../../msp430-elf/lib/large\libc.a(lib_a-wsetup.o)
 .comment       0x00000049       0x4a c:/ti/ccsv7/tools/compiler/msp430-gcc-6.2.1.16_win32/bin/../lib/gcc/msp430-elf/6.2.1/../../../../msp430-elf/lib/large\libc.a(lib_a-fflush.o)
 .comment       0x00000049       0x4a c:/ti/ccsv7/tools/compiler/msp430-gcc-6.2.1.16_win32/bin/../lib/gcc/msp430-elf/6.2.1/../../../../msp430-elf/lib/large\libc.a(lib_a-findfp.o)
 .comment       0x00000049       0x4a c:/ti/ccsv7/tools/compiler/msp430-gcc-6.2.1.16_win32/bin/../lib/gcc/msp430-elf/6.2.1/../../../../msp430-elf/lib/large\libc.a(lib_a-fputwc.o)
 .comment       0x00000049       0x4a c:/ti/ccsv7/tools/compiler/msp430-gcc-6.2.1.16_win32/bin/../lib/gcc/msp430-elf/6.2.1/../../../../msp430-elf/lib/large\libc.a(lib_a-fwalk.o)
 .comment       0x00000049       0x4a c:/ti/ccsv7/tools/compiler/msp430-gcc-6.2.1.16_win32/bin/../lib/gcc/msp430-elf/6.2.1/../../../../msp430-elf/lib/large\libc.a(lib_a-locale.o)
 .comment       0x00000049       0x4a c:/ti/ccsv7/tools/compiler/msp430-gcc-6.2.1.16_win32/bin/../lib/gcc/msp430-elf/6.2.1/../../../../msp430-elf/lib/large\libc.a(lib_a-makebuf.o)
 .comment       0x00000049       0x4a c:/ti/ccsv7/tools/compiler/msp430-gcc-6.2.1.16_win32/bin/../lib/gcc/msp430-elf/6.2.1/../../../../msp430-elf/lib/large\libc.a(lib_a-nano-msizer.o)
 .comment       0x00000049       0x4a c:/ti/ccsv7/tools/compiler/msp430-gcc-6.2.1.16_win32/bin/../lib/gcc/msp430-elf/6.2.1/../../../../msp430-elf/lib/large\libc.a(lib_a-nano-svfprintf.o)
 .comment       0x00000049       0x4a c:/ti/ccsv7/tools/compiler/msp430-gcc-6.2.1.16_win32/bin/../lib/gcc/msp430-elf/6.2.1/../../../../msp430-elf/lib/large\libc.a(lib_a-nano-vfprintf_i.o)
 .comment       0x00000049       0x4a c:/ti/ccsv7/tools/compiler/msp430-gcc-6.2.1.16_win32/bin/../lib/gcc/msp430-elf/6.2.1/../../../../msp430-elf/lib/large\libc.a(lib_a-reent.o)
 .comment       0x00000049       0x4a c:/ti/ccsv7/tools/compiler/msp430-gcc-6.2.1.16_win32/bin/../lib/gcc/msp430-elf/6.2.1/../../../../msp430-elf/lib/large\libc.a(lib_a-stdio.o)
 .comment       0x00000049       0x4a c:/ti/ccsv7/tools/compiler/msp430-gcc-6.2.1.16_win32/bin/../lib/gcc/msp430-elf/6.2.1/../../../../msp430-elf/lib/large\libc.a(lib_a-strcmp.o)
 .comment       0x00000049       0x4a c:/ti/ccsv7/tools/compiler/msp430-gcc-6.2.1.16_win32/bin/../lib/gcc/msp430-elf/6.2.1/../../../../msp430-elf/lib/large\libc.a(lib_a-wcrtomb.o)
 .comment       0x00000049       0x4a c:/ti/ccsv7/tools/compiler/msp430-gcc-6.2.1.16_win32/bin/../lib/gcc/msp430-elf/6.2.1/../../../../msp430-elf/lib/large\libc.a(lib_a-wctomb_r.o)
 .comment       0x00000049       0x4a c:/ti/ccsv7/tools/compiler/msp430-gcc-6.2.1.16_win32/bin/../lib/gcc/msp430-elf/6.2.1/../../../../msp430-elf/lib/large\libc.a(lib_a-writer.o)
 .comment       0x00000049       0x4a c:/ti/ccsv7/tools/compiler/msp430-gcc-6.2.1.16_win32/bin/../lib/gcc/msp430-elf/6.2.1/../../../../msp430-elf/lib/large\libc.a(lib_a-closer.o)
 .comment       0x00000049       0x4a c:/ti/ccsv7/tools/compiler/msp430-gcc-6.2.1.16_win32/bin/../lib/gcc/msp430-elf/6.2.1/../../../../msp430-elf/lib/large\libc.a(lib_a-fclose.o)
 .comment       0x00000049       0x4a c:/ti/ccsv7/tools/compiler/msp430-gcc-6.2.1.16_win32/bin/../lib/gcc/msp430-elf/6.2.1/../../../../msp430-elf/lib/large\libc.a(lib_a-fstatr.o)
 .comment       0x00000049       0x4a c:/ti/ccsv7/tools/compiler/msp430-gcc-6.2.1.16_win32/bin/../lib/gcc/msp430-elf/6.2.1/../../../../msp430-elf/lib/large\libc.a(lib_a-isattyr.o)
 .comment       0x00000049       0x4a c:/ti/ccsv7/tools/compiler/msp430-gcc-6.2.1.16_win32/bin/../lib/gcc/msp430-elf/6.2.1/../../../../msp430-elf/lib/large\libc.a(lib_a-lseekr.o)
 .comment       0x00000049       0x4a c:/ti/ccsv7/tools/compiler/msp430-gcc-6.2.1.16_win32/bin/../lib/gcc/msp430-elf/6.2.1/../../../../msp430-elf/lib/large\libc.a(lib_a-readr.o)
 .comment       0x00000049       0x4a c:/ti/ccsv7/tools/compiler/msp430-gcc-6.2.1.16_win32/bin/../lib/gcc/msp430-elf/6.2.1/large\libgcc.a(lib2divSI.o)
 .comment       0x00000049       0x4a c:/ti/ccsv7/tools/compiler/msp430-gcc-6.2.1.16_win32/bin/../lib/gcc/msp430-elf/6.2.1/large\libgcc.a(_udivdi3.o)
 .comment       0x00000049       0x4a c:/ti/ccsv7/tools/compiler/msp430-gcc-6.2.1.16_win32/bin/../lib/gcc/msp430-elf/6.2.1/large\libgcc.a(_clzdi2.o)
 .comment       0x00000049       0x4a c:/ti/ccsv7/tools/compiler/msp430-gcc-6.2.1.16_win32/bin/../lib/gcc/msp430-elf/6.2.1/../../../../msp430-elf/lib/large\libnosys.a(write.o)
 .comment       0x00000049       0x4a c:/ti/ccsv7/tools/compiler/msp430-gcc-6.2.1.16_win32/bin/../lib/gcc/msp430-elf/6.2.1/../../../../msp430-elf/lib/large\libnosys.a(sbrk.o)
 .comment       0x00000049       0x4a c:/ti/ccsv7/tools/compiler/msp430-gcc-6.2.1.16_win32/bin/../lib/gcc/msp430-elf/6.2.1/../../../../msp430-elf/lib/large\libc.a(lib_a-abort.o)
 .comment       0x00000049       0x4a c:/ti/ccsv7/tools/compiler/msp430-gcc-6.2.1.16_win32/bin/../lib/gcc/msp430-elf/6.2.1/../../../../msp430-elf/lib/large\libc.a(lib_a-errno.o)