<?xml version="1.0"?>
<link_info>
   <banner>MSP430 Linker PC v16.9.4.LTS</banner>
   <copyright>Copyright (c) 2003-2017 Texas Instruments Incorporated</copyright>
   <link_time>0x59ee48b3</link_time>
   <link_errors>0x0</link_errors>
   <output_file>mspFANN.out</output_file>
   <entry_point>
      <name>_c_int00_noargs</name>
      <address>0x5400</address>
   </entry_point>
   <input_file_list>
      <input_file id="fl-2">
         <path>.\</path>
         <kind>object</kind>
         <file>main.obj</file>
         <name>main.obj</name>
      </input_file>
      <input_file id="fl-3">
         <path>.\src\</path>
         <kind>object</kind>
         <file>fann.obj</file>
         <name>fann.obj</name>
      </input_file>
      <input_file id="fl-4">
         <path>.\src\</path>
         <kind>object</kind>
         <file>fann_cascade.obj</file>
         <name>fann_cascade.obj</name>
      </input_file>
      <input_file id="fl-5">
         <path>.\src\</path>
         <kind>object</kind>
         <file>fann_error.obj</file>
         <name>fann_error.obj</name>
      </input_file>
      <input_file id="fl-6">
         <path>.\src\</path>
         <kind>object</kind>
         <file>fann_io.obj</file>
         <name>fann_io.obj</name>
      </input_file>
      <input_file id="fl-7">
         <path>.\src\</path>
         <kind>object</kind>
         <file>fann_train.obj</file>
         <name>fann_train.obj</name>
      </input_file>
      <input_file id="fl-8">
         <path>.\src\</path>
         <kind>object</kind>
         <file>fann_train_data.obj</file>
         <name>fann_train_data.obj</name>
      </input_file>
      <input_file id="fl-e">
         <kind>object</kind>
         <file>&lt;internal&gt;</file>
         <name>&lt;internal&gt;</name>
      </input_file>
      <input_file id="fl-29">
         <path>C:\ti\ccsv7\tools\compiler\ti-cgt-msp430_16.9.4.LTS\lib\</path>
         <kind>archive</kind>
         <file>rts430x_lc_rd_eabi.lib</file>
         <name>copy_decompress_lzss.obj</name>
      </input_file>
      <input_file id="fl-2a">
         <path>C:\ti\ccsv7\tools\compiler\ti-cgt-msp430_16.9.4.LTS\lib\</path>
         <kind>archive</kind>
         <file>rts430x_lc_rd_eabi.lib</file>
         <name>copy_decompress_none.obj</name>
      </input_file>
      <input_file id="fl-2b">
         <path>C:\ti\ccsv7\tools\compiler\ti-cgt-msp430_16.9.4.LTS\lib\</path>
         <kind>archive</kind>
         <file>rts430x_lc_rd_eabi.lib</file>
         <name>int18.obj</name>
      </input_file>
      <input_file id="fl-2c">
         <path>C:\ti\ccsv7\tools\compiler\ti-cgt-msp430_16.9.4.LTS\lib\</path>
         <kind>archive</kind>
         <file>rts430x_lc_rd_eabi.lib</file>
         <name>isr_trap.obj</name>
      </input_file>
      <input_file id="fl-2d">
         <path>C:\ti\ccsv7\tools\compiler\ti-cgt-msp430_16.9.4.LTS\lib\</path>
         <kind>archive</kind>
         <file>rts430x_lc_rd_eabi.lib</file>
         <name>int19.obj</name>
      </input_file>
      <input_file id="fl-2e">
         <path>C:\ti\ccsv7\tools\compiler\ti-cgt-msp430_16.9.4.LTS\lib\</path>
         <kind>archive</kind>
         <file>rts430x_lc_rd_eabi.lib</file>
         <name>int20.obj</name>
      </input_file>
      <input_file id="fl-2f">
         <path>C:\ti\ccsv7\tools\compiler\ti-cgt-msp430_16.9.4.LTS\lib\</path>
         <kind>archive</kind>
         <file>rts430x_lc_rd_eabi.lib</file>
         <name>int21.obj</name>
      </input_file>
      <input_file id="fl-30">
         <path>C:\ti\ccsv7\tools\compiler\ti-cgt-msp430_16.9.4.LTS\lib\</path>
         <kind>archive</kind>
         <file>rts430x_lc_rd_eabi.lib</file>
         <name>int22.obj</name>
      </input_file>
      <input_file id="fl-31">
         <path>C:\ti\ccsv7\tools\compiler\ti-cgt-msp430_16.9.4.LTS\lib\</path>
         <kind>archive</kind>
         <file>rts430x_lc_rd_eabi.lib</file>
         <name>int23.obj</name>
      </input_file>
      <input_file id="fl-32">
         <path>C:\ti\ccsv7\tools\compiler\ti-cgt-msp430_16.9.4.LTS\lib\</path>
         <kind>archive</kind>
         <file>rts430x_lc_rd_eabi.lib</file>
         <name>int24.obj</name>
      </input_file>
      <input_file id="fl-33">
         <path>C:\ti\ccsv7\tools\compiler\ti-cgt-msp430_16.9.4.LTS\lib\</path>
         <kind>archive</kind>
         <file>rts430x_lc_rd_eabi.lib</file>
         <name>int25.obj</name>
      </input_file>
      <input_file id="fl-34">
         <path>C:\ti\ccsv7\tools\compiler\ti-cgt-msp430_16.9.4.LTS\lib\</path>
         <kind>archive</kind>
         <file>rts430x_lc_rd_eabi.lib</file>
         <name>int26.obj</name>
      </input_file>
      <input_file id="fl-35">
         <path>C:\ti\ccsv7\tools\compiler\ti-cgt-msp430_16.9.4.LTS\lib\</path>
         <kind>archive</kind>
         <file>rts430x_lc_rd_eabi.lib</file>
         <name>int27.obj</name>
      </input_file>
      <input_file id="fl-36">
         <path>C:\ti\ccsv7\tools\compiler\ti-cgt-msp430_16.9.4.LTS\lib\</path>
         <kind>archive</kind>
         <file>rts430x_lc_rd_eabi.lib</file>
         <name>int28.obj</name>
      </input_file>
      <input_file id="fl-37">
         <path>C:\ti\ccsv7\tools\compiler\ti-cgt-msp430_16.9.4.LTS\lib\</path>
         <kind>archive</kind>
         <file>rts430x_lc_rd_eabi.lib</file>
         <name>int29.obj</name>
      </input_file>
      <input_file id="fl-38">
         <path>C:\ti\ccsv7\tools\compiler\ti-cgt-msp430_16.9.4.LTS\lib\</path>
         <kind>archive</kind>
         <file>rts430x_lc_rd_eabi.lib</file>
         <name>int30.obj</name>
      </input_file>
      <input_file id="fl-39">
         <path>C:\ti\ccsv7\tools\compiler\ti-cgt-msp430_16.9.4.LTS\lib\</path>
         <kind>archive</kind>
         <file>rts430x_lc_rd_eabi.lib</file>
         <name>int31.obj</name>
      </input_file>
      <input_file id="fl-3a">
         <path>C:\ti\ccsv7\tools\compiler\ti-cgt-msp430_16.9.4.LTS\lib\</path>
         <kind>archive</kind>
         <file>rts430x_lc_rd_eabi.lib</file>
         <name>int32.obj</name>
      </input_file>
      <input_file id="fl-3b">
         <path>C:\ti\ccsv7\tools\compiler\ti-cgt-msp430_16.9.4.LTS\lib\</path>
         <kind>archive</kind>
         <file>rts430x_lc_rd_eabi.lib</file>
         <name>int33.obj</name>
      </input_file>
      <input_file id="fl-3c">
         <path>C:\ti\ccsv7\tools\compiler\ti-cgt-msp430_16.9.4.LTS\lib\</path>
         <kind>archive</kind>
         <file>rts430x_lc_rd_eabi.lib</file>
         <name>int34.obj</name>
      </input_file>
      <input_file id="fl-3d">
         <path>C:\ti\ccsv7\tools\compiler\ti-cgt-msp430_16.9.4.LTS\lib\</path>
         <kind>archive</kind>
         <file>rts430x_lc_rd_eabi.lib</file>
         <name>int35.obj</name>
      </input_file>
      <input_file id="fl-3e">
         <path>C:\ti\ccsv7\tools\compiler\ti-cgt-msp430_16.9.4.LTS\lib\</path>
         <kind>archive</kind>
         <file>rts430x_lc_rd_eabi.lib</file>
         <name>int36.obj</name>
      </input_file>
      <input_file id="fl-3f">
         <path>C:\ti\ccsv7\tools\compiler\ti-cgt-msp430_16.9.4.LTS\lib\</path>
         <kind>archive</kind>
         <file>rts430x_lc_rd_eabi.lib</file>
         <name>int37.obj</name>
      </input_file>
      <input_file id="fl-40">
         <path>C:\ti\ccsv7\tools\compiler\ti-cgt-msp430_16.9.4.LTS\lib\</path>
         <kind>archive</kind>
         <file>rts430x_lc_rd_eabi.lib</file>
         <name>int38.obj</name>
      </input_file>
      <input_file id="fl-41">
         <path>C:\ti\ccsv7\tools\compiler\ti-cgt-msp430_16.9.4.LTS\lib\</path>
         <kind>archive</kind>
         <file>rts430x_lc_rd_eabi.lib</file>
         <name>int39.obj</name>
      </input_file>
      <input_file id="fl-42">
         <path>C:\ti\ccsv7\tools\compiler\ti-cgt-msp430_16.9.4.LTS\lib\</path>
         <kind>archive</kind>
         <file>rts430x_lc_rd_eabi.lib</file>
         <name>int40.obj</name>
      </input_file>
      <input_file id="fl-43">
         <path>C:\ti\ccsv7\tools\compiler\ti-cgt-msp430_16.9.4.LTS\lib\</path>
         <kind>archive</kind>
         <file>rts430x_lc_rd_eabi.lib</file>
         <name>int41.obj</name>
      </input_file>
      <input_file id="fl-44">
         <path>C:\ti\ccsv7\tools\compiler\ti-cgt-msp430_16.9.4.LTS\lib\</path>
         <kind>archive</kind>
         <file>rts430x_lc_rd_eabi.lib</file>
         <name>int42.obj</name>
      </input_file>
      <input_file id="fl-45">
         <path>C:\ti\ccsv7\tools\compiler\ti-cgt-msp430_16.9.4.LTS\lib\</path>
         <kind>archive</kind>
         <file>rts430x_lc_rd_eabi.lib</file>
         <name>int43.obj</name>
      </input_file>
      <input_file id="fl-46">
         <path>C:\ti\ccsv7\tools\compiler\ti-cgt-msp430_16.9.4.LTS\lib\</path>
         <kind>archive</kind>
         <file>rts430x_lc_rd_eabi.lib</file>
         <name>int44.obj</name>
      </input_file>
      <input_file id="fl-47">
         <path>C:\ti\ccsv7\tools\compiler\ti-cgt-msp430_16.9.4.LTS\lib\</path>
         <kind>archive</kind>
         <file>rts430x_lc_rd_eabi.lib</file>
         <name>int45.obj</name>
      </input_file>
      <input_file id="fl-48">
         <path>C:\ti\ccsv7\tools\compiler\ti-cgt-msp430_16.9.4.LTS\lib\</path>
         <kind>archive</kind>
         <file>rts430x_lc_rd_eabi.lib</file>
         <name>int46.obj</name>
      </input_file>
      <input_file id="fl-49">
         <path>C:\ti\ccsv7\tools\compiler\ti-cgt-msp430_16.9.4.LTS\lib\</path>
         <kind>archive</kind>
         <file>rts430x_lc_rd_eabi.lib</file>
         <name>int47.obj</name>
      </input_file>
      <input_file id="fl-4a">
         <path>C:\ti\ccsv7\tools\compiler\ti-cgt-msp430_16.9.4.LTS\lib\</path>
         <kind>archive</kind>
         <file>rts430x_lc_rd_eabi.lib</file>
         <name>int48.obj</name>
      </input_file>
      <input_file id="fl-4b">
         <path>C:\ti\ccsv7\tools\compiler\ti-cgt-msp430_16.9.4.LTS\lib\</path>
         <kind>archive</kind>
         <file>rts430x_lc_rd_eabi.lib</file>
         <name>int49.obj</name>
      </input_file>
      <input_file id="fl-4c">
         <path>C:\ti\ccsv7\tools\compiler\ti-cgt-msp430_16.9.4.LTS\lib\</path>
         <kind>archive</kind>
         <file>rts430x_lc_rd_eabi.lib</file>
         <name>int50.obj</name>
      </input_file>
      <input_file id="fl-4d">
         <path>C:\ti\ccsv7\tools\compiler\ti-cgt-msp430_16.9.4.LTS\lib\</path>
         <kind>archive</kind>
         <file>rts430x_lc_rd_eabi.lib</file>
         <name>int51.obj</name>
      </input_file>
      <input_file id="fl-4e">
         <path>C:\ti\ccsv7\tools\compiler\ti-cgt-msp430_16.9.4.LTS\lib\</path>
         <kind>archive</kind>
         <file>rts430x_lc_rd_eabi.lib</file>
         <name>int52.obj</name>
      </input_file>
      <input_file id="fl-4f">
         <path>C:\ti\ccsv7\tools\compiler\ti-cgt-msp430_16.9.4.LTS\lib\</path>
         <kind>archive</kind>
         <file>rts430x_lc_rd_eabi.lib</file>
         <name>int53.obj</name>
      </input_file>
      <input_file id="fl-50">
         <path>C:\ti\ccsv7\tools\compiler\ti-cgt-msp430_16.9.4.LTS\lib\</path>
         <kind>archive</kind>
         <file>rts430x_lc_rd_eabi.lib</file>
         <name>int54.obj</name>
      </input_file>
      <input_file id="fl-51">
         <path>C:\ti\ccsv7\tools\compiler\ti-cgt-msp430_16.9.4.LTS\lib\</path>
         <kind>archive</kind>
         <file>rts430x_lc_rd_eabi.lib</file>
         <name>copy_zero_init.obj</name>
      </input_file>
      <input_file id="fl-52">
         <path>C:\ti\ccsv7\tools\compiler\ti-cgt-msp430_16.9.4.LTS\lib\</path>
         <kind>archive</kind>
         <file>rts430x_lc_rd_eabi.lib</file>
         <name>addd.obj</name>
      </input_file>
      <input_file id="fl-53">
         <path>C:\ti\ccsv7\tools\compiler\ti-cgt-msp430_16.9.4.LTS\lib\</path>
         <kind>archive</kind>
         <file>rts430x_lc_rd_eabi.lib</file>
         <name>frcaddd.obj</name>
      </input_file>
      <input_file id="fl-54">
         <path>C:\ti\ccsv7\tools\compiler\ti-cgt-msp430_16.9.4.LTS\lib\</path>
         <kind>archive</kind>
         <file>rts430x_lc_rd_eabi.lib</file>
         <name>renormd.obj</name>
      </input_file>
      <input_file id="fl-55">
         <path>C:\ti\ccsv7\tools\compiler\ti-cgt-msp430_16.9.4.LTS\lib\</path>
         <kind>archive</kind>
         <file>rts430x_lc_rd_eabi.lib</file>
         <name>fs_add.obj</name>
      </input_file>
      <input_file id="fl-56">
         <path>C:\ti\ccsv7\tools\compiler\ti-cgt-msp430_16.9.4.LTS\lib\</path>
         <kind>archive</kind>
         <file>rts430x_lc_rd_eabi.lib</file>
         <name>cmpd.obj</name>
      </input_file>
      <input_file id="fl-57">
         <path>C:\ti\ccsv7\tools\compiler\ti-cgt-msp430_16.9.4.LTS\lib\</path>
         <kind>archive</kind>
         <file>rts430x_lc_rd_eabi.lib</file>
         <name>fs_cmp.obj</name>
      </input_file>
      <input_file id="fl-58">
         <path>C:\ti\ccsv7\tools\compiler\ti-cgt-msp430_16.9.4.LTS\lib\</path>
         <kind>archive</kind>
         <file>rts430x_lc_rd_eabi.lib</file>
         <name>cvtfd.obj</name>
      </input_file>
      <input_file id="fl-59">
         <path>C:\ti\ccsv7\tools\compiler\ti-cgt-msp430_16.9.4.LTS\lib\</path>
         <kind>archive</kind>
         <file>rts430x_lc_rd_eabi.lib</file>
         <name>divd.obj</name>
      </input_file>
      <input_file id="fl-5a">
         <path>C:\ti\ccsv7\tools\compiler\ti-cgt-msp430_16.9.4.LTS\lib\</path>
         <kind>archive</kind>
         <file>rts430x_lc_rd_eabi.lib</file>
         <name>frcdivd.obj</name>
      </input_file>
      <input_file id="fl-5b">
         <path>C:\ti\ccsv7\tools\compiler\ti-cgt-msp430_16.9.4.LTS\lib\</path>
         <kind>archive</kind>
         <file>rts430x_lc_rd_eabi.lib</file>
         <name>fs_div.obj</name>
      </input_file>
      <input_file id="fl-5c">
         <path>C:\ti\ccsv7\tools\compiler\ti-cgt-msp430_16.9.4.LTS\lib\</path>
         <kind>archive</kind>
         <file>rts430x_lc_rd_eabi.lib</file>
         <name>div16s.obj</name>
      </input_file>
      <input_file id="fl-5d">
         <path>C:\ti\ccsv7\tools\compiler\ti-cgt-msp430_16.9.4.LTS\lib\</path>
         <kind>archive</kind>
         <file>rts430x_lc_rd_eabi.lib</file>
         <name>div16u.obj</name>
      </input_file>
      <input_file id="fl-5e">
         <path>C:\ti\ccsv7\tools\compiler\ti-cgt-msp430_16.9.4.LTS\lib\</path>
         <kind>archive</kind>
         <file>rts430x_lc_rd_eabi.lib</file>
         <name>fixdi.obj</name>
      </input_file>
      <input_file id="fl-5f">
         <path>C:\ti\ccsv7\tools\compiler\ti-cgt-msp430_16.9.4.LTS\lib\</path>
         <kind>archive</kind>
         <file>rts430x_lc_rd_eabi.lib</file>
         <name>fixdli.obj</name>
      </input_file>
      <input_file id="fl-60">
         <path>C:\ti\ccsv7\tools\compiler\ti-cgt-msp430_16.9.4.LTS\lib\</path>
         <kind>archive</kind>
         <file>rts430x_lc_rd_eabi.lib</file>
         <name>fs_toi.obj</name>
      </input_file>
      <input_file id="fl-61">
         <path>C:\ti\ccsv7\tools\compiler\ti-cgt-msp430_16.9.4.LTS\lib\</path>
         <kind>archive</kind>
         <file>rts430x_lc_rd_eabi.lib</file>
         <name>fltid.obj</name>
      </input_file>
      <input_file id="fl-62">
         <path>C:\ti\ccsv7\tools\compiler\ti-cgt-msp430_16.9.4.LTS\lib\</path>
         <kind>archive</kind>
         <file>rts430x_lc_rd_eabi.lib</file>
         <name>fs_itof.obj</name>
      </input_file>
      <input_file id="fl-63">
         <path>C:\ti\ccsv7\tools\compiler\ti-cgt-msp430_16.9.4.LTS\lib\</path>
         <kind>archive</kind>
         <file>rts430x_lc_rd_eabi.lib</file>
         <name>fltlid.obj</name>
      </input_file>
      <input_file id="fl-64">
         <path>C:\ti\ccsv7\tools\compiler\ti-cgt-msp430_16.9.4.LTS\lib\</path>
         <kind>archive</kind>
         <file>rts430x_lc_rd_eabi.lib</file>
         <name>fltud.obj</name>
      </input_file>
      <input_file id="fl-65">
         <path>C:\ti\ccsv7\tools\compiler\ti-cgt-msp430_16.9.4.LTS\lib\</path>
         <kind>archive</kind>
         <file>rts430x_lc_rd_eabi.lib</file>
         <name>fs_utof.obj</name>
      </input_file>
      <input_file id="fl-66">
         <path>C:\ti\ccsv7\tools\compiler\ti-cgt-msp430_16.9.4.LTS\lib\</path>
         <kind>archive</kind>
         <file>rts430x_lc_rd_eabi.lib</file>
         <name>fltuld.obj</name>
      </input_file>
      <input_file id="fl-67">
         <path>C:\ti\ccsv7\tools\compiler\ti-cgt-msp430_16.9.4.LTS\lib\</path>
         <kind>archive</kind>
         <file>rts430x_lc_rd_eabi.lib</file>
         <name>mpyd.obj</name>
      </input_file>
      <input_file id="fl-68">
         <path>C:\ti\ccsv7\tools\compiler\ti-cgt-msp430_16.9.4.LTS\lib\</path>
         <kind>archive</kind>
         <file>rts430x_lc_rd_eabi.lib</file>
         <name>frcmpyd.obj</name>
      </input_file>
      <input_file id="fl-69">
         <path>C:\ti\ccsv7\tools\compiler\ti-cgt-msp430_16.9.4.LTS\lib\</path>
         <kind>archive</kind>
         <file>rts430x_lc_rd_eabi.lib</file>
         <name>fs_mpy.obj</name>
      </input_file>
      <input_file id="fl-6a">
         <path>C:\ti\ccsv7\tools\compiler\ti-cgt-msp430_16.9.4.LTS\lib\</path>
         <kind>archive</kind>
         <file>rts430x_lc_rd_eabi.lib</file>
         <name>mult16.obj</name>
      </input_file>
      <input_file id="fl-6b">
         <path>C:\ti\ccsv7\tools\compiler\ti-cgt-msp430_16.9.4.LTS\lib\</path>
         <kind>archive</kind>
         <file>rts430x_lc_rd_eabi.lib</file>
         <name>mult16_f5hw.obj</name>
      </input_file>
      <input_file id="fl-6c">
         <path>C:\ti\ccsv7\tools\compiler\ti-cgt-msp430_16.9.4.LTS\lib\</path>
         <kind>archive</kind>
         <file>rts430x_lc_rd_eabi.lib</file>
         <name>mult32.obj</name>
      </input_file>
      <input_file id="fl-6d">
         <path>C:\ti\ccsv7\tools\compiler\ti-cgt-msp430_16.9.4.LTS\lib\</path>
         <kind>archive</kind>
         <file>rts430x_lc_rd_eabi.lib</file>
         <name>mult32_f5hw.obj</name>
      </input_file>
      <input_file id="fl-6e">
         <path>C:\ti\ccsv7\tools\compiler\ti-cgt-msp430_16.9.4.LTS\lib\</path>
         <kind>archive</kind>
         <file>rts430x_lc_rd_eabi.lib</file>
         <name>mult64_f5hw.obj</name>
      </input_file>
      <input_file id="fl-6f">
         <path>C:\ti\ccsv7\tools\compiler\ti-cgt-msp430_16.9.4.LTS\lib\</path>
         <kind>archive</kind>
         <file>rts430x_lc_rd_eabi.lib</file>
         <name>mult1632_f5hw.obj</name>
      </input_file>
      <input_file id="fl-70">
         <path>C:\ti\ccsv7\tools\compiler\ti-cgt-msp430_16.9.4.LTS\lib\</path>
         <kind>archive</kind>
         <file>rts430x_lc_rd_eabi.lib</file>
         <name>mult3264_f5hw.obj</name>
      </input_file>
      <input_file id="fl-71">
         <path>C:\ti\ccsv7\tools\compiler\ti-cgt-msp430_16.9.4.LTS\lib\</path>
         <kind>archive</kind>
         <file>rts430x_lc_rd_eabi.lib</file>
         <name>lsl32.obj</name>
      </input_file>
      <input_file id="fl-72">
         <path>C:\ti\ccsv7\tools\compiler\ti-cgt-msp430_16.9.4.LTS\lib\</path>
         <kind>archive</kind>
         <file>rts430x_lc_rd_eabi.lib</file>
         <name>asr16.obj</name>
      </input_file>
      <input_file id="fl-73">
         <path>C:\ti\ccsv7\tools\compiler\ti-cgt-msp430_16.9.4.LTS\lib\</path>
         <kind>archive</kind>
         <file>rts430x_lc_rd_eabi.lib</file>
         <name>asr32.obj</name>
      </input_file>
      <input_file id="fl-74">
         <path>C:\ti\ccsv7\tools\compiler\ti-cgt-msp430_16.9.4.LTS\lib\</path>
         <kind>archive</kind>
         <file>rts430x_lc_rd_eabi.lib</file>
         <name>lsr32.obj</name>
      </input_file>
      <input_file id="fl-75">
         <path>C:\ti\ccsv7\tools\compiler\ti-cgt-msp430_16.9.4.LTS\lib\</path>
         <kind>archive</kind>
         <file>rts430x_lc_rd_eabi.lib</file>
         <name>lsr64.obj</name>
      </input_file>
      <input_file id="fl-76">
         <path>C:\ti\ccsv7\tools\compiler\ti-cgt-msp430_16.9.4.LTS\lib\</path>
         <kind>archive</kind>
         <file>rts430x_lc_rd_eabi.lib</file>
         <name>subd.obj</name>
      </input_file>
      <input_file id="fl-77">
         <path>C:\ti\ccsv7\tools\compiler\ti-cgt-msp430_16.9.4.LTS\lib\</path>
         <kind>archive</kind>
         <file>rts430x_lc_rd_eabi.lib</file>
         <name>boot.obj</name>
      </input_file>
      <input_file id="fl-78">
         <path>C:\ti\ccsv7\tools\compiler\ti-cgt-msp430_16.9.4.LTS\lib\</path>
         <kind>archive</kind>
         <file>rts430x_lc_rd_eabi.lib</file>
         <name>args_main.obj</name>
      </input_file>
      <input_file id="fl-79">
         <path>C:\ti\ccsv7\tools\compiler\ti-cgt-msp430_16.9.4.LTS\lib\</path>
         <kind>archive</kind>
         <file>rts430x_lc_rd_eabi.lib</file>
         <name>autoinit_wdt.obj</name>
      </input_file>
      <input_file id="fl-7a">
         <path>C:\ti\ccsv7\tools\compiler\ti-cgt-msp430_16.9.4.LTS\lib\</path>
         <kind>archive</kind>
         <file>rts430x_lc_rd_eabi.lib</file>
         <name>boot_special.obj</name>
      </input_file>
      <input_file id="fl-7b">
         <path>C:\ti\ccsv7\tools\compiler\ti-cgt-msp430_16.9.4.LTS\lib\</path>
         <kind>archive</kind>
         <file>rts430x_lc_rd_eabi.lib</file>
         <name>mpu_init.obj</name>
      </input_file>
      <input_file id="fl-7c">
         <path>C:\ti\ccsv7\tools\compiler\ti-cgt-msp430_16.9.4.LTS\lib\</path>
         <kind>archive</kind>
         <file>rts430x_lc_rd_eabi.lib</file>
         <name>defs.obj</name>
      </input_file>
      <input_file id="fl-7d">
         <path>C:\ti\ccsv7\tools\compiler\ti-cgt-msp430_16.9.4.LTS\lib\</path>
         <kind>archive</kind>
         <file>rts430x_lc_rd_eabi.lib</file>
         <name>startup.obj</name>
      </input_file>
      <input_file id="fl-7e">
         <path>C:\ti\ccsv7\tools\compiler\ti-cgt-msp430_16.9.4.LTS\lib\</path>
         <kind>archive</kind>
         <file>rts430x_lc_rd_eabi.lib</file>
         <name>pre_init.obj</name>
      </input_file>
      <input_file id="fl-7f">
         <path>C:\ti\ccsv7\tools\compiler\ti-cgt-msp430_16.9.4.LTS\lib\</path>
         <kind>archive</kind>
         <file>rts430x_lc_rd_eabi.lib</file>
         <name>exit.obj</name>
      </input_file>
      <input_file id="fl-80">
         <path>C:\ti\ccsv7\tools\compiler\ti-cgt-msp430_16.9.4.LTS\lib\</path>
         <kind>archive</kind>
         <file>rts430x_lc_rd_eabi.lib</file>
         <name>exit_gvars.obj</name>
      </input_file>
      <input_file id="fl-81">
         <path>C:\ti\ccsv7\tools\compiler\ti-cgt-msp430_16.9.4.LTS\lib\</path>
         <kind>archive</kind>
         <file>rts430x_lc_rd_eabi.lib</file>
         <name>_lock.obj</name>
      </input_file>
      <input_file id="fl-82">
         <path>C:\ti\ccsv7\tools\compiler\ti-cgt-msp430_16.9.4.LTS\lib\</path>
         <kind>archive</kind>
         <file>rts430x_lc_rd_eabi.lib</file>
         <name>abs.obj</name>
      </input_file>
      <input_file id="fl-83">
         <path>C:\ti\ccsv7\tools\compiler\ti-cgt-msp430_16.9.4.LTS\lib\</path>
         <kind>archive</kind>
         <file>rts430x_lc_rd_eabi.lib</file>
         <name>memory.obj</name>
      </input_file>
      <input_file id="fl-84">
         <path>C:\ti\ccsv7\tools\compiler\ti-cgt-msp430_16.9.4.LTS\lib\</path>
         <kind>archive</kind>
         <file>rts430x_lc_rd_eabi.lib</file>
         <name>cpy_tbl.obj</name>
      </input_file>
      <input_file id="fl-85">
         <path>C:\ti\ccsv7\tools\compiler\ti-cgt-msp430_16.9.4.LTS\lib\</path>
         <kind>archive</kind>
         <file>rts430x_lc_rd_eabi.lib</file>
         <name>fprintf.obj</name>
      </input_file>
      <input_file id="fl-86">
         <path>C:\ti\ccsv7\tools\compiler\ti-cgt-msp430_16.9.4.LTS\lib\</path>
         <kind>archive</kind>
         <file>rts430x_lc_rd_eabi.lib</file>
         <name>_printfi_min.obj</name>
      </input_file>
      <input_file id="fl-87">
         <path>C:\ti\ccsv7\tools\compiler\ti-cgt-msp430_16.9.4.LTS\lib\</path>
         <kind>archive</kind>
         <file>rts430x_lc_rd_eabi.lib</file>
         <name>fputc.obj</name>
      </input_file>
      <input_file id="fl-88">
         <path>C:\ti\ccsv7\tools\compiler\ti-cgt-msp430_16.9.4.LTS\lib\</path>
         <kind>archive</kind>
         <file>rts430x_lc_rd_eabi.lib</file>
         <name>fflush.obj</name>
      </input_file>
      <input_file id="fl-89">
         <path>C:\ti\ccsv7\tools\compiler\ti-cgt-msp430_16.9.4.LTS\lib\</path>
         <kind>archive</kind>
         <file>rts430x_lc_rd_eabi.lib</file>
         <name>_io_perm.obj</name>
      </input_file>
      <input_file id="fl-8a">
         <path>C:\ti\ccsv7\tools\compiler\ti-cgt-msp430_16.9.4.LTS\lib\</path>
         <kind>archive</kind>
         <file>rts430x_lc_rd_eabi.lib</file>
         <name>fputs.obj</name>
      </input_file>
      <input_file id="fl-8b">
         <path>C:\ti\ccsv7\tools\compiler\ti-cgt-msp430_16.9.4.LTS\lib\</path>
         <kind>archive</kind>
         <file>rts430x_lc_rd_eabi.lib</file>
         <name>fseek.obj</name>
      </input_file>
      <input_file id="fl-8c">
         <path>C:\ti\ccsv7\tools\compiler\ti-cgt-msp430_16.9.4.LTS\lib\</path>
         <kind>archive</kind>
         <file>rts430x_lc_rd_eabi.lib</file>
         <name>e_log.obj</name>
      </input_file>
      <input_file id="fl-8d">
         <path>C:\ti\ccsv7\tools\compiler\ti-cgt-msp430_16.9.4.LTS\lib\</path>
         <kind>archive</kind>
         <file>rts430x_lc_rd_eabi.lib</file>
         <name>errno.obj</name>
      </input_file>
      <input_file id="fl-8e">
         <path>C:\ti\ccsv7\tools\compiler\ti-cgt-msp430_16.9.4.LTS\lib\</path>
         <kind>archive</kind>
         <file>rts430x_lc_rd_eabi.lib</file>
         <name>lseek.obj</name>
      </input_file>
      <input_file id="fl-8f">
         <path>C:\ti\ccsv7\tools\compiler\ti-cgt-msp430_16.9.4.LTS\lib\</path>
         <kind>archive</kind>
         <file>rts430x_lc_rd_eabi.lib</file>
         <name>write.obj</name>
      </input_file>
      <input_file id="fl-90">
         <path>C:\ti\ccsv7\tools\compiler\ti-cgt-msp430_16.9.4.LTS\lib\</path>
         <kind>archive</kind>
         <file>rts430x_lc_rd_eabi.lib</file>
         <name>hostclose.obj</name>
      </input_file>
      <input_file id="fl-91">
         <path>C:\ti\ccsv7\tools\compiler\ti-cgt-msp430_16.9.4.LTS\lib\</path>
         <kind>archive</kind>
         <file>rts430x_lc_rd_eabi.lib</file>
         <name>hostlseek.obj</name>
      </input_file>
      <input_file id="fl-92">
         <path>C:\ti\ccsv7\tools\compiler\ti-cgt-msp430_16.9.4.LTS\lib\</path>
         <kind>archive</kind>
         <file>rts430x_lc_rd_eabi.lib</file>
         <name>hostopen.obj</name>
      </input_file>
      <input_file id="fl-93">
         <path>C:\ti\ccsv7\tools\compiler\ti-cgt-msp430_16.9.4.LTS\lib\</path>
         <kind>archive</kind>
         <file>rts430x_lc_rd_eabi.lib</file>
         <name>hostread.obj</name>
      </input_file>
      <input_file id="fl-94">
         <path>C:\ti\ccsv7\tools\compiler\ti-cgt-msp430_16.9.4.LTS\lib\</path>
         <kind>archive</kind>
         <file>rts430x_lc_rd_eabi.lib</file>
         <name>hostrename.obj</name>
      </input_file>
      <input_file id="fl-95">
         <path>C:\ti\ccsv7\tools\compiler\ti-cgt-msp430_16.9.4.LTS\lib\</path>
         <kind>archive</kind>
         <file>rts430x_lc_rd_eabi.lib</file>
         <name>hostunlink.obj</name>
      </input_file>
      <input_file id="fl-96">
         <path>C:\ti\ccsv7\tools\compiler\ti-cgt-msp430_16.9.4.LTS\lib\</path>
         <kind>archive</kind>
         <file>rts430x_lc_rd_eabi.lib</file>
         <name>hostwrite.obj</name>
      </input_file>
      <input_file id="fl-97">
         <path>C:\ti\ccsv7\tools\compiler\ti-cgt-msp430_16.9.4.LTS\lib\</path>
         <kind>archive</kind>
         <file>rts430x_lc_rd_eabi.lib</file>
         <name>trgmsg.obj</name>
      </input_file>
      <input_file id="fl-98">
         <path>C:\ti\ccsv7\tools\compiler\ti-cgt-msp430_16.9.4.LTS\lib\</path>
         <kind>archive</kind>
         <file>rts430x_lc_rd_eabi.lib</file>
         <name>memccpy.obj</name>
      </input_file>
      <input_file id="fl-99">
         <path>C:\ti\ccsv7\tools\compiler\ti-cgt-msp430_16.9.4.LTS\lib\</path>
         <kind>archive</kind>
         <file>rts430x_lc_rd_eabi.lib</file>
         <name>memchr.obj</name>
      </input_file>
      <input_file id="fl-9a">
         <path>C:\ti\ccsv7\tools\compiler\ti-cgt-msp430_16.9.4.LTS\lib\</path>
         <kind>archive</kind>
         <file>rts430x_lc_rd_eabi.lib</file>
         <name>memcpy.obj</name>
      </input_file>
      <input_file id="fl-9b">
         <path>C:\ti\ccsv7\tools\compiler\ti-cgt-msp430_16.9.4.LTS\lib\</path>
         <kind>archive</kind>
         <file>rts430x_lc_rd_eabi.lib</file>
         <name>memmov.obj</name>
      </input_file>
      <input_file id="fl-9c">
         <path>C:\ti\ccsv7\tools\compiler\ti-cgt-msp430_16.9.4.LTS\lib\</path>
         <kind>archive</kind>
         <file>rts430x_lc_rd_eabi.lib</file>
         <name>memset.obj</name>
      </input_file>
      <input_file id="fl-9d">
         <path>C:\ti\ccsv7\tools\compiler\ti-cgt-msp430_16.9.4.LTS\lib\</path>
         <kind>archive</kind>
         <file>rts430x_lc_rd_eabi.lib</file>
         <name>printf.obj</name>
      </input_file>
      <input_file id="fl-9e">
         <path>C:\ti\ccsv7\tools\compiler\ti-cgt-msp430_16.9.4.LTS\lib\</path>
         <kind>archive</kind>
         <file>rts430x_lc_rd_eabi.lib</file>
         <name>setvbuf.obj</name>
      </input_file>
      <input_file id="fl-9f">
         <path>C:\ti\ccsv7\tools\compiler\ti-cgt-msp430_16.9.4.LTS\lib\</path>
         <kind>archive</kind>
         <file>rts430x_lc_rd_eabi.lib</file>
         <name>fopen.obj</name>
      </input_file>
      <input_file id="fl-a0">
         <path>C:\ti\ccsv7\tools\compiler\ti-cgt-msp430_16.9.4.LTS\lib\</path>
         <kind>archive</kind>
         <file>rts430x_lc_rd_eabi.lib</file>
         <name>fclose.obj</name>
      </input_file>
      <input_file id="fl-a1">
         <path>C:\ti\ccsv7\tools\compiler\ti-cgt-msp430_16.9.4.LTS\lib\</path>
         <kind>archive</kind>
         <file>rts430x_lc_rd_eabi.lib</file>
         <name>close.obj</name>
      </input_file>
      <input_file id="fl-a2">
         <path>C:\ti\ccsv7\tools\compiler\ti-cgt-msp430_16.9.4.LTS\lib\</path>
         <kind>archive</kind>
         <file>rts430x_lc_rd_eabi.lib</file>
         <name>open.obj</name>
      </input_file>
      <input_file id="fl-a3">
         <path>C:\ti\ccsv7\tools\compiler\ti-cgt-msp430_16.9.4.LTS\lib\</path>
         <kind>archive</kind>
         <file>rts430x_lc_rd_eabi.lib</file>
         <name>getdevice.obj</name>
      </input_file>
      <input_file id="fl-a4">
         <path>C:\ti\ccsv7\tools\compiler\ti-cgt-msp430_16.9.4.LTS\lib\</path>
         <kind>archive</kind>
         <file>rts430x_lc_rd_eabi.lib</file>
         <name>remove.obj</name>
      </input_file>
      <input_file id="fl-a5">
         <path>C:\ti\ccsv7\tools\compiler\ti-cgt-msp430_16.9.4.LTS\lib\</path>
         <kind>archive</kind>
         <file>rts430x_lc_rd_eabi.lib</file>
         <name>strchr.obj</name>
      </input_file>
      <input_file id="fl-a6">
         <path>C:\ti\ccsv7\tools\compiler\ti-cgt-msp430_16.9.4.LTS\lib\</path>
         <kind>archive</kind>
         <file>rts430x_lc_rd_eabi.lib</file>
         <name>strcmp.obj</name>
      </input_file>
      <input_file id="fl-a7">
         <path>C:\ti\ccsv7\tools\compiler\ti-cgt-msp430_16.9.4.LTS\lib\</path>
         <kind>archive</kind>
         <file>rts430x_lc_rd_eabi.lib</file>
         <name>strcpy.obj</name>
      </input_file>
      <input_file id="fl-a8">
         <path>C:\ti\ccsv7\tools\compiler\ti-cgt-msp430_16.9.4.LTS\lib\</path>
         <kind>archive</kind>
         <file>rts430x_lc_rd_eabi.lib</file>
         <name>strlen.obj</name>
      </input_file>
      <input_file id="fl-a9">
         <path>C:\ti\ccsv7\tools\compiler\ti-cgt-msp430_16.9.4.LTS\lib\</path>
         <kind>archive</kind>
         <file>rts430x_lc_rd_eabi.lib</file>
         <name>strncpy.obj</name>
      </input_file>
      <input_file id="fl-aa">
         <path>C:\ti\ccsv7\tools\compiler\ti-cgt-msp430_16.9.4.LTS\lib\</path>
         <kind>archive</kind>
         <file>rts430x_lc_rd_eabi.lib</file>
         <name>unlink.obj</name>
      </input_file>
      <input_file id="fl-ab">
         <path>C:\ti\ccsv7\tools\compiler\ti-cgt-msp430_16.9.4.LTS\lib\</path>
         <kind>archive</kind>
         <file>rts430x_lc_rd_eabi.lib</file>
         <name>vsnprintf.obj</name>
      </input_file>
   </input_file_list>
   <object_component_list>
      <object_component id="oc-b85">
         <name>.cio</name>
         <uninitialized>true</uninitialized>
         <run_address>0x4000</run_address>
         <size>0x120</size>
         <input_file_ref idref="fl-97"/>
      </object_component>
      <object_component id="oc-6da">
         <name>.sysmem</name>
         <uninitialized>true</uninitialized>
         <run_address>0x4120</run_address>
         <size>0x6</size>
         <input_file_ref idref="fl-83"/>
      </object_component>
      <object_component id="oc-c3b">
         <name>.sysmem</name>
         <uninitialized>true</uninitialized>
         <run_address>0x4120</run_address>
         <size>0x0</size>
      </object_component>
      <object_component id="oc-c39">
         <name>.cinit..data.load</name>
         <load_address>0x5a02</load_address>
         <run_address>0x5a02</run_address>
         <size>0x5b</size>
      </object_component>
      <object_component id="oc-c36">
         <name>__TI_handler_table</name>
         <load_address>0x5a5e</load_address>
         <run_address>0x5a5e</run_address>
         <size>0xc</size>
      </object_component>
      <object_component id="oc-c38">
         <name>.cinit..bss.load</name>
         <load_address>0x5a6a</load_address>
         <run_address>0x5a6a</run_address>
         <size>0x6</size>
      </object_component>
      <object_component id="oc-c37">
         <name>__TI_cinit_table</name>
         <load_address>0x5a70</load_address>
         <run_address>0x5a70</run_address>
         <size>0x10</size>
      </object_component>
      <object_component id="oc-bcd">
         <name>.binit</name>
         <load_address>0x4000</load_address>
         <run_address>0x4000</run_address>
         <size>0x0</size>
      </object_component>
      <object_component id="oc-c7">
         <name>.text:_isr:_c_int00_noargs</name>
         <load_address>0x5400</load_address>
         <run_address>0x5400</run_address>
         <size>0x1c</size>
         <input_file_ref idref="fl-7a"/>
      </object_component>
      <object_component id="oc-6f5">
         <name>.text:_isr:__TI_ISR_TRAP</name>
         <load_address>0x541c</load_address>
         <run_address>0x541c</run_address>
         <size>0x8</size>
         <input_file_ref idref="fl-2c"/>
      </object_component>
      <object_component id="oc-90f">
         <name>.const:.string</name>
         <load_address>0x5424</load_address>
         <run_address>0x5424</run_address>
         <size>0x488</size>
         <input_file_ref idref="fl-5"/>
      </object_component>
      <object_component id="oc-89d">
         <name>.const:$P$T4$5</name>
         <load_address>0x58ac</load_address>
         <run_address>0x58ac</run_address>
         <size>0x68</size>
         <input_file_ref idref="fl-6"/>
      </object_component>
      <object_component id="oc-8bf">
         <name>.const:.string</name>
         <load_address>0x5914</load_address>
         <run_address>0x5914</run_address>
         <size>0x5e</size>
         <input_file_ref idref="fl-3"/>
      </object_component>
      <object_component id="oc-894">
         <name>.const:$P$T3$4</name>
         <load_address>0x5972</load_address>
         <run_address>0x5972</run_address>
         <size>0x36</size>
         <input_file_ref idref="fl-6"/>
      </object_component>
      <object_component id="oc-8a8">
         <name>.const:$P$T0$1</name>
         <load_address>0x59a8</load_address>
         <run_address>0x59a8</run_address>
         <size>0x20</size>
         <input_file_ref idref="fl-8"/>
      </object_component>
      <object_component id="oc-a96">
         <name>.const:.string</name>
         <load_address>0x59c8</load_address>
         <run_address>0x59c8</run_address>
         <size>0x14</size>
         <input_file_ref idref="fl-86"/>
      </object_component>
      <object_component id="oc-8ab">
         <name>.const:$P$T1$2</name>
         <load_address>0x59dc</load_address>
         <run_address>0x59dc</run_address>
         <size>0x10</size>
         <input_file_ref idref="fl-8"/>
      </object_component>
      <object_component id="oc-87a">
         <name>.const:.string:$P$T0$1</name>
         <load_address>0x59ec</load_address>
         <run_address>0x59ec</run_address>
         <size>0xa</size>
         <input_file_ref idref="fl-6"/>
      </object_component>
      <object_component id="oc-87d">
         <name>.const:$P$T1$2</name>
         <load_address>0x59f6</load_address>
         <run_address>0x59f6</run_address>
         <size>0x8</size>
         <input_file_ref idref="fl-6"/>
      </object_component>
      <object_component id="oc-886">
         <name>.const:.string:$P$T2$3</name>
         <load_address>0x59fe</load_address>
         <run_address>0x59fe</run_address>
         <size>0x3</size>
         <input_file_ref idref="fl-6"/>
      </object_component>
      <object_component id="oc-880">
         <name>.text:fann_update_stepwise</name>
         <load_address>0x10000</load_address>
         <run_address>0x10000</run_address>
         <size>0x882</size>
         <input_file_ref idref="fl-3"/>
      </object_component>
      <object_component id="oc-818">
         <name>.text:fann_run</name>
         <load_address>0x10882</load_address>
         <run_address>0x10882</run_address>
         <size>0x81a</size>
         <input_file_ref idref="fl-3"/>
      </object_component>
      <object_component id="oc-95b">
         <name>.text:log</name>
         <load_address>0x1109c</load_address>
         <run_address>0x1109c</run_address>
         <size>0x63c</size>
         <input_file_ref idref="fl-8c"/>
      </object_component>
      <object_component id="oc-9db">
         <name>.text:__TI_frcdivd</name>
         <load_address>0x116d8</load_address>
         <run_address>0x116d8</run_address>
         <size>0x478</size>
         <input_file_ref idref="fl-5a"/>
      </object_component>
      <object_component id="oc-806">
         <name>.text:fann_create_XOR</name>
         <load_address>0x11b50</load_address>
         <run_address>0x11b50</run_address>
         <size>0x3aa</size>
         <input_file_ref idref="fl-6"/>
      </object_component>
      <object_component id="oc-93d">
         <name>.text:__mspabi_addd</name>
         <load_address>0x11efa</load_address>
         <run_address>0x11efa</run_address>
         <size>0x2d8</size>
         <input_file_ref idref="fl-52"/>
      </object_component>
      <object_component id="oc-868">
         <name>.text:fann_allocate_structure</name>
         <load_address>0x121d2</load_address>
         <run_address>0x121d2</run_address>
         <size>0x2d2</size>
         <input_file_ref idref="fl-3"/>
      </object_component>
      <object_component id="oc-874">
         <name>.text:fann_error</name>
         <load_address>0x124a4</load_address>
         <run_address>0x124a4</run_address>
         <size>0x2b0</size>
         <input_file_ref idref="fl-5"/>
      </object_component>
      <object_component id="oc-9f2">
         <name>.text:__TI_frcmpyd</name>
         <load_address>0x12754</load_address>
         <run_address>0x12754</run_address>
         <size>0x286</size>
         <input_file_ref idref="fl-68"/>
      </object_component>
      <object_component id="oc-949">
         <name>.text:__mspabi_mpyd</name>
         <load_address>0x129da</load_address>
         <run_address>0x129da</run_address>
         <size>0x282</size>
         <input_file_ref idref="fl-67"/>
      </object_component>
      <object_component id="oc-9e3">
         <name>.text:__TI_frcaddd</name>
         <load_address>0x12c5c</load_address>
         <run_address>0x12c5c</run_address>
         <size>0x252</size>
         <input_file_ref idref="fl-53"/>
      </object_component>
      <object_component id="oc-937">
         <name>.text:__mspabi_divd</name>
         <load_address>0x12eae</load_address>
         <run_address>0x12eae</run_address>
         <size>0x222</size>
         <input_file_ref idref="fl-59"/>
      </object_component>
      <object_component id="oc-7be">
         <name>.text:fann_destroy</name>
         <load_address>0x130d0</load_address>
         <run_address>0x130d0</run_address>
         <size>0x154</size>
         <input_file_ref idref="fl-3"/>
      </object_component>
      <object_component id="oc-86e">
         <name>.text:realloc</name>
         <load_address>0x13224</load_address>
         <run_address>0x13224</run_address>
         <size>0x144</size>
         <input_file_ref idref="fl-83"/>
      </object_component>
      <object_component id="oc-a1d">
         <name>.text:_setfield</name>
         <load_address>0x13368</load_address>
         <run_address>0x13368</run_address>
         <size>0x132</size>
         <input_file_ref idref="fl-86"/>
      </object_component>
      <object_component id="oc-8e0">
         <name>.text</name>
         <load_address>0x1349a</load_address>
         <run_address>0x1349a</run_address>
         <size>0x132</size>
         <input_file_ref idref="fl-55"/>
      </object_component>
      <object_component id="oc-8ae">
         <name>.text:fann_create_train</name>
         <load_address>0x135cc</load_address>
         <run_address>0x135cc</run_address>
         <size>0x12a</size>
         <input_file_ref idref="fl-8"/>
      </object_component>
      <object_component id="oc-721">
         <name>.text:main</name>
         <load_address>0x136f6</load_address>
         <run_address>0x136f6</run_address>
         <size>0xf6</size>
         <input_file_ref idref="fl-2"/>
      </object_component>
      <object_component id="oc-a0f">
         <name>.text:fputs</name>
         <load_address>0x137ec</load_address>
         <run_address>0x137ec</run_address>
         <size>0xf0</size>
         <input_file_ref idref="fl-8a"/>
      </object_component>
      <object_component id="oc-abb">
         <name>.text:setvbuf</name>
         <load_address>0x138dc</load_address>
         <run_address>0x138dc</run_address>
         <size>0xe0</size>
         <input_file_ref idref="fl-9e"/>
      </object_component>
      <object_component id="oc-a97">
         <name>.text:_pproc_diouxp</name>
         <load_address>0x139bc</load_address>
         <run_address>0x139bc</run_address>
         <size>0xdc</size>
         <input_file_ref idref="fl-86"/>
      </object_component>
      <object_component id="oc-7ac">
         <name>.text:__mspabi_cmpd</name>
         <load_address>0x13a98</load_address>
         <run_address>0x13a98</run_address>
         <size>0xd8</size>
         <input_file_ref idref="fl-56"/>
      </object_component>
      <object_component id="oc-97d">
         <name>.text:__TI_printfi_minimal</name>
         <load_address>0x13b70</load_address>
         <run_address>0x13b70</run_address>
         <size>0xd2</size>
         <input_file_ref idref="fl-86"/>
      </object_component>
      <object_component id="oc-80e">
         <name>.text:fann_read_train_XOR</name>
         <load_address>0x13c42</load_address>
         <run_address>0x13c42</run_address>
         <size>0xc8</size>
         <input_file_ref idref="fl-8"/>
      </object_component>
      <object_component id="oc-8f8">
         <name>.text:malloc</name>
         <load_address>0x13d0a</load_address>
         <run_address>0x13d0a</run_address>
         <size>0xbc</size>
         <input_file_ref idref="fl-83"/>
      </object_component>
      <object_component id="oc-8db">
         <name>.text</name>
         <load_address>0x13dc6</load_address>
         <run_address>0x13dc6</run_address>
         <size>0xb8</size>
         <input_file_ref idref="fl-69"/>
      </object_component>
      <object_component id="oc-b34">
         <name>.text:HOSTlseek</name>
         <load_address>0x13e7e</load_address>
         <run_address>0x13e7e</run_address>
         <size>0xb4</size>
         <input_file_ref idref="fl-91"/>
      </object_component>
      <object_component id="oc-a62">
         <name>.text:__TI_renormd</name>
         <load_address>0x13f32</load_address>
         <run_address>0x13f32</run_address>
         <size>0xb2</size>
         <input_file_ref idref="fl-54"/>
      </object_component>
      <object_component id="oc-81e">
         <name>.text:fann_update_MSE</name>
         <load_address>0x13fe4</load_address>
         <run_address>0x13fe4</run_address>
         <size>0xae</size>
         <input_file_ref idref="fl-7"/>
      </object_component>
      <object_component id="oc-88e">
         <name>.text:fann_allocate_neurons</name>
         <load_address>0x14092</load_address>
         <run_address>0x14092</run_address>
         <size>0xa4</size>
         <input_file_ref idref="fl-3"/>
      </object_component>
      <object_component id="oc-82f">
         <name>.text:__mspabi_fltlid</name>
         <load_address>0x14136</load_address>
         <run_address>0x14136</run_address>
         <size>0x9e</size>
         <input_file_ref idref="fl-63"/>
      </object_component>
      <object_component id="oc-7b8">
         <name>.text:fann_destroy_train</name>
         <load_address>0x141d4</load_address>
         <run_address>0x141d4</run_address>
         <size>0x92</size>
         <input_file_ref idref="fl-8"/>
      </object_component>
      <object_component id="oc-a16">
         <name>.text:fputc</name>
         <load_address>0x14266</load_address>
         <run_address>0x14266</run_address>
         <size>0x90</size>
         <input_file_ref idref="fl-87"/>
      </object_component>
      <object_component id="oc-8d6">
         <name>.text</name>
         <load_address>0x142f6</load_address>
         <run_address>0x142f6</run_address>
         <size>0x90</size>
         <input_file_ref idref="fl-5b"/>
      </object_component>
      <object_component id="oc-83d">
         <name>.text:free</name>
         <load_address>0x14386</load_address>
         <run_address>0x14386</run_address>
         <size>0x8e</size>
         <input_file_ref idref="fl-83"/>
      </object_component>
      <object_component id="oc-707">
         <name>.text:_auto_init_hold_wdt</name>
         <load_address>0x14414</load_address>
         <run_address>0x14414</run_address>
         <size>0x82</size>
         <input_file_ref idref="fl-79"/>
      </object_component>
      <object_component id="oc-9d4">
         <name>.text:__mspabi_fltuld</name>
         <load_address>0x14496</load_address>
         <run_address>0x14496</run_address>
         <size>0x80</size>
         <input_file_ref idref="fl-66"/>
      </object_component>
      <object_component id="oc-a74">
         <name>.text:__TI_wrt_ok</name>
         <load_address>0x14516</load_address>
         <run_address>0x14516</run_address>
         <size>0x7e</size>
         <input_file_ref idref="fl-89"/>
      </object_component>
      <object_component id="oc-84">
         <name>.text:decompress:lzss:__TI_decompress_lzss</name>
         <load_address>0x14594</load_address>
         <run_address>0x14594</run_address>
         <size>0x78</size>
         <input_file_ref idref="fl-29"/>
      </object_component>
      <object_component id="oc-b40">
         <name>.text:HOSTrename</name>
         <load_address>0x1460c</load_address>
         <run_address>0x1460c</run_address>
         <size>0x74</size>
         <input_file_ref idref="fl-94"/>
      </object_component>
      <object_component id="oc-b10">
         <name>.text:__TI_closefile</name>
         <load_address>0x14680</load_address>
         <run_address>0x14680</run_address>
         <size>0x74</size>
         <input_file_ref idref="fl-a0"/>
      </object_component>
      <object_component id="oc-b1c">
         <name>.text:HOSTopen</name>
         <load_address>0x146f4</load_address>
         <run_address>0x146f4</run_address>
         <size>0x70</size>
         <input_file_ref idref="fl-92"/>
      </object_component>
      <object_component id="oc-955">
         <name>.text:__mspabi_cvtfd</name>
         <load_address>0x14764</load_address>
         <run_address>0x14764</run_address>
         <size>0x6e</size>
         <input_file_ref idref="fl-58"/>
      </object_component>
      <object_component id="oc-b2e">
         <name>.text:HOSTwrite</name>
         <load_address>0x147d2</load_address>
         <run_address>0x147d2</run_address>
         <size>0x6c</size>
         <input_file_ref idref="fl-96"/>
      </object_component>
      <object_component id="oc-b28">
         <name>.text:HOSTread</name>
         <load_address>0x1483e</load_address>
         <run_address>0x1483e</run_address>
         <size>0x6a</size>
         <input_file_ref idref="fl-93"/>
      </object_component>
      <object_component id="oc-ab5">
         <name>.text:fseek</name>
         <load_address>0x148a8</load_address>
         <run_address>0x148a8</run_address>
         <size>0x6a</size>
         <input_file_ref idref="fl-8b"/>
      </object_component>
      <object_component id="oc-7a1">
         <name>.text</name>
         <load_address>0x14912</load_address>
         <run_address>0x14912</run_address>
         <size>0x68</size>
         <input_file_ref idref="fl-60"/>
      </object_component>
      <object_component id="oc-9eb">
         <name>.text:__mspabi_fixdli</name>
         <load_address>0x1497a</load_address>
         <run_address>0x1497a</run_address>
         <size>0x66</size>
         <input_file_ref idref="fl-5f"/>
      </object_component>
      <object_component id="oc-752">
         <name>.text:copy_in</name>
         <load_address>0x149e0</load_address>
         <run_address>0x149e0</run_address>
         <size>0x66</size>
         <input_file_ref idref="fl-84"/>
      </object_component>
      <object_component id="oc-a80">
         <name>.text:__TI_doflush</name>
         <load_address>0x14a46</load_address>
         <run_address>0x14a46</run_address>
         <size>0x64</size>
         <input_file_ref idref="fl-88"/>
      </object_component>
      <object_component id="oc-b4a">
         <name>.text:close</name>
         <load_address>0x14aaa</load_address>
         <run_address>0x14aaa</run_address>
         <size>0x5a</size>
         <input_file_ref idref="fl-a1"/>
      </object_component>
      <object_component id="oc-b79">
         <name>.text:getdevice</name>
         <load_address>0x14b04</load_address>
         <run_address>0x14b04</run_address>
         <size>0x5a</size>
         <input_file_ref idref="fl-a3"/>
      </object_component>
      <object_component id="oc-897">
         <name>.text:fann_allocate_connections</name>
         <load_address>0x14b5e</load_address>
         <run_address>0x14b5e</run_address>
         <size>0x58</size>
         <input_file_ref idref="fl-3"/>
      </object_component>
      <object_component id="oc-916">
         <name>.text:vsnprintf</name>
         <load_address>0x14bb6</load_address>
         <run_address>0x14bb6</run_address>
         <size>0x56</size>
         <input_file_ref idref="fl-ab"/>
      </object_component>
      <object_component id="oc-925">
         <name>.text:fprintf</name>
         <load_address>0x14c0c</load_address>
         <run_address>0x14c0c</run_address>
         <size>0x50</size>
         <input_file_ref idref="fl-85"/>
      </object_component>
      <object_component id="oc-b22">
         <name>.text:HOSTclose</name>
         <load_address>0x14c5c</load_address>
         <run_address>0x14c5c</run_address>
         <size>0x4e</size>
         <input_file_ref idref="fl-90"/>
      </object_component>
      <object_component id="oc-78b">
         <name>.text:fann_test</name>
         <load_address>0x14caa</load_address>
         <run_address>0x14caa</run_address>
         <size>0x4c</size>
         <input_file_ref idref="fl-7"/>
      </object_component>
      <object_component id="oc-713">
         <name>.text:exit</name>
         <load_address>0x14cf6</load_address>
         <run_address>0x14cf6</run_address>
         <size>0x4a</size>
         <input_file_ref idref="fl-7f"/>
      </object_component>
      <object_component id="oc-8c0">
         <name>.text:printf</name>
         <load_address>0x14d40</load_address>
         <run_address>0x14d40</run_address>
         <size>0x4a</size>
         <input_file_ref idref="fl-9d"/>
      </object_component>
      <object_component id="oc-8c6">
         <name>.text</name>
         <load_address>0x14d8a</load_address>
         <run_address>0x14d8a</run_address>
         <size>0x4a</size>
         <input_file_ref idref="fl-57"/>
      </object_component>
      <object_component id="oc-a23">
         <name>.text:_pproc_str</name>
         <load_address>0x14dd4</load_address>
         <run_address>0x14dd4</run_address>
         <size>0x48</size>
         <input_file_ref idref="fl-86"/>
      </object_component>
      <object_component id="oc-b3a">
         <name>.text:HOSTunlink</name>
         <load_address>0x14e1c</load_address>
         <run_address>0x14e1c</run_address>
         <size>0x46</size>
         <input_file_ref idref="fl-95"/>
      </object_component>
      <object_component id="oc-994">
         <name>.text:minit</name>
         <load_address>0x14e62</load_address>
         <run_address>0x14e62</run_address>
         <size>0x42</size>
         <input_file_ref idref="fl-83"/>
      </object_component>
      <object_component id="oc-9fb">
         <name>.text:l_asr_const</name>
         <load_address>0x14ea4</load_address>
         <run_address>0x14ea4</run_address>
         <size>0x3e</size>
         <input_file_ref idref="fl-73"/>
      </object_component>
      <object_component id="oc-8e8">
         <name>.text:l_lsl_const</name>
         <load_address>0x14ee2</load_address>
         <run_address>0x14ee2</run_address>
         <size>0x3e</size>
         <input_file_ref idref="fl-71"/>
      </object_component>
      <object_component id="oc-8ed">
         <name>.text:l_lsr_const</name>
         <load_address>0x14f20</load_address>
         <run_address>0x14f20</run_address>
         <size>0x3e</size>
         <input_file_ref idref="fl-74"/>
      </object_component>
      <object_component id="oc-adc">
         <name>.text:lseek</name>
         <load_address>0x14f5e</load_address>
         <run_address>0x14f5e</run_address>
         <size>0x3e</size>
         <input_file_ref idref="fl-8e"/>
      </object_component>
      <object_component id="oc-a86">
         <name>.text:write</name>
         <load_address>0x14f9c</load_address>
         <run_address>0x14f9c</run_address>
         <size>0x3c</size>
         <input_file_ref idref="fl-8f"/>
      </object_component>
      <object_component id="oc-ae4">
         <name>.text:__TI_cleanup</name>
         <load_address>0x14fd8</load_address>
         <run_address>0x14fd8</run_address>
         <size>0x36</size>
         <input_file_ref idref="fl-9f"/>
      </object_component>
      <object_component id="oc-b5e">
         <name>.text:__TI_writemsg</name>
         <load_address>0x1500e</load_address>
         <run_address>0x1500e</run_address>
         <size>0x36</size>
         <input_file_ref idref="fl-97"/>
      </object_component>
      <object_component id="oc-9a1">
         <name>.text:_outs</name>
         <load_address>0x15044</load_address>
         <run_address>0x15044</run_address>
         <size>0x36</size>
         <input_file_ref idref="fl-ab"/>
      </object_component>
      <object_component id="oc-8d1">
         <name>.text</name>
         <load_address>0x1507a</load_address>
         <run_address>0x1507a</run_address>
         <size>0x36</size>
         <input_file_ref idref="fl-62"/>
      </object_component>
      <object_component id="oc-b64">
         <name>.text:__TI_readmsg</name>
         <load_address>0x150b0</load_address>
         <run_address>0x150b0</run_address>
         <size>0x32</size>
         <input_file_ref idref="fl-97"/>
      </object_component>
      <object_component id="oc-94f">
         <name>.text:__mspabi_subd</name>
         <load_address>0x150e2</load_address>
         <run_address>0x150e2</run_address>
         <size>0x32</size>
         <input_file_ref idref="fl-76"/>
      </object_component>
      <object_component id="oc-b9f">
         <name>.text:strncpy</name>
         <load_address>0x15114</load_address>
         <run_address>0x15114</run_address>
         <size>0x32</size>
         <input_file_ref idref="fl-a9"/>
      </object_component>
      <object_component id="oc-b51">
         <name>.text:unlink</name>
         <load_address>0x15146</load_address>
         <run_address>0x15146</run_address>
         <size>0x30</size>
         <input_file_ref idref="fl-aa"/>
      </object_component>
      <object_component id="oc-ba5">
         <name>.text:finddevice</name>
         <load_address>0x15176</load_address>
         <run_address>0x15176</run_address>
         <size>0x2e</size>
         <input_file_ref idref="fl-a3"/>
      </object_component>
      <object_component id="oc-901">
         <name>.text:calloc</name>
         <load_address>0x151a4</load_address>
         <run_address>0x151a4</run_address>
         <size>0x2c</size>
         <input_file_ref idref="fl-83"/>
      </object_component>
      <object_component id="oc-889">
         <name>.text</name>
         <load_address>0x151d0</load_address>
         <run_address>0x151d0</run_address>
         <size>0x2c</size>
         <input_file_ref idref="fl-5c"/>
      </object_component>
      <object_component id="oc-943">
         <name>.text:__mspabi_fixdi</name>
         <load_address>0x151fc</load_address>
         <run_address>0x151fc</run_address>
         <size>0x28</size>
         <input_file_ref idref="fl-5e"/>
      </object_component>
      <object_component id="oc-b5">
         <name>.text:decompress:ZI:__TI_zero_init</name>
         <load_address>0x15224</load_address>
         <run_address>0x15224</run_address>
         <size>0x24</size>
         <input_file_ref idref="fl-51"/>
      </object_component>
      <object_component id="oc-79c">
         <name>.text</name>
         <load_address>0x15248</load_address>
         <run_address>0x15248</run_address>
         <size>0x24</size>
         <input_file_ref idref="fl-65"/>
      </object_component>
      <object_component id="oc-a4a">
         <name>.text</name>
         <load_address>0x1526c</load_address>
         <run_address>0x1526c</run_address>
         <size>0x24</size>
         <input_file_ref idref="fl-6d"/>
      </object_component>
      <object_component id="oc-9a7">
         <name>.text:_outc</name>
         <load_address>0x15290</load_address>
         <run_address>0x15290</run_address>
         <size>0x20</size>
         <input_file_ref idref="fl-ab"/>
      </object_component>
      <object_component id="oc-a9d">
         <name>.text:memccpy</name>
         <load_address>0x152b0</load_address>
         <run_address>0x152b0</run_address>
         <size>0x1e</size>
         <input_file_ref idref="fl-98"/>
      </object_component>
      <object_component id="oc-b99">
         <name>.text:strchr</name>
         <load_address>0x152ce</load_address>
         <run_address>0x152ce</run_address>
         <size>0x1c</size>
         <input_file_ref idref="fl-a5"/>
      </object_component>
      <object_component id="oc-bbc">
         <name>.text:strcmp</name>
         <load_address>0x152ea</load_address>
         <run_address>0x152ea</run_address>
         <size>0x1c</size>
         <input_file_ref idref="fl-a6"/>
      </object_component>
      <object_component id="oc-7d7">
         <name>.text</name>
         <load_address>0x15306</load_address>
         <run_address>0x15306</run_address>
         <size>0x18</size>
         <input_file_ref idref="fl-6b"/>
      </object_component>
      <object_component id="oc-a7a">
         <name>.text:memchr</name>
         <load_address>0x1531e</load_address>
         <run_address>0x1531e</run_address>
         <size>0x16</size>
         <input_file_ref idref="fl-99"/>
      </object_component>
      <object_component id="oc-a90">
         <name>.text:memset</name>
         <load_address>0x15334</load_address>
         <run_address>0x15334</run_address>
         <size>0x16</size>
         <input_file_ref idref="fl-9c"/>
      </object_component>
      <object_component id="oc-797">
         <name>.text</name>
         <load_address>0x1534a</load_address>
         <run_address>0x1534a</run_address>
         <size>0x16</size>
         <input_file_ref idref="fl-5d"/>
      </object_component>
      <object_component id="oc-907">
         <name>.text:fann_init_error_data</name>
         <load_address>0x15360</load_address>
         <run_address>0x15360</run_address>
         <size>0x14</size>
         <input_file_ref idref="fl-5"/>
      </object_component>
      <object_component id="oc-6e8">
         <name>.text:memcpy</name>
         <load_address>0x15374</load_address>
         <run_address>0x15374</run_address>
         <size>0x14</size>
         <input_file_ref idref="fl-9a"/>
      </object_component>
      <object_component id="oc-8a">
         <name>.text:decompress:none:__TI_decompress_none</name>
         <load_address>0x15388</load_address>
         <run_address>0x15388</run_address>
         <size>0x12</size>
         <input_file_ref idref="fl-2a"/>
      </object_component>
      <object_component id="oc-785">
         <name>.text:fann_reset_MSE</name>
         <load_address>0x1539a</load_address>
         <run_address>0x1539a</run_address>
         <size>0x12</size>
         <input_file_ref idref="fl-7"/>
      </object_component>
      <object_component id="oc-910">
         <name>.text:strcpy</name>
         <load_address>0x153ac</load_address>
         <run_address>0x153ac</run_address>
         <size>0x12</size>
         <input_file_ref idref="fl-a7"/>
      </object_component>
      <object_component id="oc-a5d">
         <name>.text:l_asr</name>
         <load_address>0x153be</load_address>
         <run_address>0x153be</run_address>
         <size>0x10</size>
         <input_file_ref idref="fl-73"/>
      </object_component>
      <object_component id="oc-a53">
         <name>.text:l_lsl</name>
         <load_address>0x153ce</load_address>
         <run_address>0x153ce</run_address>
         <size>0x10</size>
         <input_file_ref idref="fl-71"/>
      </object_component>
      <object_component id="oc-a58">
         <name>.text:l_lsr</name>
         <load_address>0x153de</load_address>
         <run_address>0x153de</run_address>
         <size>0x10</size>
         <input_file_ref idref="fl-74"/>
      </object_component>
      <object_component id="oc-91c">
         <name>.text:strlen</name>
         <load_address>0x153ee</load_address>
         <run_address>0x153ee</run_address>
         <size>0xe</size>
         <input_file_ref idref="fl-a8"/>
      </object_component>
      <object_component id="oc-7a6">
         <name>.text:__mspabi_fltid</name>
         <load_address>0x153fc</load_address>
         <run_address>0x153fc</run_address>
         <size>0xc</size>
         <input_file_ref idref="fl-61"/>
      </object_component>
      <object_component id="oc-8b9">
         <name>.text:abs</name>
         <load_address>0x15408</load_address>
         <run_address>0x15408</run_address>
         <size>0xa</size>
         <input_file_ref idref="fl-82"/>
      </object_component>
      <object_component id="oc-8cb">
         <name>.text</name>
         <load_address>0x15412</load_address>
         <run_address>0x15412</run_address>
         <size>0xa</size>
         <input_file_ref idref="fl-72"/>
      </object_component>
      <object_component id="oc-931">
         <name>.text:__mspabi_fltud</name>
         <load_address>0x1541c</load_address>
         <run_address>0x1541c</run_address>
         <size>0x6</size>
         <input_file_ref idref="fl-64"/>
      </object_component>
      <object_component id="oc-9ca">
         <name>.text:_outc</name>
         <load_address>0x15422</load_address>
         <run_address>0x15422</run_address>
         <size>0x6</size>
         <input_file_ref idref="fl-85"/>
      </object_component>
      <object_component id="oc-977">
         <name>.text:_outc</name>
         <load_address>0x15428</load_address>
         <run_address>0x15428</run_address>
         <size>0x6</size>
         <input_file_ref idref="fl-9d"/>
      </object_component>
      <object_component id="oc-729">
         <name>.text:abort</name>
         <load_address>0x1542e</load_address>
         <run_address>0x1542e</run_address>
         <size>0x6</size>
         <input_file_ref idref="fl-7f"/>
      </object_component>
      <object_component id="oc-779">
         <name>.text:fann_create_from_static</name>
         <load_address>0x15434</load_address>
         <run_address>0x15434</run_address>
         <size>0x6</size>
         <input_file_ref idref="fl-6"/>
      </object_component>
      <object_component id="oc-791">
         <name>.text:fann_get_multiplier</name>
         <load_address>0x1543a</load_address>
         <run_address>0x1543a</run_address>
         <size>0x6</size>
         <input_file_ref idref="fl-3"/>
      </object_component>
      <object_component id="oc-7b2">
         <name>.text:fann_length_train_data</name>
         <load_address>0x15440</load_address>
         <run_address>0x15440</run_address>
         <size>0x6</size>
         <input_file_ref idref="fl-8"/>
      </object_component>
      <object_component id="oc-77f">
         <name>.text:fann_read_train_from_static</name>
         <load_address>0x15446</load_address>
         <run_address>0x15446</run_address>
         <size>0x6</size>
         <input_file_ref idref="fl-8"/>
      </object_component>
      <object_component id="oc-9c4">
         <name>.text:_outs</name>
         <load_address>0x1544c</load_address>
         <run_address>0x1544c</run_address>
         <size>0x4</size>
         <input_file_ref idref="fl-85"/>
      </object_component>
      <object_component id="oc-971">
         <name>.text:_outs</name>
         <load_address>0x15450</load_address>
         <run_address>0x15450</run_address>
         <size>0x4</size>
         <input_file_ref idref="fl-9d"/>
      </object_component>
      <object_component id="oc-701">
         <name>.text:_system_pre_init</name>
         <load_address>0x15454</load_address>
         <run_address>0x15454</run_address>
         <size>0x4</size>
         <input_file_ref idref="fl-7e"/>
      </object_component>
      <object_component id="oc-7f4">
         <name>.text:_nop</name>
         <load_address>0x15458</load_address>
         <run_address>0x15458</run_address>
         <size>0x2</size>
         <input_file_ref idref="fl-81"/>
      </object_component>
      <object_component id="oc-758">
         <name>.text:_system_post_cinit</name>
         <load_address>0x1545a</load_address>
         <run_address>0x1545a</run_address>
         <size>0x2</size>
         <input_file_ref idref="fl-7d"/>
      </object_component>
      <object_component id="oc-8f4">
         <name>.bss</name>
         <uninitialized>true</uninitialized>
         <run_address>0x1e38</run_address>
         <size>0xa</size>
         <input_file_ref idref="fl-83"/>
      </object_component>
      <object_component id="oc-b50">
         <name>.common:__TI_tmpnams</name>
         <uninitialized>true</uninitialized>
         <run_address>0x1d98</run_address>
         <size>0xa0</size>
      </object_component>
      <object_component id="oc-b5b">
         <name>.common:parmbuf</name>
         <uninitialized>true</uninitialized>
         <run_address>0x1e42</run_address>
         <size>0x8</size>
      </object_component>
      <object_component id="oc-8fe">
         <name>.data</name>
         <load_address>0x1d8c</load_address>
         <run_address>0x1d8c</run_address>
         <size>0x4</size>
         <input_file_ref idref="fl-5"/>
      </object_component>
      <object_component id="oc-922">
         <name>.data:_ftable</name>
         <load_address>0x1c00</load_address>
         <run_address>0x1c00</run_address>
         <size>0xc8</size>
         <input_file_ref idref="fl-7c"/>
      </object_component>
      <object_component id="oc-b16">
         <name>.data</name>
         <load_address>0x1d90</load_address>
         <run_address>0x1d90</run_address>
         <size>0x2</size>
         <input_file_ref idref="fl-7c"/>
      </object_component>
      <object_component id="oc-767">
         <name>.data</name>
         <load_address>0x1d94</load_address>
         <run_address>0x1d94</run_address>
         <size>0x2</size>
         <input_file_ref idref="fl-7f"/>
      </object_component>
      <object_component id="oc-770">
         <name>.data:__TI_cleanup_ptr</name>
         <load_address>0x1d7c</load_address>
         <run_address>0x1d7c</run_address>
         <size>0x4</size>
         <input_file_ref idref="fl-80"/>
      </object_component>
      <object_component id="oc-76d">
         <name>.data:__TI_dtors_ptr</name>
         <load_address>0x1d80</load_address>
         <run_address>0x1d80</run_address>
         <size>0x4</size>
         <input_file_ref idref="fl-80"/>
      </object_component>
      <object_component id="oc-76a">
         <name>.data:_lock</name>
         <load_address>0x1d84</load_address>
         <run_address>0x1d84</run_address>
         <size>0x4</size>
         <input_file_ref idref="fl-81"/>
      </object_component>
      <object_component id="oc-773">
         <name>.data:_unlock</name>
         <load_address>0x1d88</load_address>
         <run_address>0x1d88</run_address>
         <size>0x4</size>
         <input_file_ref idref="fl-81"/>
      </object_component>
      <object_component id="oc-991">
         <name>.data</name>
         <load_address>0x1d96</load_address>
         <run_address>0x1d96</run_address>
         <size>0x2</size>
         <input_file_ref idref="fl-83"/>
      </object_component>
      <object_component id="oc-a06">
         <name>.data</name>
         <load_address>0x1d92</load_address>
         <run_address>0x1d92</run_address>
         <size>0x2</size>
         <input_file_ref idref="fl-8d"/>
      </object_component>
      <object_component id="oc-af7">
         <name>.data:_device</name>
         <load_address>0x1cc8</load_address>
         <run_address>0x1cc8</run_address>
         <size>0x78</size>
         <input_file_ref idref="fl-8f"/>
      </object_component>
      <object_component id="oc-ac7">
         <name>.data:_stream</name>
         <load_address>0x1d40</load_address>
         <run_address>0x1d40</run_address>
         <size>0x3c</size>
         <input_file_ref idref="fl-8f"/>
      </object_component>
      <object_component id="oc-6d6">
         <name>.stack</name>
         <uninitialized>true</uninitialized>
         <run_address>0x2b60</run_address>
         <size>0x4</size>
         <input_file_ref idref="fl-77"/>
      </object_component>
      <object_component id="oc-c3a">
         <name>.stack</name>
         <uninitialized>true</uninitialized>
         <run_address>0x2b60</run_address>
         <size>0x0</size>
      </object_component>
      <object_component id="oc-90">
         <name>.int18</name>
         <load_address>0xffb4</load_address>
         <run_address>0xffb4</run_address>
         <size>0x2</size>
         <input_file_ref idref="fl-2b"/>
      </object_component>
      <object_component id="oc-91">
         <name>.int19</name>
         <load_address>0xffb6</load_address>
         <run_address>0xffb6</run_address>
         <size>0x2</size>
         <input_file_ref idref="fl-2d"/>
      </object_component>
      <object_component id="oc-92">
         <name>.int20</name>
         <load_address>0xffb8</load_address>
         <run_address>0xffb8</run_address>
         <size>0x2</size>
         <input_file_ref idref="fl-2e"/>
      </object_component>
      <object_component id="oc-93">
         <name>.int21</name>
         <load_address>0xffba</load_address>
         <run_address>0xffba</run_address>
         <size>0x2</size>
         <input_file_ref idref="fl-2f"/>
      </object_component>
      <object_component id="oc-94">
         <name>.int22</name>
         <load_address>0xffbc</load_address>
         <run_address>0xffbc</run_address>
         <size>0x2</size>
         <input_file_ref idref="fl-30"/>
      </object_component>
      <object_component id="oc-95">
         <name>.int23</name>
         <load_address>0xffbe</load_address>
         <run_address>0xffbe</run_address>
         <size>0x2</size>
         <input_file_ref idref="fl-31"/>
      </object_component>
      <object_component id="oc-96">
         <name>.int24</name>
         <load_address>0xffc0</load_address>
         <run_address>0xffc0</run_address>
         <size>0x2</size>
         <input_file_ref idref="fl-32"/>
      </object_component>
      <object_component id="oc-97">
         <name>.int25</name>
         <load_address>0xffc2</load_address>
         <run_address>0xffc2</run_address>
         <size>0x2</size>
         <input_file_ref idref="fl-33"/>
      </object_component>
      <object_component id="oc-98">
         <name>.int26</name>
         <load_address>0xffc4</load_address>
         <run_address>0xffc4</run_address>
         <size>0x2</size>
         <input_file_ref idref="fl-34"/>
      </object_component>
      <object_component id="oc-99">
         <name>.int27</name>
         <load_address>0xffc6</load_address>
         <run_address>0xffc6</run_address>
         <size>0x2</size>
         <input_file_ref idref="fl-35"/>
      </object_component>
      <object_component id="oc-9a">
         <name>.int28</name>
         <load_address>0xffc8</load_address>
         <run_address>0xffc8</run_address>
         <size>0x2</size>
         <input_file_ref idref="fl-36"/>
      </object_component>
      <object_component id="oc-9b">
         <name>.int29</name>
         <load_address>0xffca</load_address>
         <run_address>0xffca</run_address>
         <size>0x2</size>
         <input_file_ref idref="fl-37"/>
      </object_component>
      <object_component id="oc-9c">
         <name>.int30</name>
         <load_address>0xffcc</load_address>
         <run_address>0xffcc</run_address>
         <size>0x2</size>
         <input_file_ref idref="fl-38"/>
      </object_component>
      <object_component id="oc-9d">
         <name>.int31</name>
         <load_address>0xffce</load_address>
         <run_address>0xffce</run_address>
         <size>0x2</size>
         <input_file_ref idref="fl-39"/>
      </object_component>
      <object_component id="oc-9e">
         <name>.int32</name>
         <load_address>0xffd0</load_address>
         <run_address>0xffd0</run_address>
         <size>0x2</size>
         <input_file_ref idref="fl-3a"/>
      </object_component>
      <object_component id="oc-9f">
         <name>.int33</name>
         <load_address>0xffd2</load_address>
         <run_address>0xffd2</run_address>
         <size>0x2</size>
         <input_file_ref idref="fl-3b"/>
      </object_component>
      <object_component id="oc-a0">
         <name>.int34</name>
         <load_address>0xffd4</load_address>
         <run_address>0xffd4</run_address>
         <size>0x2</size>
         <input_file_ref idref="fl-3c"/>
      </object_component>
      <object_component id="oc-a1">
         <name>.int35</name>
         <load_address>0xffd6</load_address>
         <run_address>0xffd6</run_address>
         <size>0x2</size>
         <input_file_ref idref="fl-3d"/>
      </object_component>
      <object_component id="oc-a2">
         <name>.int36</name>
         <load_address>0xffd8</load_address>
         <run_address>0xffd8</run_address>
         <size>0x2</size>
         <input_file_ref idref="fl-3e"/>
      </object_component>
      <object_component id="oc-a3">
         <name>.int37</name>
         <load_address>0xffda</load_address>
         <run_address>0xffda</run_address>
         <size>0x2</size>
         <input_file_ref idref="fl-3f"/>
      </object_component>
      <object_component id="oc-a4">
         <name>.int38</name>
         <load_address>0xffdc</load_address>
         <run_address>0xffdc</run_address>
         <size>0x2</size>
         <input_file_ref idref="fl-40"/>
      </object_component>
      <object_component id="oc-a5">
         <name>.int39</name>
         <load_address>0xffde</load_address>
         <run_address>0xffde</run_address>
         <size>0x2</size>
         <input_file_ref idref="fl-41"/>
      </object_component>
      <object_component id="oc-a6">
         <name>.int40</name>
         <load_address>0xffe0</load_address>
         <run_address>0xffe0</run_address>
         <size>0x2</size>
         <input_file_ref idref="fl-42"/>
      </object_component>
      <object_component id="oc-a7">
         <name>.int41</name>
         <load_address>0xffe2</load_address>
         <run_address>0xffe2</run_address>
         <size>0x2</size>
         <input_file_ref idref="fl-43"/>
      </object_component>
      <object_component id="oc-a8">
         <name>.int42</name>
         <load_address>0xffe4</load_address>
         <run_address>0xffe4</run_address>
         <size>0x2</size>
         <input_file_ref idref="fl-44"/>
      </object_component>
      <object_component id="oc-a9">
         <name>.int43</name>
         <load_address>0xffe6</load_address>
         <run_address>0xffe6</run_address>
         <size>0x2</size>
         <input_file_ref idref="fl-45"/>
      </object_component>
      <object_component id="oc-aa">
         <name>.int44</name>
         <load_address>0xffe8</load_address>
         <run_address>0xffe8</run_address>
         <size>0x2</size>
         <input_file_ref idref="fl-46"/>
      </object_component>
      <object_component id="oc-ab">
         <name>.int45</name>
         <load_address>0xffea</load_address>
         <run_address>0xffea</run_address>
         <size>0x2</size>
         <input_file_ref idref="fl-47"/>
      </object_component>
      <object_component id="oc-ac">
         <name>.int46</name>
         <load_address>0xffec</load_address>
         <run_address>0xffec</run_address>
         <size>0x2</size>
         <input_file_ref idref="fl-48"/>
      </object_component>
      <object_component id="oc-ad">
         <name>.int47</name>
         <load_address>0xffee</load_address>
         <run_address>0xffee</run_address>
         <size>0x2</size>
         <input_file_ref idref="fl-49"/>
      </object_component>
      <object_component id="oc-ae">
         <name>.int48</name>
         <load_address>0xfff0</load_address>
         <run_address>0xfff0</run_address>
         <size>0x2</size>
         <input_file_ref idref="fl-4a"/>
      </object_component>
      <object_component id="oc-af">
         <name>.int49</name>
         <load_address>0xfff2</load_address>
         <run_address>0xfff2</run_address>
         <size>0x2</size>
         <input_file_ref idref="fl-4b"/>
      </object_component>
[...]
         <name>__mspabi_mpyf</name>
         <value>0x13dc6</value>
         <object_component_ref idref="oc-8db"/>
      </symbol>
      <symbol id="sm-ae2">
         <name>__mspabi_mpyi_f5hw</name>
         <value>0x15306</value>
         <object_component_ref idref="oc-7d7"/>
      </symbol>
      <symbol id="sm-aeb">
         <name>__mspabi_mpyl_f5hw</name>
         <value>0x1526c</value>
         <object_component_ref idref="oc-a4a"/>
      </symbol>
      <symbol id="sm-afe">
         <name>__mspabi_slll_9</name>
         <value>0x14efa</value>
         <object_component_ref idref="oc-8e8"/>
      </symbol>
      <symbol id="sm-aff">
         <name>__mspabi_slll_8</name>
         <value>0x14efe</value>
         <object_component_ref idref="oc-8e8"/>
      </symbol>
      <symbol id="sm-b00">
         <name>__mspabi_slll_7</name>
         <value>0x14f02</value>
         <object_component_ref idref="oc-8e8"/>
      </symbol>
      <symbol id="sm-b01">
         <name>__mspabi_slll_6</name>
         <value>0x14f06</value>
         <object_component_ref idref="oc-8e8"/>
      </symbol>
      <symbol id="sm-b02">
         <name>__mspabi_slll_5</name>
         <value>0x14f0a</value>
         <object_component_ref idref="oc-8e8"/>
      </symbol>
      <symbol id="sm-b03">
         <name>__mspabi_slll_4</name>
         <value>0x14f0e</value>
         <object_component_ref idref="oc-8e8"/>
      </symbol>
      <symbol id="sm-b04">
         <name>__mspabi_slll_3</name>
         <value>0x14f12</value>
         <object_component_ref idref="oc-8e8"/>
      </symbol>
      <symbol id="sm-b05">
         <name>__mspabi_slll_2</name>
         <value>0x14f16</value>
         <object_component_ref idref="oc-8e8"/>
      </symbol>
      <symbol id="sm-b06">
         <name>__mspabi_slll_1</name>
         <value>0x14f1a</value>
         <object_component_ref idref="oc-8e8"/>
      </symbol>
      <symbol id="sm-b07">
         <name>__mspabi_slll</name>
         <value>0x153ce</value>
         <object_component_ref idref="oc-a53"/>
      </symbol>
      <symbol id="sm-b08">
         <name>__mspabi_slll_15</name>
         <value>0x14ee2</value>
         <object_component_ref idref="oc-8e8"/>
      </symbol>
      <symbol id="sm-b09">
         <name>__mspabi_slll_14</name>
         <value>0x14ee6</value>
         <object_component_ref idref="oc-8e8"/>
      </symbol>
      <symbol id="sm-b0a">
         <name>__mspabi_slll_13</name>
         <value>0x14eea</value>
         <object_component_ref idref="oc-8e8"/>
      </symbol>
      <symbol id="sm-b0b">
         <name>__mspabi_slll_12</name>
         <value>0x14eee</value>
         <object_component_ref idref="oc-8e8"/>
      </symbol>
      <symbol id="sm-b0c">
         <name>__mspabi_slll_11</name>
         <value>0x14ef2</value>
         <object_component_ref idref="oc-8e8"/>
      </symbol>
      <symbol id="sm-b0d">
         <name>__mspabi_slll_10</name>
         <value>0x14ef6</value>
         <object_component_ref idref="oc-8e8"/>
      </symbol>
      <symbol id="sm-b16">
         <name>__mspabi_srai</name>
         <value>0x15412</value>
         <object_component_ref idref="oc-8cb"/>
      </symbol>
      <symbol id="sm-b26">
         <name>__mspabi_sral</name>
         <value>0x153be</value>
         <object_component_ref idref="oc-a5d"/>
      </symbol>
      <symbol id="sm-b27">
         <name>__mspabi_sral_15</name>
         <value>0x14ea4</value>
         <object_component_ref idref="oc-9fb"/>
      </symbol>
      <symbol id="sm-b28">
         <name>__mspabi_sral_14</name>
         <value>0x14ea8</value>
         <object_component_ref idref="oc-9fb"/>
      </symbol>
      <symbol id="sm-b29">
         <name>__mspabi_sral_13</name>
         <value>0x14eac</value>
         <object_component_ref idref="oc-9fb"/>
      </symbol>
      <symbol id="sm-b2a">
         <name>__mspabi_sral_12</name>
         <value>0x14eb0</value>
         <object_component_ref idref="oc-9fb"/>
      </symbol>
      <symbol id="sm-b2b">
         <name>__mspabi_sral_11</name>
         <value>0x14eb4</value>
         <object_component_ref idref="oc-9fb"/>
      </symbol>
      <symbol id="sm-b2c">
         <name>__mspabi_sral_10</name>
         <value>0x14eb8</value>
         <object_component_ref idref="oc-9fb"/>
      </symbol>
      <symbol id="sm-b2d">
         <name>__mspabi_sral_8</name>
         <value>0x14ec0</value>
         <object_component_ref idref="oc-9fb"/>
      </symbol>
      <symbol id="sm-b2e">
         <name>__mspabi_sral_9</name>
         <value>0x14ebc</value>
         <object_component_ref idref="oc-9fb"/>
      </symbol>
      <symbol id="sm-b2f">
         <name>__mspabi_sral_6</name>
         <value>0x14ec8</value>
         <object_component_ref idref="oc-9fb"/>
      </symbol>
      <symbol id="sm-b30">
         <name>__mspabi_sral_7</name>
         <value>0x14ec4</value>
         <object_component_ref idref="oc-9fb"/>
      </symbol>
      <symbol id="sm-b31">
         <name>__mspabi_sral_4</name>
         <value>0x14ed0</value>
         <object_component_ref idref="oc-9fb"/>
      </symbol>
      <symbol id="sm-b32">
         <name>__mspabi_sral_5</name>
         <value>0x14ecc</value>
         <object_component_ref idref="oc-9fb"/>
      </symbol>
      <symbol id="sm-b33">
         <name>__mspabi_sral_2</name>
         <value>0x14ed8</value>
         <object_component_ref idref="oc-9fb"/>
      </symbol>
      <symbol id="sm-b34">
         <name>__mspabi_sral_3</name>
         <value>0x14ed4</value>
         <object_component_ref idref="oc-9fb"/>
      </symbol>
      <symbol id="sm-b35">
         <name>__mspabi_sral_1</name>
         <value>0x14edc</value>
         <object_component_ref idref="oc-9fb"/>
      </symbol>
      <symbol id="sm-b45">
         <name>__mspabi_srll_8</name>
         <value>0x14f3c</value>
         <object_component_ref idref="oc-8ed"/>
      </symbol>
      <symbol id="sm-b46">
         <name>__mspabi_srll_9</name>
         <value>0x14f38</value>
         <object_component_ref idref="oc-8ed"/>
      </symbol>
      <symbol id="sm-b47">
         <name>__mspabi_srll_6</name>
         <value>0x14f44</value>
         <object_component_ref idref="oc-8ed"/>
      </symbol>
      <symbol id="sm-b48">
         <name>__mspabi_srll_7</name>
         <value>0x14f40</value>
         <object_component_ref idref="oc-8ed"/>
      </symbol>
      <symbol id="sm-b49">
         <name>__mspabi_srll_4</name>
         <value>0x14f4c</value>
         <object_component_ref idref="oc-8ed"/>
      </symbol>
      <symbol id="sm-b4a">
         <name>__mspabi_srll_5</name>
         <value>0x14f48</value>
         <object_component_ref idref="oc-8ed"/>
      </symbol>
      <symbol id="sm-b4b">
         <name>__mspabi_srll_2</name>
         <value>0x14f54</value>
         <object_component_ref idref="oc-8ed"/>
      </symbol>
      <symbol id="sm-b4c">
         <name>__mspabi_srll_3</name>
         <value>0x14f50</value>
         <object_component_ref idref="oc-8ed"/>
      </symbol>
      <symbol id="sm-b4d">
         <name>__mspabi_srll_1</name>
         <value>0x14f58</value>
         <object_component_ref idref="oc-8ed"/>
      </symbol>
      <symbol id="sm-b4e">
         <name>__mspabi_srll_15</name>
         <value>0x14f20</value>
         <object_component_ref idref="oc-8ed"/>
      </symbol>
      <symbol id="sm-b4f">
         <name>__mspabi_srll_14</name>
         <value>0x14f24</value>
         <object_component_ref idref="oc-8ed"/>
      </symbol>
      <symbol id="sm-b50">
         <name>__mspabi_srll_13</name>
         <value>0x14f28</value>
         <object_component_ref idref="oc-8ed"/>
      </symbol>
      <symbol id="sm-b51">
         <name>__mspabi_srll_12</name>
         <value>0x14f2c</value>
         <object_component_ref idref="oc-8ed"/>
      </symbol>
      <symbol id="sm-b52">
         <name>__mspabi_srll_11</name>
         <value>0x14f30</value>
         <object_component_ref idref="oc-8ed"/>
      </symbol>
      <symbol id="sm-b53">
         <name>__mspabi_srll_10</name>
         <value>0x14f34</value>
         <object_component_ref idref="oc-8ed"/>
      </symbol>
      <symbol id="sm-b54">
         <name>__mspabi_srll</name>
         <value>0x153de</value>
         <object_component_ref idref="oc-a58"/>
      </symbol>
      <symbol id="sm-b5e">
         <name>__mspabi_subd</name>
         <value>0x150e2</value>
         <object_component_ref idref="oc-94f"/>
      </symbol>
      <symbol id="sm-b66">
         <name>_stack</name>
         <value>0x2b60</value>
         <object_component_ref idref="oc-6d6"/>
      </symbol>
      <symbol id="sm-b67">
         <name>_reset_vector</name>
         <value>0xfffe</value>
         <object_component_ref idref="oc-6d9"/>
      </symbol>
      <symbol id="sm-b8a">
         <name>_auto_init_hold_wdt</name>
         <value>0x14414</value>
         <object_component_ref idref="oc-707"/>
      </symbol>
      <symbol id="sm-b94">
         <name>_c_int00_noargs</name>
         <value>0x5400</value>
         <object_component_ref idref="oc-c7"/>
      </symbol>
      <symbol id="sm-baa">
         <name>__TI_tmpnams</name>
         <value>0x1d98</value>
      </symbol>
      <symbol id="sm-bab">
         <name>_ftable</name>
         <value>0x1c00</value>
         <object_component_ref idref="oc-922"/>
      </symbol>
      <symbol id="sm-bac">
         <name>__TI_ft_end</name>
         <value>0x1d90</value>
         <object_component_ref idref="oc-b16"/>
      </symbol>
      <symbol id="sm-bb5">
         <name>_system_post_cinit</name>
         <value>0x1545a</value>
         <object_component_ref idref="oc-758"/>
      </symbol>
      <symbol id="sm-bbe">
         <name>_system_pre_init</name>
         <value>0x15454</value>
         <object_component_ref idref="oc-701"/>
      </symbol>
      <symbol id="sm-bdb">
         <name>C$$EXIT</name>
         <value>0x1542e</value>
         <object_component_ref idref="oc-729"/>
      </symbol>
      <symbol id="sm-bdc">
         <name>abort</name>
         <value>0x1542e</value>
         <object_component_ref idref="oc-729"/>
      </symbol>
      <symbol id="sm-bdd">
         <name>exit</name>
         <value>0x14cf6</value>
         <object_component_ref idref="oc-713"/>
      </symbol>
      <symbol id="sm-bde">
         <name>__TI_enable_exit_profile_output</name>
         <value>0x1d94</value>
         <object_component_ref idref="oc-767"/>
      </symbol>
      <symbol id="sm-bed">
         <name>__TI_dtors_ptr</name>
         <value>0x1d80</value>
         <object_component_ref idref="oc-76d"/>
      </symbol>
      <symbol id="sm-bee">
         <name>__TI_cleanup_ptr</name>
         <value>0x1d7c</value>
         <object_component_ref idref="oc-770"/>
      </symbol>
      <symbol id="sm-c04">
         <name>_nop</name>
         <value>0x15458</value>
         <object_component_ref idref="oc-7f4"/>
      </symbol>
      <symbol id="sm-c05">
         <name>_lock</name>
         <value>0x1d84</value>
         <object_component_ref idref="oc-76a"/>
      </symbol>
      <symbol id="sm-c06">
         <name>_unlock</name>
         <value>0x1d88</value>
         <object_component_ref idref="oc-773"/>
      </symbol>
      <symbol id="sm-c10">
         <name>abs</name>
         <value>0x15408</value>
         <object_component_ref idref="oc-8b9"/>
      </symbol>
      <symbol id="sm-c88">
         <name>_sys_memory</name>
         <value>0x4120</value>
         <object_component_ref idref="oc-6da"/>
      </symbol>
      <symbol id="sm-c89">
         <name>free</name>
         <value>0x14386</value>
         <object_component_ref idref="oc-83d"/>
      </symbol>
      <symbol id="sm-c8a">
         <name>realloc</name>
         <value>0x13224</value>
         <object_component_ref idref="oc-86e"/>
      </symbol>
      <symbol id="sm-c8b">
         <name>calloc</name>
         <value>0x151a4</value>
         <object_component_ref idref="oc-901"/>
      </symbol>
      <symbol id="sm-c8c">
         <name>malloc</name>
         <value>0x13d0a</value>
         <object_component_ref idref="oc-8f8"/>
      </symbol>
      <symbol id="sm-c8d">
         <name>minit</name>
         <value>0x14e62</value>
         <object_component_ref idref="oc-994"/>
      </symbol>
      <symbol id="sm-ca3">
         <name>copy_in</name>
         <value>0x149e0</value>
         <object_component_ref idref="oc-752"/>
      </symbol>
      <symbol id="sm-cc1">
         <name>fprintf</name>
         <value>0x14c0c</value>
         <object_component_ref idref="oc-925"/>
      </symbol>
      <symbol id="sm-d18">
         <name>__TI_printfi_minimal</name>
         <value>0x13b70</value>
         <object_component_ref idref="oc-97d"/>
      </symbol>
      <symbol id="sm-d2b">
         <name>putc</name>
         <value>0x14266</value>
         <object_component_ref idref="oc-a16"/>
      </symbol>
      <symbol id="sm-d2c">
         <name>fputc</name>
         <value>0x14266</value>
         <object_component_ref idref="oc-a16"/>
      </symbol>
      <symbol id="sm-d3d">
         <name>__TI_doflush</name>
         <value>0x14a46</value>
         <object_component_ref idref="oc-a80"/>
      </symbol>
      <symbol id="sm-d55">
         <name>__TI_wrt_ok</name>
         <value>0x14516</value>
         <object_component_ref idref="oc-a74"/>
      </symbol>
      <symbol id="sm-d6d">
         <name>fputs</name>
         <value>0x137ec</value>
         <object_component_ref idref="oc-a0f"/>
      </symbol>
      <symbol id="sm-d82">
         <name>fseek</name>
         <value>0x148a8</value>
         <object_component_ref idref="oc-ab5"/>
      </symbol>
      <symbol id="sm-dbb">
         <name>log</name>
         <value>0x1109c</value>
         <object_component_ref idref="oc-95b"/>
      </symbol>
      <symbol id="sm-dbc">
         <name>logl</name>
         <value>0x1109c</value>
         <object_component_ref idref="oc-95b"/>
      </symbol>
      <symbol id="sm-dc3">
         <name>errno</name>
         <value>0x1d92</value>
         <object_component_ref idref="oc-a06"/>
      </symbol>
      <symbol id="sm-dd6">
         <name>lseek</name>
         <value>0x14f5e</value>
         <object_component_ref idref="oc-adc"/>
      </symbol>
      <symbol id="sm-dee">
         <name>_stream</name>
         <value>0x1d40</value>
         <object_component_ref idref="oc-ac7"/>
      </symbol>
      <symbol id="sm-def">
         <name>_device</name>
         <value>0x1cc8</value>
         <object_component_ref idref="oc-af7"/>
      </symbol>
      <symbol id="sm-df0">
         <name>write</name>
         <value>0x14f9c</value>
         <object_component_ref idref="oc-a86"/>
      </symbol>
      <symbol id="sm-dfc">
         <name>HOSTclose</name>
         <value>0x14c5c</value>
         <object_component_ref idref="oc-b22"/>
      </symbol>
      <symbol id="sm-e08">
         <name>HOSTlseek</name>
         <value>0x13e7e</value>
         <object_component_ref idref="oc-b34"/>
      </symbol>
      <symbol id="sm-e16">
         <name>parmbuf</name>
         <value>0x1e42</value>
      </symbol>
      <symbol id="sm-e17">
         <name>HOSTopen</name>
         <value>0x146f4</value>
         <object_component_ref idref="oc-b1c"/>
      </symbol>
      <symbol id="sm-e24">
         <name>HOSTread</name>
         <value>0x1483e</value>
         <object_component_ref idref="oc-b28"/>
      </symbol>
      <symbol id="sm-e30">
         <name>HOSTrename</name>
         <value>0x1460c</value>
         <object_component_ref idref="oc-b40"/>
      </symbol>
      <symbol id="sm-e3c">
         <name>HOSTunlink</name>
         <value>0x14e1c</value>
         <object_component_ref idref="oc-b3a"/>
      </symbol>
      <symbol id="sm-e49">
         <name>HOSTwrite</name>
         <value>0x147d2</value>
         <object_component_ref idref="oc-b2e"/>
      </symbol>
      <symbol id="sm-e67">
         <name>__TI_readmsg</name>
         <value>0x150b0</value>
         <object_component_ref idref="oc-b64"/>
      </symbol>
      <symbol id="sm-e68">
         <name>C$$IO$$</name>
         <value>0x15040</value>
         <object_component_ref idref="oc-b5e"/>
      </symbol>
      <symbol id="sm-e69">
         <name>_CIOBUF_</name>
         <value>0x4000</value>
         <object_component_ref idref="oc-b85"/>
      </symbol>
      <symbol id="sm-e6a">
         <name>__TI_writemsg</name>
         <value>0x1500e</value>
         <object_component_ref idref="oc-b5e"/>
      </symbol>
      <symbol id="sm-e79">
         <name>memccpy</name>
         <value>0x152b0</value>
         <object_component_ref idref="oc-a9d"/>
      </symbol>
      <symbol id="sm-e88">
         <name>memchr</name>
         <value>0x1531e</value>
         <object_component_ref idref="oc-a7a"/>
      </symbol>
      <symbol id="sm-e96">
         <name>memcpy</name>
         <value>0x15374</value>
         <object_component_ref idref="oc-6e8"/>
      </symbol>
      <symbol id="sm-ea5">
         <name>memset</name>
         <value>0x15334</value>
         <object_component_ref idref="oc-a90"/>
      </symbol>
      <symbol id="sm-ec3">
         <name>printf</name>
         <value>0x14d40</value>
         <object_component_ref idref="oc-8c0"/>
      </symbol>
      <symbol id="sm-edb">
         <name>setvbuf</name>
         <value>0x138dc</value>
         <object_component_ref idref="oc-abb"/>
      </symbol>
      <symbol id="sm-ee7">
         <name>__TI_cleanup</name>
         <value>0x14fd8</value>
         <object_component_ref idref="oc-ae4"/>
      </symbol>
      <symbol id="sm-ef8">
         <name>__TI_closefile</name>
         <value>0x14680</value>
         <object_component_ref idref="oc-b10"/>
      </symbol>
      <symbol id="sm-f0a">
         <name>close</name>
         <value>0x14aaa</value>
         <object_component_ref idref="oc-b4a"/>
      </symbol>
      <symbol id="sm-f2a">
         <name>finddevice</name>
         <value>0x15176</value>
         <object_component_ref idref="oc-ba5"/>
      </symbol>
      <symbol id="sm-f2b">
         <name>getdevice</name>
         <value>0x14b04</value>
         <object_component_ref idref="oc-b79"/>
      </symbol>
      <symbol id="sm-f3b">
         <name>strchr</name>
         <value>0x152ce</value>
         <object_component_ref idref="oc-b99"/>
      </symbol>
      <symbol id="sm-f49">
         <name>strcmp</name>
         <value>0x152ea</value>
         <object_component_ref idref="oc-bbc"/>
      </symbol>
      <symbol id="sm-f56">
         <name>strcpy</name>
         <value>0x153ac</value>
         <object_component_ref idref="oc-910"/>
      </symbol>
      <symbol id="sm-f63">
         <name>strlen</name>
         <value>0x153ee</value>
         <object_component_ref idref="oc-91c"/>
      </symbol>
      <symbol id="sm-f73">
         <name>strncpy</name>
         <value>0x15114</value>
         <object_component_ref idref="oc-b9f"/>
      </symbol>
      <symbol id="sm-f7f">
         <name>unlink</name>
         <value>0x15146</value>
         <object_component_ref idref="oc-b51"/>
      </symbol>
      <symbol id="sm-fa6">
         <name>vsnprintf</name>
         <value>0x14bb6</value>
         <object_component_ref idref="oc-916"/>
      </symbol>
      <symbol id="sm-fab">
         <name>__TI_BINIT_Base</name>
         <value>0x0</value>
      </symbol>
      <symbol id="sm-fac">
         <name>__TI_BINIT_Limit</name>
         <value>0x0</value>
      </symbol>
      <symbol id="sm-fad">
         <name>__TI_INITARRAY_Base</name>
         <value>0x0</value>
      </symbol>
      <symbol id="sm-fae">
         <name>__TI_INITARRAY_Limit</name>
         <value>0x0</value>
      </symbol>
      <symbol id="sm-faf">
         <name>remove</name>
         <value>0x15146</value>
      </symbol>
   </symbol_table>
   <title>Link successful</title>
</link_info>
